Archive member included to satisfy reference by file (symbol)

.\CortexM0\ARM_GCC_541\Debug\Braille_device.a(CyLib.o)
                              .\CortexM0\ARM_GCC_541\Debug\cyfitter_cfg.o (CySysClkWriteImoFreq)
.\CortexM0\ARM_GCC_541\Debug\Braille_device.a(CyLFClk.o)
                              .\CortexM0\ARM_GCC_541\Debug\cyfitter_cfg.o (CySysClkWcoStart)
.\CortexM0\ARM_GCC_541\Debug\Braille_device.a(MOTOR_1_DIR.o)
                              .\CortexM0\ARM_GCC_541\Debug\motor_controller.o (MOTOR_1_DIR_Write)
.\CortexM0\ARM_GCC_541\Debug\Braille_device.a(MOTOR_1_STEP.o)
                              .\CortexM0\ARM_GCC_541\Debug\motor_controller.o (MOTOR_1_STEP_Write)
.\CortexM0\ARM_GCC_541\Debug\Braille_device.a(MOTOR_2_DIR.o)
                              .\CortexM0\ARM_GCC_541\Debug\motor_controller.o (MOTOR_2_DIR_Write)
.\CortexM0\ARM_GCC_541\Debug\Braille_device.a(MOTOR_2_STEP.o)
                              .\CortexM0\ARM_GCC_541\Debug\motor_controller.o (MOTOR_2_STEP_Write)
.\CortexM0\ARM_GCC_541\Debug\Braille_device.a(LCD_E.o)
                              .\CortexM0\ARM_GCC_541\Debug\LCD.o (LCD_E_Write)
.\CortexM0\ARM_GCC_541\Debug\Braille_device.a(LCD_RS.o)
                              .\CortexM0\ARM_GCC_541\Debug\LCD.o (LCD_RS_Write)
.\CortexM0\ARM_GCC_541\Debug\Braille_device.a(LCD_D4.o)
                              .\CortexM0\ARM_GCC_541\Debug\LCD.o (LCD_D4_Write)
.\CortexM0\ARM_GCC_541\Debug\Braille_device.a(LCD_D5.o)
                              .\CortexM0\ARM_GCC_541\Debug\LCD.o (LCD_D5_Write)
.\CortexM0\ARM_GCC_541\Debug\Braille_device.a(LCD_D7.o)
                              .\CortexM0\ARM_GCC_541\Debug\LCD.o (LCD_D7_Write)
.\CortexM0\ARM_GCC_541\Debug\Braille_device.a(LCD_D6.o)
                              .\CortexM0\ARM_GCC_541\Debug\LCD.o (LCD_D6_Write)
.\CortexM0\ARM_GCC_541\Debug\Braille_device.a(MOTORS_EN.o)
                              .\CortexM0\ARM_GCC_541\Debug\motor_controller.o (MOTORS_EN_Write)
.\CortexM0\ARM_GCC_541\Debug\Braille_device.a(CyBootAsmGnu.o)
                              .\CortexM0\ARM_GCC_541\Debug\Braille_device.a(CyLib.o) (CyDelayCycles)
c:/program files (x86)/cypress/psoc creator/4.4/psoc creator/import/gnu/arm/5.4.1/bin/../lib/gcc/arm-none-eabi/5.4.1/armv6-m\libgcc.a(_udivsi3.o)
                              .\CortexM0\ARM_GCC_541\Debug\Braille_device.a(CyLib.o) (__aeabi_uidiv)
c:/program files (x86)/cypress/psoc creator/4.4/psoc creator/import/gnu/arm/5.4.1/bin/../lib/gcc/arm-none-eabi/5.4.1/armv6-m\libgcc.a(_divsi3.o)
                              .\CortexM0\ARM_GCC_541\Debug\Braille_device.a(CyLFClk.o) (__aeabi_idiv)
c:/program files (x86)/cypress/psoc creator/4.4/psoc creator/import/gnu/arm/5.4.1/bin/../lib/gcc/arm-none-eabi/5.4.1/armv6-m\libgcc.a(_dvmd_tls.o)
                              c:/program files (x86)/cypress/psoc creator/4.4/psoc creator/import/gnu/arm/5.4.1/bin/../lib/gcc/arm-none-eabi/5.4.1/armv6-m\libgcc.a(_udivsi3.o) (__aeabi_idiv0)
c:/program files (x86)/cypress/psoc creator/4.4/psoc creator/import/gnu/arm/5.4.1/bin/../lib/gcc/arm-none-eabi/5.4.1/../../../../arm-none-eabi/lib/armv6-m\libg_nano.a(lib_a-ctype_.o)
                              .\CortexM0\ARM_GCC_541\Debug\motor_controller.o (__ctype_ptr__)
c:/program files (x86)/cypress/psoc creator/4.4/psoc creator/import/gnu/arm/5.4.1/bin/../lib/gcc/arm-none-eabi/5.4.1/../../../../arm-none-eabi/lib/armv6-m\libg_nano.a(lib_a-errno.o)
                              .\CortexM0\ARM_GCC_541\Debug\Cm0Start.o (__errno)
c:/program files (x86)/cypress/psoc creator/4.4/psoc creator/import/gnu/arm/5.4.1/bin/../lib/gcc/arm-none-eabi/5.4.1/../../../../arm-none-eabi/lib/armv6-m\libg_nano.a(lib_a-exit.o)
                              c:/program files (x86)/cypress/psoc creator/4.4/psoc creator/import/gnu/arm/5.4.1/bin/../lib/gcc/arm-none-eabi/5.4.1/../../../../arm-none-eabi/lib/armv6-m/crt0.o (exit)
c:/program files (x86)/cypress/psoc creator/4.4/psoc creator/import/gnu/arm/5.4.1/bin/../lib/gcc/arm-none-eabi/5.4.1/../../../../arm-none-eabi/lib/armv6-m\libg_nano.a(lib_a-impure.o)
                              c:/program files (x86)/cypress/psoc creator/4.4/psoc creator/import/gnu/arm/5.4.1/bin/../lib/gcc/arm-none-eabi/5.4.1/../../../../arm-none-eabi/lib/armv6-m\libg_nano.a(lib_a-exit.o) (_global_impure_ptr)
c:/program files (x86)/cypress/psoc creator/4.4/psoc creator/import/gnu/arm/5.4.1/bin/../lib/gcc/arm-none-eabi/5.4.1/../../../../arm-none-eabi/lib/armv6-m\libg_nano.a(lib_a-init.o)
                              c:/program files (x86)/cypress/psoc creator/4.4/psoc creator/import/gnu/arm/5.4.1/bin/../lib/gcc/arm-none-eabi/5.4.1/../../../../arm-none-eabi/lib/armv6-m/crt0.o (__libc_init_array)
c:/program files (x86)/cypress/psoc creator/4.4/psoc creator/import/gnu/arm/5.4.1/bin/../lib/gcc/arm-none-eabi/5.4.1/../../../../arm-none-eabi/lib/armv6-m\libg_nano.a(lib_a-memcpy-stub.o)
                              .\CortexM0\ARM_GCC_541\Debug\LCD.o (memcpy)
c:/program files (x86)/cypress/psoc creator/4.4/psoc creator/import/gnu/arm/5.4.1/bin/../lib/gcc/arm-none-eabi/5.4.1/../../../../arm-none-eabi/lib/armv6-m\libg_nano.a(lib_a-memset.o)
                              c:/program files (x86)/cypress/psoc creator/4.4/psoc creator/import/gnu/arm/5.4.1/bin/../lib/gcc/arm-none-eabi/5.4.1/../../../../arm-none-eabi/lib/armv6-m/crt0.o (memset)

Discarded input sections

 .text          0x00000000        0x0 c:/program files (x86)/cypress/psoc creator/4.4/psoc creator/import/gnu/arm/5.4.1/bin/../lib/gcc/arm-none-eabi/5.4.1/armv6-m/crti.o
 .data          0x00000000        0x0 c:/program files (x86)/cypress/psoc creator/4.4/psoc creator/import/gnu/arm/5.4.1/bin/../lib/gcc/arm-none-eabi/5.4.1/armv6-m/crti.o
 .bss           0x00000000        0x0 c:/program files (x86)/cypress/psoc creator/4.4/psoc creator/import/gnu/arm/5.4.1/bin/../lib/gcc/arm-none-eabi/5.4.1/armv6-m/crti.o
 .data          0x00000000        0x4 c:/program files (x86)/cypress/psoc creator/4.4/psoc creator/import/gnu/arm/5.4.1/bin/../lib/gcc/arm-none-eabi/5.4.1/armv6-m/crtbegin.o
 .text          0x00000000       0x78 c:/program files (x86)/cypress/psoc creator/4.4/psoc creator/import/gnu/arm/5.4.1/bin/../lib/gcc/arm-none-eabi/5.4.1/../../../../arm-none-eabi/lib/armv6-m/crt0.o
 .data          0x00000000        0x0 c:/program files (x86)/cypress/psoc creator/4.4/psoc creator/import/gnu/arm/5.4.1/bin/../lib/gcc/arm-none-eabi/5.4.1/../../../../arm-none-eabi/lib/armv6-m/crt0.o
 .bss           0x00000000        0x0 c:/program files (x86)/cypress/psoc creator/4.4/psoc creator/import/gnu/arm/5.4.1/bin/../lib/gcc/arm-none-eabi/5.4.1/../../../../arm-none-eabi/lib/armv6-m/crt0.o
 .ARM.extab     0x00000000        0x0 c:/program files (x86)/cypress/psoc creator/4.4/psoc creator/import/gnu/arm/5.4.1/bin/../lib/gcc/arm-none-eabi/5.4.1/../../../../arm-none-eabi/lib/armv6-m/crt0.o
 .ARM.exidx     0x00000000        0x8 c:/program files (x86)/cypress/psoc creator/4.4/psoc creator/import/gnu/arm/5.4.1/bin/../lib/gcc/arm-none-eabi/5.4.1/../../../../arm-none-eabi/lib/armv6-m/crt0.o
 .text          0x00000000        0x0 .\CortexM0\ARM_GCC_541\Debug\main.o
 .data          0x00000000        0x0 .\CortexM0\ARM_GCC_541\Debug\main.o
 .bss           0x00000000        0x0 .\CortexM0\ARM_GCC_541\Debug\main.o
 .text          0x00000000        0x0 .\CortexM0\ARM_GCC_541\Debug\char_to_braille.o
 .data          0x00000000        0x0 .\CortexM0\ARM_GCC_541\Debug\char_to_braille.o
 .bss           0x00000000        0x0 .\CortexM0\ARM_GCC_541\Debug\char_to_braille.o
 .text.text_to_lcd_braille
                0x00000000       0x88 .\CortexM0\ARM_GCC_541\Debug\char_to_braille.o
 .text.test_text_to_lcd_braille
                0x00000000       0x44 .\CortexM0\ARM_GCC_541\Debug\char_to_braille.o
 .text          0x00000000        0x0 .\CortexM0\ARM_GCC_541\Debug\motor_controller.o
 .data          0x00000000        0x0 .\CortexM0\ARM_GCC_541\Debug\motor_controller.o
 .text.MotorController_SetRail
                0x00000000       0x20 .\CortexM0\ARM_GCC_541\Debug\motor_controller.o
 .text.MotorController_MoveToPos
                0x00000000       0xd8 .\CortexM0\ARM_GCC_541\Debug\motor_controller.o
 .text          0x00000000        0x0 .\CortexM0\ARM_GCC_541\Debug\LCD.o
 .data          0x00000000        0x0 .\CortexM0\ARM_GCC_541\Debug\LCD.o
 .bss           0x00000000        0x0 .\CortexM0\ARM_GCC_541\Debug\LCD.o
 .text.LCD_print_braille
                0x00000000       0xcc .\CortexM0\ARM_GCC_541\Debug\LCD.o
 .rodata        0x00000000        0x8 .\CortexM0\ARM_GCC_541\Debug\LCD.o
 .text.LCD_braille_char
                0x00000000       0x5c .\CortexM0\ARM_GCC_541\Debug\LCD.o
 .text          0x00000000        0x0 .\CortexM0\ARM_GCC_541\Debug\cyfitter_cfg.o
 .data          0x00000000        0x0 .\CortexM0\ARM_GCC_541\Debug\cyfitter_cfg.o
 .bss           0x00000000        0x0 .\CortexM0\ARM_GCC_541\Debug\cyfitter_cfg.o
 .text.CYCONFIGCPY
                0x00000000       0x20 .\CortexM0\ARM_GCC_541\Debug\cyfitter_cfg.o
 .text.CYCONFIGCPYCODE
                0x00000000       0x20 .\CortexM0\ARM_GCC_541\Debug\cyfitter_cfg.o
 .text          0x00000000        0x0 .\CortexM0\ARM_GCC_541\Debug\cymetadata.o
 .data          0x00000000        0x0 .\CortexM0\ARM_GCC_541\Debug\cymetadata.o
 .bss           0x00000000        0x0 .\CortexM0\ARM_GCC_541\Debug\cymetadata.o
 .text          0x00000000        0x0 .\CortexM0\ARM_GCC_541\Debug\Cm0Start.o
 .data          0x00000000        0x4 .\CortexM0\ARM_GCC_541\Debug\Cm0Start.o
 .bss           0x00000000        0x0 .\CortexM0\ARM_GCC_541\Debug\Cm0Start.o
 .text._exit    0x00000000       0x14 .\CortexM0\ARM_GCC_541\Debug\Cm0Start.o
 .text._sbrk    0x00000000       0x50 .\CortexM0\ARM_GCC_541\Debug\Cm0Start.o
 .text          0x00000000        0x0 .\CortexM0\ARM_GCC_541\Debug\Braille_device.a(CyLib.o)
 .bss           0x00000000       0x18 .\CortexM0\ARM_GCC_541\Debug\Braille_device.a(CyLib.o)
 .text.CySysClkImoStart
                0x00000000       0x1c .\CortexM0\ARM_GCC_541\Debug\Braille_device.a(CyLib.o)
 .text.CySysClkImoStop
                0x00000000       0x1c .\CortexM0\ARM_GCC_541\Debug\Braille_device.a(CyLib.o)
 .text.CySysClkWriteHfclkDirect
                0x00000000       0x48 .\CortexM0\ARM_GCC_541\Debug\Braille_device.a(CyLib.o)
 .text.CySysEnablePumpClock
                0x00000000       0x50 .\CortexM0\ARM_GCC_541\Debug\Braille_device.a(CyLib.o)
 .text.CySysClkGetSysclkSource
                0x00000000       0x34 .\CortexM0\ARM_GCC_541\Debug\Braille_device.a(CyLib.o)
 .text.CySysClkWriteSysclkDiv
                0x00000000       0x48 .\CortexM0\ARM_GCC_541\Debug\Braille_device.a(CyLib.o)
 .text.CySysClkEcoStop
                0x00000000       0x30 .\CortexM0\ARM_GCC_541\Debug\Braille_device.a(CyLib.o)
 .text.CySysClkWriteEcoDiv
                0x00000000       0x58 .\CortexM0\ARM_GCC_541\Debug\Braille_device.a(CyLib.o)
 .text.CySysLvdEnable
                0x00000000       0x64 .\CortexM0\ARM_GCC_541\Debug\Braille_device.a(CyLib.o)
 .text.CySysLvdDisable
                0x00000000       0x2c .\CortexM0\ARM_GCC_541\Debug\Braille_device.a(CyLib.o)
 .text.CySysLvdGetInterruptSource
                0x00000000       0x18 .\CortexM0\ARM_GCC_541\Debug\Braille_device.a(CyLib.o)
 .text.CySysLvdClearInterrupt
                0x00000000       0x14 .\CortexM0\ARM_GCC_541\Debug\Braille_device.a(CyLib.o)
 .text.CySysGetResetReason
                0x00000000       0x30 .\CortexM0\ARM_GCC_541\Debug\Braille_device.a(CyLib.o)
 .text.CyDisableInts
                0x00000000       0x24 .\CortexM0\ARM_GCC_541\Debug\Braille_device.a(CyLib.o)
 .text.CyEnableInts
                0x00000000       0x1c .\CortexM0\ARM_GCC_541\Debug\Braille_device.a(CyLib.o)
 .text.CyIntSetSysVector
                0x00000000       0x48 .\CortexM0\ARM_GCC_541\Debug\Braille_device.a(CyLib.o)
 .text.CyIntGetSysVector
                0x00000000       0x34 .\CortexM0\ARM_GCC_541\Debug\Braille_device.a(CyLib.o)
 .text.CyIntSetVector
                0x00000000       0x4c .\CortexM0\ARM_GCC_541\Debug\Braille_device.a(CyLib.o)
 .text.CyIntGetVector
                0x00000000       0x38 .\CortexM0\ARM_GCC_541\Debug\Braille_device.a(CyLib.o)
 .text.CyIntSetPriority
                0x00000000       0xa8 .\CortexM0\ARM_GCC_541\Debug\Braille_device.a(CyLib.o)
 .text.CyIntGetPriority
                0x00000000       0x58 .\CortexM0\ARM_GCC_541\Debug\Braille_device.a(CyLib.o)
 .text.CyIntEnable
                0x00000000       0x2c .\CortexM0\ARM_GCC_541\Debug\Braille_device.a(CyLib.o)
 .text.CyIntGetState
                0x00000000       0x30 .\CortexM0\ARM_GCC_541\Debug\Braille_device.a(CyLib.o)
 .text.CyIntDisable
                0x00000000       0x2c .\CortexM0\ARM_GCC_541\Debug\Braille_device.a(CyLib.o)
 .text.CyIntSetPending
                0x00000000       0x2c .\CortexM0\ARM_GCC_541\Debug\Braille_device.a(CyLib.o)
 .text.CyIntClearPending
                0x00000000       0x2c .\CortexM0\ARM_GCC_541\Debug\Braille_device.a(CyLib.o)
 .text.CySoftwareReset
                0x00000000       0x24 .\CortexM0\ARM_GCC_541\Debug\Braille_device.a(CyLib.o)
 .text.CyDelayFreq
                0x00000000       0x84 .\CortexM0\ARM_GCC_541\Debug\Braille_device.a(CyLib.o)
 .text.CySysTickStart
                0x00000000       0x24 .\CortexM0\ARM_GCC_541\Debug\Braille_device.a(CyLib.o)
 .text.CySysTickInit
                0x00000000       0x60 .\CortexM0\ARM_GCC_541\Debug\Braille_device.a(CyLib.o)
 .text.CySysTickEnable
                0x00000000       0x20 .\CortexM0\ARM_GCC_541\Debug\Braille_device.a(CyLib.o)
 .text.CySysTickStop
                0x00000000       0x1c .\CortexM0\ARM_GCC_541\Debug\Braille_device.a(CyLib.o)
 .text.CySysTickEnableInterrupt
                0x00000000       0x1c .\CortexM0\ARM_GCC_541\Debug\Braille_device.a(CyLib.o)
 .text.CySysTickDisableInterrupt
                0x00000000       0x1c .\CortexM0\ARM_GCC_541\Debug\Braille_device.a(CyLib.o)
 .text.CySysTickSetReload
                0x00000000       0x20 .\CortexM0\ARM_GCC_541\Debug\Braille_device.a(CyLib.o)
 .text.CySysTickGetReload
                0x00000000       0x18 .\CortexM0\ARM_GCC_541\Debug\Braille_device.a(CyLib.o)
 .text.CySysTickGetValue
                0x00000000       0x18 .\CortexM0\ARM_GCC_541\Debug\Braille_device.a(CyLib.o)
 .text.CySysTickSetClockSource
                0x00000000       0x34 .\CortexM0\ARM_GCC_541\Debug\Braille_device.a(CyLib.o)
 .text.CySysTickGetClockSource
                0x00000000       0x18 .\CortexM0\ARM_GCC_541\Debug\Braille_device.a(CyLib.o)
 .text.CySysTickGetCountFlag
                0x00000000       0x18 .\CortexM0\ARM_GCC_541\Debug\Braille_device.a(CyLib.o)
 .text.CySysTickClear
                0x00000000       0x14 .\CortexM0\ARM_GCC_541\Debug\Braille_device.a(CyLib.o)
 .text.CySysTickSetCallback
                0x00000000       0x2c .\CortexM0\ARM_GCC_541\Debug\Braille_device.a(CyLib.o)
 .text.CySysTickGetCallback
                0x00000000       0x1c .\CortexM0\ARM_GCC_541\Debug\Braille_device.a(CyLib.o)
 .text.CySysTickServiceCallbacks
                0x00000000       0x44 .\CortexM0\ARM_GCC_541\Debug\Braille_device.a(CyLib.o)
 .text.CyGetUniqueId
                0x00000000       0xc0 .\CortexM0\ARM_GCC_541\Debug\Braille_device.a(CyLib.o)
 .text.CySysSetRamAccessArbPriority
                0x00000000       0x38 .\CortexM0\ARM_GCC_541\Debug\Braille_device.a(CyLib.o)
 .text.CySysSetFlashAccessArbPriority
                0x00000000       0x38 .\CortexM0\ARM_GCC_541\Debug\Braille_device.a(CyLib.o)
 .text.CySysSetDmacAccessArbPriority
                0x00000000       0x38 .\CortexM0\ARM_GCC_541\Debug\Braille_device.a(CyLib.o)
 .text.CySysSetPeripheralAccessArbPriority
                0x00000000       0xa0 .\CortexM0\ARM_GCC_541\Debug\Braille_device.a(CyLib.o)
 .text          0x00000000        0x0 .\CortexM0\ARM_GCC_541\Debug\Braille_device.a(CyLFClk.o)
 .data          0x00000000        0x8 .\CortexM0\ARM_GCC_541\Debug\Braille_device.a(CyLFClk.o)
 .bss           0x00000000       0x28 .\CortexM0\ARM_GCC_541\Debug\Braille_device.a(CyLFClk.o)
 .rodata        0x00000000        0xc .\CortexM0\ARM_GCC_541\Debug\Braille_device.a(CyLFClk.o)
 .text.CySysClkIloStart
                0x00000000       0x1c .\CortexM0\ARM_GCC_541\Debug\Braille_device.a(CyLFClk.o)
 .text.CySysClkIloStop
                0x00000000       0x60 .\CortexM0\ARM_GCC_541\Debug\Braille_device.a(CyLFClk.o)
 .text.CySysClkIloStartMeasurement
                0x00000000       0x6c .\CortexM0\ARM_GCC_541\Debug\Braille_device.a(CyLFClk.o)
 .text.CySysClkIloStopMeasurement
                0x00000000       0x20 .\CortexM0\ARM_GCC_541\Debug\Braille_device.a(CyLFClk.o)
 .text.CySysClkIloCompensate
                0x00000000      0x158 .\CortexM0\ARM_GCC_541\Debug\Braille_device.a(CyLFClk.o)
 .text.CySysClkIloEnabled
                0x00000000       0x1c .\CortexM0\ARM_GCC_541\Debug\Braille_device.a(CyLFClk.o)
 .text.CySysClkIloTrim
                0x00000000      0x124 .\CortexM0\ARM_GCC_541\Debug\Braille_device.a(CyLFClk.o)
 .text.CySysClkIloUpdateTrimReg
                0x00000000       0xfc .\CortexM0\ARM_GCC_541\Debug\Braille_device.a(CyLFClk.o)
 .text.CySysClkIloRestoreFactoryTrim
                0x00000000       0x4c .\CortexM0\ARM_GCC_541\Debug\Braille_device.a(CyLFClk.o)
 .text.CySysClkGetLfclkSource
                0x00000000       0x20 .\CortexM0\ARM_GCC_541\Debug\Braille_device.a(CyLFClk.o)
 .text.CySysClkSetLfclkSource
                0x00000000       0x54 .\CortexM0\ARM_GCC_541\Debug\Braille_device.a(CyLFClk.o)
 .text.CySysClkWcoStop
                0x00000000       0x60 .\CortexM0\ARM_GCC_541\Debug\Braille_device.a(CyLFClk.o)
 .text.CySysClkWcoEnabled
                0x00000000       0x1c .\CortexM0\ARM_GCC_541\Debug\Braille_device.a(CyLFClk.o)
 .text.CySysClkWcoClockOutSelect
                0x00000000       0x40 .\CortexM0\ARM_GCC_541\Debug\Braille_device.a(CyLFClk.o)
 .text.CySysWdtLock
                0x00000000       0x34 .\CortexM0\ARM_GCC_541\Debug\Braille_device.a(CyLFClk.o)
 .text.CySysWdtLocked
                0x00000000       0x20 .\CortexM0\ARM_GCC_541\Debug\Braille_device.a(CyLFClk.o)
 .text.CySysWdtUnlock
                0x00000000       0x50 .\CortexM0\ARM_GCC_541\Debug\Braille_device.a(CyLFClk.o)
 .text.CySysWdtGetEnabledStatus
                0x00000000       0x34 .\CortexM0\ARM_GCC_541\Debug\Braille_device.a(CyLFClk.o)
 .text.CySysWdtSetMode
                0x00000000       0x5c .\CortexM0\ARM_GCC_541\Debug\Braille_device.a(CyLFClk.o)
 .text.CySysWdtGetMode
                0x00000000       0x24 .\CortexM0\ARM_GCC_541\Debug\Braille_device.a(CyLFClk.o)
 .text.CySysWdtSetClearOnMatch
                0x00000000       0x6c .\CortexM0\ARM_GCC_541\Debug\Braille_device.a(CyLFClk.o)
 .text.CySysWdtGetClearOnMatch
                0x00000000       0x44 .\CortexM0\ARM_GCC_541\Debug\Braille_device.a(CyLFClk.o)
 .text.CySysWdtEnable
                0x00000000       0x60 .\CortexM0\ARM_GCC_541\Debug\Braille_device.a(CyLFClk.o)
 .text.CySysWdtDisable
                0x00000000       0x6c .\CortexM0\ARM_GCC_541\Debug\Braille_device.a(CyLFClk.o)
 .text.CySysWdtSetCascade
                0x00000000       0x58 .\CortexM0\ARM_GCC_541\Debug\Braille_device.a(CyLFClk.o)
 .text.CySysWdtGetCascade
                0x00000000       0x1c .\CortexM0\ARM_GCC_541\Debug\Braille_device.a(CyLFClk.o)
 .text.CySysWdtSetMatch
                0x00000000       0x90 .\CortexM0\ARM_GCC_541\Debug\Braille_device.a(CyLFClk.o)
 .text.CySysWdtSetToggleBit
                0x00000000       0x48 .\CortexM0\ARM_GCC_541\Debug\Braille_device.a(CyLFClk.o)
 .text.CySysWdtGetToggleBit
                0x00000000       0x18 .\CortexM0\ARM_GCC_541\Debug\Braille_device.a(CyLFClk.o)
 .text.CySysWdtGetMatch
                0x00000000       0x40 .\CortexM0\ARM_GCC_541\Debug\Braille_device.a(CyLFClk.o)
 .text.CySysWdtGetCount
                0x00000000       0x54 .\CortexM0\ARM_GCC_541\Debug\Braille_device.a(CyLFClk.o)
 .text.CySysWdtGetInterruptSource
                0x00000000       0x1c .\CortexM0\ARM_GCC_541\Debug\Braille_device.a(CyLFClk.o)
 .text.CySysWdtClearInterrupt
                0x00000000       0x70 .\CortexM0\ARM_GCC_541\Debug\Braille_device.a(CyLFClk.o)
 .text.CySysWdtResetCounters
                0x00000000       0x34 .\CortexM0\ARM_GCC_541\Debug\Braille_device.a(CyLFClk.o)
 .text.CySysWdtSetInterruptCallback
                0x00000000       0x40 .\CortexM0\ARM_GCC_541\Debug\Braille_device.a(CyLFClk.o)
 .text.CySysWdtGetInterruptCallback
                0x00000000       0x34 .\CortexM0\ARM_GCC_541\Debug\Braille_device.a(CyLFClk.o)
 .text.CySysWdtEnableCounterIsr
                0x00000000       0x50 .\CortexM0\ARM_GCC_541\Debug\Braille_device.a(CyLFClk.o)
 .text.CySysWdtDisableCounterIsr
                0x00000000       0x3c .\CortexM0\ARM_GCC_541\Debug\Braille_device.a(CyLFClk.o)
 .text.CySysWdtIsr
                0x00000000       0xec .\CortexM0\ARM_GCC_541\Debug\Braille_device.a(CyLFClk.o)
 .text.CySysWatchdogFeed
                0x00000000       0x8c .\CortexM0\ARM_GCC_541\Debug\Braille_device.a(CyLFClk.o)
 .text.CySysClkLfclkPosedgeCatch
                0x00000000       0x98 .\CortexM0\ARM_GCC_541\Debug\Braille_device.a(CyLFClk.o)
 .text.CySysClkLfclkPosedgeRestore
                0x00000000       0x3c .\CortexM0\ARM_GCC_541\Debug\Braille_device.a(CyLFClk.o)
 .text.CySysTimerDelay
                0x00000000       0x68 .\CortexM0\ARM_GCC_541\Debug\Braille_device.a(CyLFClk.o)
 .text.CySysTimerDelayUntilMatch
                0x00000000       0xb0 .\CortexM0\ARM_GCC_541\Debug\Braille_device.a(CyLFClk.o)
 .text          0x00000000        0x0 .\CortexM0\ARM_GCC_541\Debug\Braille_device.a(MOTOR_1_DIR.o)
 .data          0x00000000        0x0 .\CortexM0\ARM_GCC_541\Debug\Braille_device.a(MOTOR_1_DIR.o)
 .bss           0x00000000        0x0 .\CortexM0\ARM_GCC_541\Debug\Braille_device.a(MOTOR_1_DIR.o)
 .text.MOTOR_1_DIR_SetDriveMode
                0x00000000       0x2c .\CortexM0\ARM_GCC_541\Debug\Braille_device.a(MOTOR_1_DIR.o)
 .text.MOTOR_1_DIR_Read
                0x00000000       0x1c .\CortexM0\ARM_GCC_541\Debug\Braille_device.a(MOTOR_1_DIR.o)
 .text.MOTOR_1_DIR_ReadDataReg
                0x00000000       0x1c .\CortexM0\ARM_GCC_541\Debug\Braille_device.a(MOTOR_1_DIR.o)
 .text.MOTOR_1_DIR_SetInterruptMode
                0x00000000       0x44 .\CortexM0\ARM_GCC_541\Debug\Braille_device.a(MOTOR_1_DIR.o)
 .text.MOTOR_1_DIR_ClearInterrupt
                0x00000000       0x2c .\CortexM0\ARM_GCC_541\Debug\Braille_device.a(MOTOR_1_DIR.o)
 .text          0x00000000        0x0 .\CortexM0\ARM_GCC_541\Debug\Braille_device.a(MOTOR_1_STEP.o)
 .data          0x00000000        0x0 .\CortexM0\ARM_GCC_541\Debug\Braille_device.a(MOTOR_1_STEP.o)
 .bss           0x00000000        0x0 .\CortexM0\ARM_GCC_541\Debug\Braille_device.a(MOTOR_1_STEP.o)
 .text.MOTOR_1_STEP_SetDriveMode
                0x00000000       0x30 .\CortexM0\ARM_GCC_541\Debug\Braille_device.a(MOTOR_1_STEP.o)
 .text.MOTOR_1_STEP_Read
                0x00000000       0x1c .\CortexM0\ARM_GCC_541\Debug\Braille_device.a(MOTOR_1_STEP.o)
 .text.MOTOR_1_STEP_ReadDataReg
                0x00000000       0x1c .\CortexM0\ARM_GCC_541\Debug\Braille_device.a(MOTOR_1_STEP.o)
 .text.MOTOR_1_STEP_SetInterruptMode
                0x00000000       0x44 .\CortexM0\ARM_GCC_541\Debug\Braille_device.a(MOTOR_1_STEP.o)
 .text.MOTOR_1_STEP_ClearInterrupt
                0x00000000       0x30 .\CortexM0\ARM_GCC_541\Debug\Braille_device.a(MOTOR_1_STEP.o)
 .text          0x00000000        0x0 .\CortexM0\ARM_GCC_541\Debug\Braille_device.a(MOTOR_2_DIR.o)
 .data          0x00000000        0x0 .\CortexM0\ARM_GCC_541\Debug\Braille_device.a(MOTOR_2_DIR.o)
 .bss           0x00000000        0x0 .\CortexM0\ARM_GCC_541\Debug\Braille_device.a(MOTOR_2_DIR.o)
 .text.MOTOR_2_DIR_SetDriveMode
                0x00000000       0x30 .\CortexM0\ARM_GCC_541\Debug\Braille_device.a(MOTOR_2_DIR.o)
 .text.MOTOR_2_DIR_Read
                0x00000000       0x1c .\CortexM0\ARM_GCC_541\Debug\Braille_device.a(MOTOR_2_DIR.o)
 .text.MOTOR_2_DIR_ReadDataReg
                0x00000000       0x1c .\CortexM0\ARM_GCC_541\Debug\Braille_device.a(MOTOR_2_DIR.o)
 .text.MOTOR_2_DIR_SetInterruptMode
                0x00000000       0x44 .\CortexM0\ARM_GCC_541\Debug\Braille_device.a(MOTOR_2_DIR.o)
 .text.MOTOR_2_DIR_ClearInterrupt
                0x00000000       0x30 .\CortexM0\ARM_GCC_541\Debug\Braille_device.a(MOTOR_2_DIR.o)
 .text          0x00000000        0x0 .\CortexM0\ARM_GCC_541\Debug\Braille_device.a(MOTOR_2_STEP.o)
 .data          0x00000000        0x0 .\CortexM0\ARM_GCC_541\Debug\Braille_device.a(MOTOR_2_STEP.o)
 .bss           0x00000000        0x0 .\CortexM0\ARM_GCC_541\Debug\Braille_device.a(MOTOR_2_STEP.o)
 .text.MOTOR_2_STEP_SetDriveMode
                0x00000000       0x30 .\CortexM0\ARM_GCC_541\Debug\Braille_device.a(MOTOR_2_STEP.o)
 .text.MOTOR_2_STEP_Read
                0x00000000       0x1c .\CortexM0\ARM_GCC_541\Debug\Braille_device.a(MOTOR_2_STEP.o)
 .text.MOTOR_2_STEP_ReadDataReg
                0x00000000       0x1c .\CortexM0\ARM_GCC_541\Debug\Braille_device.a(MOTOR_2_STEP.o)
 .text.MOTOR_2_STEP_SetInterruptMode
                0x00000000       0x44 .\CortexM0\ARM_GCC_541\Debug\Braille_device.a(MOTOR_2_STEP.o)
 .text.MOTOR_2_STEP_ClearInterrupt
                0x00000000       0x30 .\CortexM0\ARM_GCC_541\Debug\Braille_device.a(MOTOR_2_STEP.o)
 .text          0x00000000        0x0 .\CortexM0\ARM_GCC_541\Debug\Braille_device.a(LCD_E.o)
 .data          0x00000000        0x0 .\CortexM0\ARM_GCC_541\Debug\Braille_device.a(LCD_E.o)
 .bss           0x00000000        0x0 .\CortexM0\ARM_GCC_541\Debug\Braille_device.a(LCD_E.o)
 .text.LCD_E_SetDriveMode
                0x00000000       0x30 .\CortexM0\ARM_GCC_541\Debug\Braille_device.a(LCD_E.o)
 .text.LCD_E_Read
                0x00000000       0x1c .\CortexM0\ARM_GCC_541\Debug\Braille_device.a(LCD_E.o)
 .text.LCD_E_ReadDataReg
                0x00000000       0x1c .\CortexM0\ARM_GCC_541\Debug\Braille_device.a(LCD_E.o)
 .text.LCD_E_SetInterruptMode
                0x00000000       0x44 .\CortexM0\ARM_GCC_541\Debug\Braille_device.a(LCD_E.o)
 .text.LCD_E_ClearInterrupt
                0x00000000       0x30 .\CortexM0\ARM_GCC_541\Debug\Braille_device.a(LCD_E.o)
 .text          0x00000000        0x0 .\CortexM0\ARM_GCC_541\Debug\Braille_device.a(LCD_RS.o)
 .data          0x00000000        0x0 .\CortexM0\ARM_GCC_541\Debug\Braille_device.a(LCD_RS.o)
 .bss           0x00000000        0x0 .\CortexM0\ARM_GCC_541\Debug\Braille_device.a(LCD_RS.o)
 .text.LCD_RS_SetDriveMode
                0x00000000       0x30 .\CortexM0\ARM_GCC_541\Debug\Braille_device.a(LCD_RS.o)
 .text.LCD_RS_Read
                0x00000000       0x1c .\CortexM0\ARM_GCC_541\Debug\Braille_device.a(LCD_RS.o)
 .text.LCD_RS_ReadDataReg
                0x00000000       0x1c .\CortexM0\ARM_GCC_541\Debug\Braille_device.a(LCD_RS.o)
 .text.LCD_RS_SetInterruptMode
                0x00000000       0x44 .\CortexM0\ARM_GCC_541\Debug\Braille_device.a(LCD_RS.o)
 .text.LCD_RS_ClearInterrupt
                0x00000000       0x30 .\CortexM0\ARM_GCC_541\Debug\Braille_device.a(LCD_RS.o)
 .text          0x00000000        0x0 .\CortexM0\ARM_GCC_541\Debug\Braille_device.a(LCD_D4.o)
 .data          0x00000000        0x0 .\CortexM0\ARM_GCC_541\Debug\Braille_device.a(LCD_D4.o)
 .bss           0x00000000        0x0 .\CortexM0\ARM_GCC_541\Debug\Braille_device.a(LCD_D4.o)
 .text.LCD_D4_SetDriveMode
                0x00000000       0x2c .\CortexM0\ARM_GCC_541\Debug\Braille_device.a(LCD_D4.o)
 .text.LCD_D4_Read
                0x00000000       0x1c .\CortexM0\ARM_GCC_541\Debug\Braille_device.a(LCD_D4.o)
 .text.LCD_D4_ReadDataReg
                0x00000000       0x1c .\CortexM0\ARM_GCC_541\Debug\Braille_device.a(LCD_D4.o)
 .text.LCD_D4_SetInterruptMode
                0x00000000       0x44 .\CortexM0\ARM_GCC_541\Debug\Braille_device.a(LCD_D4.o)
 .text.LCD_D4_ClearInterrupt
                0x00000000       0x2c .\CortexM0\ARM_GCC_541\Debug\Braille_device.a(LCD_D4.o)
 .text          0x00000000        0x0 .\CortexM0\ARM_GCC_541\Debug\Braille_device.a(LCD_D5.o)
 .data          0x00000000        0x0 .\CortexM0\ARM_GCC_541\Debug\Braille_device.a(LCD_D5.o)
 .bss           0x00000000        0x0 .\CortexM0\ARM_GCC_541\Debug\Braille_device.a(LCD_D5.o)
 .text.LCD_D5_SetDriveMode
                0x00000000       0x30 .\CortexM0\ARM_GCC_541\Debug\Braille_device.a(LCD_D5.o)
 .text.LCD_D5_Read
                0x00000000       0x1c .\CortexM0\ARM_GCC_541\Debug\Braille_device.a(LCD_D5.o)
 .text.LCD_D5_ReadDataReg
                0x00000000       0x1c .\CortexM0\ARM_GCC_541\Debug\Braille_device.a(LCD_D5.o)
 .text.LCD_D5_SetInterruptMode
                0x00000000       0x44 .\CortexM0\ARM_GCC_541\Debug\Braille_device.a(LCD_D5.o)
 .text.LCD_D5_ClearInterrupt
                0x00000000       0x30 .\CortexM0\ARM_GCC_541\Debug\Braille_device.a(LCD_D5.o)
 .text          0x00000000        0x0 .\CortexM0\ARM_GCC_541\Debug\Braille_device.a(LCD_D7.o)
 .data          0x00000000        0x0 .\CortexM0\ARM_GCC_541\Debug\Braille_device.a(LCD_D7.o)
 .bss           0x00000000        0x0 .\CortexM0\ARM_GCC_541\Debug\Braille_device.a(LCD_D7.o)
 .text.LCD_D7_SetDriveMode
                0x00000000       0x30 .\CortexM0\ARM_GCC_541\Debug\Braille_device.a(LCD_D7.o)
 .text.LCD_D7_Read
                0x00000000       0x1c .\CortexM0\ARM_GCC_541\Debug\Braille_device.a(LCD_D7.o)
 .text.LCD_D7_ReadDataReg
                0x00000000       0x1c .\CortexM0\ARM_GCC_541\Debug\Braille_device.a(LCD_D7.o)
 .text.LCD_D7_SetInterruptMode
                0x00000000       0x44 .\CortexM0\ARM_GCC_541\Debug\Braille_device.a(LCD_D7.o)
 .text.LCD_D7_ClearInterrupt
                0x00000000       0x30 .\CortexM0\ARM_GCC_541\Debug\Braille_device.a(LCD_D7.o)
 .text          0x00000000        0x0 .\CortexM0\ARM_GCC_541\Debug\Braille_device.a(LCD_D6.o)
 .data          0x00000000        0x0 .\CortexM0\ARM_GCC_541\Debug\Braille_device.a(LCD_D6.o)
 .bss           0x00000000        0x0 .\CortexM0\ARM_GCC_541\Debug\Braille_device.a(LCD_D6.o)
 .text.LCD_D6_SetDriveMode
                0x00000000       0x30 .\CortexM0\ARM_GCC_541\Debug\Braille_device.a(LCD_D6.o)
 .text.LCD_D6_Read
                0x00000000       0x1c .\CortexM0\ARM_GCC_541\Debug\Braille_device.a(LCD_D6.o)
 .text.LCD_D6_ReadDataReg
                0x00000000       0x1c .\CortexM0\ARM_GCC_541\Debug\Braille_device.a(LCD_D6.o)
 .text.LCD_D6_SetInterruptMode
                0x00000000       0x44 .\CortexM0\ARM_GCC_541\Debug\Braille_device.a(LCD_D6.o)
 .text.LCD_D6_ClearInterrupt
                0x00000000       0x30 .\CortexM0\ARM_GCC_541\Debug\Braille_device.a(LCD_D6.o)
 .text          0x00000000        0x0 .\CortexM0\ARM_GCC_541\Debug\Braille_device.a(MOTORS_EN.o)
 .data          0x00000000        0x0 .\CortexM0\ARM_GCC_541\Debug\Braille_device.a(MOTORS_EN.o)
 .bss           0x00000000        0x0 .\CortexM0\ARM_GCC_541\Debug\Braille_device.a(MOTORS_EN.o)
 .text.MOTORS_EN_SetDriveMode
                0x00000000       0x30 .\CortexM0\ARM_GCC_541\Debug\Braille_device.a(MOTORS_EN.o)
 .text.MOTORS_EN_Read
                0x00000000       0x1c .\CortexM0\ARM_GCC_541\Debug\Braille_device.a(MOTORS_EN.o)
 .text.MOTORS_EN_ReadDataReg
                0x00000000       0x1c .\CortexM0\ARM_GCC_541\Debug\Braille_device.a(MOTORS_EN.o)
 .text.MOTORS_EN_SetInterruptMode
                0x00000000       0x44 .\CortexM0\ARM_GCC_541\Debug\Braille_device.a(MOTORS_EN.o)
 .text.MOTORS_EN_ClearInterrupt
                0x00000000       0x30 .\CortexM0\ARM_GCC_541\Debug\Braille_device.a(MOTORS_EN.o)
 .data          0x00000000        0x0 .\CortexM0\ARM_GCC_541\Debug\Braille_device.a(CyBootAsmGnu.o)
 .bss           0x00000000        0x0 .\CortexM0\ARM_GCC_541\Debug\Braille_device.a(CyBootAsmGnu.o)
 .text          0x00000000      0x114 c:/program files (x86)/cypress/psoc creator/4.4/psoc creator/import/gnu/arm/5.4.1/bin/../lib/gcc/arm-none-eabi/5.4.1/armv6-m\libgcc.a(_udivsi3.o)
 .data          0x00000000        0x0 c:/program files (x86)/cypress/psoc creator/4.4/psoc creator/import/gnu/arm/5.4.1/bin/../lib/gcc/arm-none-eabi/5.4.1/armv6-m\libgcc.a(_udivsi3.o)
 .bss           0x00000000        0x0 c:/program files (x86)/cypress/psoc creator/4.4/psoc creator/import/gnu/arm/5.4.1/bin/../lib/gcc/arm-none-eabi/5.4.1/armv6-m\libgcc.a(_udivsi3.o)
 .text          0x00000000      0x1d4 c:/program files (x86)/cypress/psoc creator/4.4/psoc creator/import/gnu/arm/5.4.1/bin/../lib/gcc/arm-none-eabi/5.4.1/armv6-m\libgcc.a(_divsi3.o)
 .data          0x00000000        0x0 c:/program files (x86)/cypress/psoc creator/4.4/psoc creator/import/gnu/arm/5.4.1/bin/../lib/gcc/arm-none-eabi/5.4.1/armv6-m\libgcc.a(_divsi3.o)
 .bss           0x00000000        0x0 c:/program files (x86)/cypress/psoc creator/4.4/psoc creator/import/gnu/arm/5.4.1/bin/../lib/gcc/arm-none-eabi/5.4.1/armv6-m\libgcc.a(_divsi3.o)
 .text          0x00000000        0x4 c:/program files (x86)/cypress/psoc creator/4.4/psoc creator/import/gnu/arm/5.4.1/bin/../lib/gcc/arm-none-eabi/5.4.1/armv6-m\libgcc.a(_dvmd_tls.o)
 .data          0x00000000        0x0 c:/program files (x86)/cypress/psoc creator/4.4/psoc creator/import/gnu/arm/5.4.1/bin/../lib/gcc/arm-none-eabi/5.4.1/armv6-m\libgcc.a(_dvmd_tls.o)
 .bss           0x00000000        0x0 c:/program files (x86)/cypress/psoc creator/4.4/psoc creator/import/gnu/arm/5.4.1/bin/../lib/gcc/arm-none-eabi/5.4.1/armv6-m\libgcc.a(_dvmd_tls.o)
 .text          0x00000000        0x0 c:/program files (x86)/cypress/psoc creator/4.4/psoc creator/import/gnu/arm/5.4.1/bin/../lib/gcc/arm-none-eabi/5.4.1/../../../../arm-none-eabi/lib/armv6-m\libg_nano.a(lib_a-ctype_.o)
 .data          0x00000000        0x0 c:/program files (x86)/cypress/psoc creator/4.4/psoc creator/import/gnu/arm/5.4.1/bin/../lib/gcc/arm-none-eabi/5.4.1/../../../../arm-none-eabi/lib/armv6-m\libg_nano.a(lib_a-ctype_.o)
 .bss           0x00000000        0x0 c:/program files (x86)/cypress/psoc creator/4.4/psoc creator/import/gnu/arm/5.4.1/bin/../lib/gcc/arm-none-eabi/5.4.1/../../../../arm-none-eabi/lib/armv6-m\libg_nano.a(lib_a-ctype_.o)
 .text          0x00000000        0x0 c:/program files (x86)/cypress/psoc creator/4.4/psoc creator/import/gnu/arm/5.4.1/bin/../lib/gcc/arm-none-eabi/5.4.1/../../../../arm-none-eabi/lib/armv6-m\libg_nano.a(lib_a-errno.o)
 .data          0x00000000        0x0 c:/program files (x86)/cypress/psoc creator/4.4/psoc creator/import/gnu/arm/5.4.1/bin/../lib/gcc/arm-none-eabi/5.4.1/../../../../arm-none-eabi/lib/armv6-m\libg_nano.a(lib_a-errno.o)
 .bss           0x00000000        0x0 c:/program files (x86)/cypress/psoc creator/4.4/psoc creator/import/gnu/arm/5.4.1/bin/../lib/gcc/arm-none-eabi/5.4.1/../../../../arm-none-eabi/lib/armv6-m\libg_nano.a(lib_a-errno.o)
 .text          0x00000000        0x0 c:/program files (x86)/cypress/psoc creator/4.4/psoc creator/import/gnu/arm/5.4.1/bin/../lib/gcc/arm-none-eabi/5.4.1/../../../../arm-none-eabi/lib/armv6-m\libg_nano.a(lib_a-exit.o)
 .data          0x00000000        0x0 c:/program files (x86)/cypress/psoc creator/4.4/psoc creator/import/gnu/arm/5.4.1/bin/../lib/gcc/arm-none-eabi/5.4.1/../../../../arm-none-eabi/lib/armv6-m\libg_nano.a(lib_a-exit.o)
 .bss           0x00000000        0x0 c:/program files (x86)/cypress/psoc creator/4.4/psoc creator/import/gnu/arm/5.4.1/bin/../lib/gcc/arm-none-eabi/5.4.1/../../../../arm-none-eabi/lib/armv6-m\libg_nano.a(lib_a-exit.o)
 .text.exit     0x00000000       0x2c c:/program files (x86)/cypress/psoc creator/4.4/psoc creator/import/gnu/arm/5.4.1/bin/../lib/gcc/arm-none-eabi/5.4.1/../../../../arm-none-eabi/lib/armv6-m\libg_nano.a(lib_a-exit.o)
 .text          0x00000000        0x0 c:/program files (x86)/cypress/psoc creator/4.4/psoc creator/import/gnu/arm/5.4.1/bin/../lib/gcc/arm-none-eabi/5.4.1/../../../../arm-none-eabi/lib/armv6-m\libg_nano.a(lib_a-impure.o)
 .data          0x00000000        0x0 c:/program files (x86)/cypress/psoc creator/4.4/psoc creator/import/gnu/arm/5.4.1/bin/../lib/gcc/arm-none-eabi/5.4.1/../../../../arm-none-eabi/lib/armv6-m\libg_nano.a(lib_a-impure.o)
 .bss           0x00000000        0x0 c:/program files (x86)/cypress/psoc creator/4.4/psoc creator/import/gnu/arm/5.4.1/bin/../lib/gcc/arm-none-eabi/5.4.1/../../../../arm-none-eabi/lib/armv6-m\libg_nano.a(lib_a-impure.o)
 .rodata._global_impure_ptr
                0x00000000        0x4 c:/program files (x86)/cypress/psoc creator/4.4/psoc creator/import/gnu/arm/5.4.1/bin/../lib/gcc/arm-none-eabi/5.4.1/../../../../arm-none-eabi/lib/armv6-m\libg_nano.a(lib_a-impure.o)
 .text          0x00000000        0x0 c:/program files (x86)/cypress/psoc creator/4.4/psoc creator/import/gnu/arm/5.4.1/bin/../lib/gcc/arm-none-eabi/5.4.1/../../../../arm-none-eabi/lib/armv6-m\libg_nano.a(lib_a-init.o)
 .data          0x00000000        0x0 c:/program files (x86)/cypress/psoc creator/4.4/psoc creator/import/gnu/arm/5.4.1/bin/../lib/gcc/arm-none-eabi/5.4.1/../../../../arm-none-eabi/lib/armv6-m\libg_nano.a(lib_a-init.o)
 .bss           0x00000000        0x0 c:/program files (x86)/cypress/psoc creator/4.4/psoc creator/import/gnu/arm/5.4.1/bin/../lib/gcc/arm-none-eabi/5.4.1/../../../../arm-none-eabi/lib/armv6-m\libg_nano.a(lib_a-init.o)
 .text          0x00000000        0x0 c:/program files (x86)/cypress/psoc creator/4.4/psoc creator/import/gnu/arm/5.4.1/bin/../lib/gcc/arm-none-eabi/5.4.1/../../../../arm-none-eabi/lib/armv6-m\libg_nano.a(lib_a-memcpy-stub.o)
 .data          0x00000000        0x0 c:/program files (x86)/cypress/psoc creator/4.4/psoc creator/import/gnu/arm/5.4.1/bin/../lib/gcc/arm-none-eabi/5.4.1/../../../../arm-none-eabi/lib/armv6-m\libg_nano.a(lib_a-memcpy-stub.o)
 .bss           0x00000000        0x0 c:/program files (x86)/cypress/psoc creator/4.4/psoc creator/import/gnu/arm/5.4.1/bin/../lib/gcc/arm-none-eabi/5.4.1/../../../../arm-none-eabi/lib/armv6-m\libg_nano.a(lib_a-memcpy-stub.o)
 .text.memcpy   0x00000000       0x12 c:/program files (x86)/cypress/psoc creator/4.4/psoc creator/import/gnu/arm/5.4.1/bin/../lib/gcc/arm-none-eabi/5.4.1/../../../../arm-none-eabi/lib/armv6-m\libg_nano.a(lib_a-memcpy-stub.o)
 .text          0x00000000        0x0 c:/program files (x86)/cypress/psoc creator/4.4/psoc creator/import/gnu/arm/5.4.1/bin/../lib/gcc/arm-none-eabi/5.4.1/../../../../arm-none-eabi/lib/armv6-m\libg_nano.a(lib_a-memset.o)
 .data          0x00000000        0x0 c:/program files (x86)/cypress/psoc creator/4.4/psoc creator/import/gnu/arm/5.4.1/bin/../lib/gcc/arm-none-eabi/5.4.1/../../../../arm-none-eabi/lib/armv6-m\libg_nano.a(lib_a-memset.o)
 .bss           0x00000000        0x0 c:/program files (x86)/cypress/psoc creator/4.4/psoc creator/import/gnu/arm/5.4.1/bin/../lib/gcc/arm-none-eabi/5.4.1/../../../../arm-none-eabi/lib/armv6-m\libg_nano.a(lib_a-memset.o)
 .text          0x00000000        0x0 c:/program files (x86)/cypress/psoc creator/4.4/psoc creator/import/gnu/arm/5.4.1/bin/../lib/gcc/arm-none-eabi/5.4.1/armv6-m/crtend.o
 .data          0x00000000        0x0 c:/program files (x86)/cypress/psoc creator/4.4/psoc creator/import/gnu/arm/5.4.1/bin/../lib/gcc/arm-none-eabi/5.4.1/armv6-m/crtend.o
 .bss           0x00000000        0x0 c:/program files (x86)/cypress/psoc creator/4.4/psoc creator/import/gnu/arm/5.4.1/bin/../lib/gcc/arm-none-eabi/5.4.1/armv6-m/crtend.o
 .text          0x00000000        0x0 c:/program files (x86)/cypress/psoc creator/4.4/psoc creator/import/gnu/arm/5.4.1/bin/../lib/gcc/arm-none-eabi/5.4.1/armv6-m/crtn.o
 .data          0x00000000        0x0 c:/program files (x86)/cypress/psoc creator/4.4/psoc creator/import/gnu/arm/5.4.1/bin/../lib/gcc/arm-none-eabi/5.4.1/armv6-m/crtn.o
 .bss           0x00000000        0x0 c:/program files (x86)/cypress/psoc creator/4.4/psoc creator/import/gnu/arm/5.4.1/bin/../lib/gcc/arm-none-eabi/5.4.1/armv6-m/crtn.o

Memory Configuration

Name             Origin             Length             Attributes
rom              0x00000000         0x00040000         xr
ram              0x20000000         0x00008000         xrw
*default*        0x00000000         0xffffffff

Linker script and memory map

LOAD c:/program files (x86)/cypress/psoc creator/4.4/psoc creator/import/gnu/arm/5.4.1/bin/../lib/gcc/arm-none-eabi/5.4.1/armv6-m/crti.o
LOAD c:/program files (x86)/cypress/psoc creator/4.4/psoc creator/import/gnu/arm/5.4.1/bin/../lib/gcc/arm-none-eabi/5.4.1/armv6-m/crtbegin.o
LOAD c:/program files (x86)/cypress/psoc creator/4.4/psoc creator/import/gnu/arm/5.4.1/bin/../lib/gcc/arm-none-eabi/5.4.1/../../../../arm-none-eabi/lib/armv6-m/crt0.o
START GROUP
LOAD .\CortexM0\ARM_GCC_541\Debug\main.o
LOAD .\CortexM0\ARM_GCC_541\Debug\char_to_braille.o
LOAD .\CortexM0\ARM_GCC_541\Debug\motor_controller.o
LOAD .\CortexM0\ARM_GCC_541\Debug\LCD.o
LOAD .\CortexM0\ARM_GCC_541\Debug\cyfitter_cfg.o
LOAD .\CortexM0\ARM_GCC_541\Debug\cymetadata.o
LOAD .\CortexM0\ARM_GCC_541\Debug\Cm0Start.o
LOAD .\CortexM0\ARM_GCC_541\Debug\Braille_device.a
END GROUP
START GROUP
LOAD c:/program files (x86)/cypress/psoc creator/4.4/psoc creator/import/gnu/arm/5.4.1/bin/../lib/gcc/arm-none-eabi/5.4.1/armv6-m\libgcc.a
LOAD c:/program files (x86)/cypress/psoc creator/4.4/psoc creator/import/gnu/arm/5.4.1/bin/../lib/gcc/arm-none-eabi/5.4.1/../../../../arm-none-eabi/lib/armv6-m\libg_nano.a
LOAD c:/program files (x86)/cypress/psoc creator/4.4/psoc creator/import/gnu/arm/5.4.1/bin/../lib/gcc/arm-none-eabi/5.4.1/../../../../arm-none-eabi/lib/armv6-m\libc_nano.a
END GROUP
START GROUP
LOAD c:/program files (x86)/cypress/psoc creator/4.4/psoc creator/import/gnu/arm/5.4.1/bin/../lib/gcc/arm-none-eabi/5.4.1/armv6-m\libgcc.a
LOAD c:/program files (x86)/cypress/psoc creator/4.4/psoc creator/import/gnu/arm/5.4.1/bin/../lib/gcc/arm-none-eabi/5.4.1/../../../../arm-none-eabi/lib/armv6-m\libc_nano.a
END GROUP
LOAD c:/program files (x86)/cypress/psoc creator/4.4/psoc creator/import/gnu/arm/5.4.1/bin/../lib/gcc/arm-none-eabi/5.4.1/armv6-m/crtend.o
LOAD c:/program files (x86)/cypress/psoc creator/4.4/psoc creator/import/gnu/arm/5.4.1/bin/../lib/gcc/arm-none-eabi/5.4.1/armv6-m/crtn.o
START GROUP
LOAD c:/program files (x86)/cypress/psoc creator/4.4/psoc creator/import/gnu/arm/5.4.1/bin/../lib/gcc/arm-none-eabi/5.4.1/armv6-m\libgcc.a
LOAD c:/program files (x86)/cypress/psoc creator/4.4/psoc creator/import/gnu/arm/5.4.1/bin/../lib/gcc/arm-none-eabi/5.4.1/../../../../arm-none-eabi/lib/armv6-m\libc.a
LOAD c:/program files (x86)/cypress/psoc creator/4.4/psoc creator/import/gnu/arm/5.4.1/bin/../lib/gcc/arm-none-eabi/5.4.1/../../../../arm-none-eabi/lib/armv6-m\libnosys.a
END GROUP
                0x00000000                CY_APPL_ORIGIN = 0x0
                0x00000100                CY_FLASH_ROW_SIZE = 0x100
                0x00000001                CY_APPL_NUM = 0x1
                0x00000001                CY_APPL_MAX = 0x1
                0x00000040                CY_METADATA_SIZE = 0x40
                0x00000000                CY_APPL_LOADABLE = 0x0
                0x00000000                CY_CHECKSUM_EXCLUDE_SIZE = ALIGN (0x0, CY_FLASH_ROW_SIZE)
                0x00000000                CY_APP_FOR_STACK_AND_COPIER = 0x0
                [!provide]                PROVIDE (__cy_heap_start, _end)
                0x00000001                PROVIDE (__cy_region_num, ((__cy_regions_end - __cy_regions) / 0x10))
                0x20008000                PROVIDE (__cy_stack, (ORIGIN (ram) + LENGTH (ram)))
                [!provide]                PROVIDE (__cy_heap_end, (__cy_stack - 0x200))

.cybootloader   0x00000000        0x0
 *(.cybootloader)
                0x00000000                appl1_start = CY_APPL_ORIGIN?CY_APPL_ORIGIN:ALIGN (CY_FLASH_ROW_SIZE)
                0x0001ff00                appl2_start = (appl1_start + ALIGN ((((LENGTH (rom) - appl1_start) - (0x2 * CY_FLASH_ROW_SIZE)) / 0x2), CY_FLASH_ROW_SIZE))
                0x00000000                appl_start = (CY_APPL_NUM == 0x1)?appl1_start:appl2_start
                0x00000001                cy_project_type_bootloader = (appl_start == 0x0)?0x1:0x0
                0x00000000                cy_project_type_app_for_stack_and_copier = (CY_APP_FOR_STACK_AND_COPIER == 0x1)?0x1:0x0

.text           0x00000000     0x1330
 CREATE_OBJECT_SYMBOLS
                0x00000000                PROVIDE (__cy_interrupt_vector, RomVectors)
 *(.romvectors)
 .romvectors    0x00000000       0x10 .\CortexM0\ARM_GCC_541\Debug\Cm0Start.o
                0x00000000                RomVectors
                0x00000001                ASSERT ((. != __cy_interrupt_vector), No interrupt vector)
                0x00000001                ASSERT (CY_APPL_ORIGIN?(SIZEOF (.cybootloader) <= CY_APPL_ORIGIN):0x1, Wrong image location)
                0x00000010                PROVIDE (__cy_reset, Reset)
 *(.text.Reset)
 .text.Reset    0x00000010        0x8 .\CortexM0\ARM_GCC_541\Debug\Cm0Start.o
                0x00000010                Reset
                0x00000001                ASSERT ((. != __cy_reset), No reset code)
 *(.psocinit)
 .psocinit      0x00000018      0x1ac .\CortexM0\ARM_GCC_541\Debug\cyfitter_cfg.o
                0x000000c0                cyfitter_cfg
                0x000001c4                . = MAX (., 0x100)
 *(.text .text.* .gnu.linkonce.t.*)
 .text          0x000001c4       0x60 c:/program files (x86)/cypress/psoc creator/4.4/psoc creator/import/gnu/arm/5.4.1/bin/../lib/gcc/arm-none-eabi/5.4.1/armv6-m/crtbegin.o
 .text.main     0x00000224       0x4c .\CortexM0\ARM_GCC_541\Debug\main.o
                0x00000224                main
 .text.MotorController_Init
                0x00000270       0x3c .\CortexM0\ARM_GCC_541\Debug\motor_controller.o
                0x00000270                MotorController_Init
 .text.MotorController_SetSymbol
                0x000002ac       0x88 .\CortexM0\ARM_GCC_541\Debug\motor_controller.o
                0x000002ac                MotorController_SetSymbol
 .text.MotorController_SetNextSymbol
                0x00000334       0x78 .\CortexM0\ARM_GCC_541\Debug\motor_controller.o
                0x00000334                MotorController_SetNextSymbol
 .text.MotorController_SetNextRail
                0x000003ac       0x78 .\CortexM0\ARM_GCC_541\Debug\motor_controller.o
                0x000003ac                MotorController_SetNextRail
 .text.MotorController_SetCell
                0x00000424       0xc0 .\CortexM0\ARM_GCC_541\Debug\motor_controller.o
                0x00000424                MotorController_SetCell
 .text.MotorController_PrintText
                0x000004e4      0x108 .\CortexM0\ARM_GCC_541\Debug\motor_controller.o
                0x000004e4                MotorController_PrintText
 .text.LCD_pulse_enable
                0x000005ec       0x2c .\CortexM0\ARM_GCC_541\Debug\LCD.o
                0x000005ec                LCD_pulse_enable
 .text.LCD_send_nibble
                0x00000618       0x64 .\CortexM0\ARM_GCC_541\Debug\LCD.o
                0x00000618                LCD_send_nibble
 .text.LCD_send_byte
                0x0000067c       0x44 .\CortexM0\ARM_GCC_541\Debug\LCD.o
                0x0000067c                LCD_send_byte
 .text.LCD_clear
                0x000006c0       0x14 .\CortexM0\ARM_GCC_541\Debug\LCD.o
                0x000006c0                LCD_clear
 .text.LCD_send_command
                0x000006d4       0x20 .\CortexM0\ARM_GCC_541\Debug\LCD.o
                0x000006d4                LCD_send_command
 .text.LCD_send_char
                0x000006f4       0x20 .\CortexM0\ARM_GCC_541\Debug\LCD.o
                0x000006f4                LCD_send_char
 .text.LCD_print_string
                0x00000714       0x40 .\CortexM0\ARM_GCC_541\Debug\LCD.o
                0x00000714                LCD_print_string
 .text.LCD_set_cursor
                0x00000754       0x68 .\CortexM0\ARM_GCC_541\Debug\LCD.o
                0x00000754                LCD_set_cursor
 .text.LCD_init_braille
                0x000007bc       0x64 .\CortexM0\ARM_GCC_541\Debug\LCD.o
                0x000007bc                LCD_init_braille
 .text.LCD_test_print_braille
                0x00000820      0x160 .\CortexM0\ARM_GCC_541\Debug\LCD.o
                0x00000820                LCD_test_print_braille
 .text.LCD_init
                0x00000980       0x5c .\CortexM0\ARM_GCC_541\Debug\LCD.o
                0x00000980                LCD_init
 .text.CYMEMZERO
                0x000009dc       0x20 .\CortexM0\ARM_GCC_541\Debug\cyfitter_cfg.o
 .text.AnalogSetDefault
                0x000009fc       0x28 .\CortexM0\ARM_GCC_541\Debug\cyfitter_cfg.o
 .text.IntDefaultHandler
                0x00000a24       0x14 .\CortexM0\ARM_GCC_541\Debug\Cm0Start.o
                0x00000a24                IntDefaultHandler
 .text.Start_c  0x00000a38       0x98 .\CortexM0\ARM_GCC_541\Debug\Cm0Start.o
                0x00000a38                Start_c
 .text.initialize_psoc
                0x00000ad0       0x70 .\CortexM0\ARM_GCC_541\Debug\Cm0Start.o
                0x00000ad0                initialize_psoc
 .text.CySysClkWriteImoFreq
                0x00000b40      0x1e4 .\CortexM0\ARM_GCC_541\Debug\Braille_device.a(CyLib.o)
                0x00000b40                CySysClkWriteImoFreq
 .text.CySysClkEcoStart
                0x00000d24       0x74 .\CortexM0\ARM_GCC_541\Debug\Braille_device.a(CyLib.o)
                0x00000d24                CySysClkEcoStart
 .text.CySysClkEcoReadStatus
                0x00000d98       0x20 .\CortexM0\ARM_GCC_541\Debug\Braille_device.a(CyLib.o)
                0x00000d98                CySysClkEcoReadStatus
 .text.CyHalt   0x00000db8       0x18 .\CortexM0\ARM_GCC_541\Debug\Braille_device.a(CyLib.o)
                0x00000db8                CyHalt
 .text.CyDelay  0x00000dd0       0x4c .\CortexM0\ARM_GCC_541\Debug\Braille_device.a(CyLib.o)
                0x00000dd0                CyDelay
 .text.CyDelayUs
                0x00000e1c       0x28 .\CortexM0\ARM_GCC_541\Debug\Braille_device.a(CyLib.o)
                0x00000e1c                CyDelayUs
 .text.CySysClkWcoSetHighPowerMode
                0x00000e44       0x4c .\CortexM0\ARM_GCC_541\Debug\Braille_device.a(CyLFClk.o)
 .text.CySysClkWcoSetLowPowerMode
                0x00000e90       0x4c .\CortexM0\ARM_GCC_541\Debug\Braille_device.a(CyLFClk.o)
 .text.CySysClkWcoStart
                0x00000edc       0x20 .\CortexM0\ARM_GCC_541\Debug\Braille_device.a(CyLFClk.o)
                0x00000edc                CySysClkWcoStart
 .text.CySysClkWcoSetPowerMode
                0x00000efc       0x40 .\CortexM0\ARM_GCC_541\Debug\Braille_device.a(CyLFClk.o)
                0x00000efc                CySysClkWcoSetPowerMode
 .text.MOTOR_1_DIR_Write
                0x00000f3c       0x4c .\CortexM0\ARM_GCC_541\Debug\Braille_device.a(MOTOR_1_DIR.o)
                0x00000f3c                MOTOR_1_DIR_Write
 .text.MOTOR_1_STEP_Write
                0x00000f88       0x50 .\CortexM0\ARM_GCC_541\Debug\Braille_device.a(MOTOR_1_STEP.o)
                0x00000f88                MOTOR_1_STEP_Write
 .text.MOTOR_2_DIR_Write
                0x00000fd8       0x50 .\CortexM0\ARM_GCC_541\Debug\Braille_device.a(MOTOR_2_DIR.o)
                0x00000fd8                MOTOR_2_DIR_Write
 .text.MOTOR_2_STEP_Write
                0x00001028       0x50 .\CortexM0\ARM_GCC_541\Debug\Braille_device.a(MOTOR_2_STEP.o)
                0x00001028                MOTOR_2_STEP_Write
 .text.LCD_E_Write
                0x00001078       0x50 .\CortexM0\ARM_GCC_541\Debug\Braille_device.a(LCD_E.o)
                0x00001078                LCD_E_Write
 .text.LCD_RS_Write
                0x000010c8       0x50 .\CortexM0\ARM_GCC_541\Debug\Braille_device.a(LCD_RS.o)
                0x000010c8                LCD_RS_Write
 .text.LCD_D4_Write
                0x00001118       0x4c .\CortexM0\ARM_GCC_541\Debug\Braille_device.a(LCD_D4.o)
                0x00001118                LCD_D4_Write
 .text.LCD_D5_Write
                0x00001164       0x50 .\CortexM0\ARM_GCC_541\Debug\Braille_device.a(LCD_D5.o)
                0x00001164                LCD_D5_Write
 .text.LCD_D7_Write
                0x000011b4       0x50 .\CortexM0\ARM_GCC_541\Debug\Braille_device.a(LCD_D7.o)
                0x000011b4                LCD_D7_Write
 .text.LCD_D6_Write
                0x00001204       0x50 .\CortexM0\ARM_GCC_541\Debug\Braille_device.a(LCD_D6.o)
                0x00001204                LCD_D6_Write
 .text.MOTORS_EN_Write
                0x00001254       0x50 .\CortexM0\ARM_GCC_541\Debug\Braille_device.a(MOTORS_EN.o)
                0x00001254                MOTORS_EN_Write
 *fill*         0x000012a4        0x4 
 .text          0x000012a8       0x20 .\CortexM0\ARM_GCC_541\Debug\Braille_device.a(CyBootAsmGnu.o)
                0x000012a8                CyDelayCycles
                0x000012ba                CyEnterCriticalSection
                0x000012c2                CyExitCriticalSection
 .text.__errno  0x000012c8        0xc c:/program files (x86)/cypress/psoc creator/4.4/psoc creator/import/gnu/arm/5.4.1/bin/../lib/gcc/arm-none-eabi/5.4.1/../../../../arm-none-eabi/lib/armv6-m\libg_nano.a(lib_a-errno.o)
                0x000012c8                __errno
 .text.__libc_init_array
                0x000012d4       0x4c c:/program files (x86)/cypress/psoc creator/4.4/psoc creator/import/gnu/arm/5.4.1/bin/../lib/gcc/arm-none-eabi/5.4.1/../../../../arm-none-eabi/lib/armv6-m\libg_nano.a(lib_a-init.o)
                0x000012d4                __libc_init_array
 .text.memset   0x00001320       0x10 c:/program files (x86)/cypress/psoc creator/4.4/psoc creator/import/gnu/arm/5.4.1/bin/../lib/gcc/arm-none-eabi/5.4.1/../../../../arm-none-eabi/lib/armv6-m\libg_nano.a(lib_a-memset.o)
                0x00001320                memset
 *(.plt)
 *(.gnu.warning)
 *(.glue_7t)
 .glue_7t       0x00001330        0x0 linker stubs
 *(.glue_7)
 .glue_7        0x00001330        0x0 linker stubs
 *(.vfp11_veneer)
 .vfp11_veneer  0x00001330        0x0 linker stubs
 *(.bootloader)
 *(.ARM.extab* .gnu.linkonce.armextab.*)
 *(.gcc_except_table)

.v4_bx          0x00001330        0x0
 .v4_bx         0x00001330        0x0 linker stubs

.iplt           0x00001330        0x0
 .iplt          0x00001330        0x0 c:/program files (x86)/cypress/psoc creator/4.4/psoc creator/import/gnu/arm/5.4.1/bin/../lib/gcc/arm-none-eabi/5.4.1/armv6-m/crtbegin.o

.eh_frame_hdr
 *(.eh_frame_hdr)

.eh_frame       0x00001330        0x4
 *(.eh_frame)
 .eh_frame      0x00001330        0x0 c:/program files (x86)/cypress/psoc creator/4.4/psoc creator/import/gnu/arm/5.4.1/bin/../lib/gcc/arm-none-eabi/5.4.1/armv6-m/crtbegin.o
 .eh_frame      0x00001330        0x4 c:/program files (x86)/cypress/psoc creator/4.4/psoc creator/import/gnu/arm/5.4.1/bin/../lib/gcc/arm-none-eabi/5.4.1/armv6-m/crtend.o
                [!provide]                PROVIDE (__exidx_start, .)

.ARM.exidx
 *(.ARM.exidx* .gnu.linkonce.armexidx.*)
                0x00001334                __exidx_end = .

.rodata         0x00001334      0x2cc
 *(.rodata .rodata.* .gnu.linkonce.r.*)
 .rodata        0x00001334       0x12 .\CortexM0\ARM_GCC_541\Debug\main.o
 *fill*         0x00001346        0x2 
 .rodata        0x00001348      0x140 .\CortexM0\ARM_GCC_541\Debug\char_to_braille.o
                0x00001348                braille_table
                0x00001448                dots
 .rodata        0x00001488        0xc .\CortexM0\ARM_GCC_541\Debug\cyfitter_cfg.o
 .rodata        0x00001494       0x2e .\CortexM0\ARM_GCC_541\Debug\Braille_device.a(CyLib.o)
                0x00001494                cyImoFreqMhz2Reg
 .rodata._ctype_
                0x000014c2      0x101 c:/program files (x86)/cypress/psoc creator/4.4/psoc creator/import/gnu/arm/5.4.1/bin/../lib/gcc/arm-none-eabi/5.4.1/../../../../arm-none-eabi/lib/armv6-m\libg_nano.a(lib_a-ctype_.o)
                0x000014c2                _ctype_
 .rodata.str1.1
                0x000015c3        0x2 c:/program files (x86)/cypress/psoc creator/4.4/psoc creator/import/gnu/arm/5.4.1/bin/../lib/gcc/arm-none-eabi/5.4.1/../../../../arm-none-eabi/lib/armv6-m\libg_nano.a(lib_a-impure.o)
                0x000015c8                . = ALIGN (0x4)
 *fill*         0x000015c5        0x3 
 *(.init)
 .init          0x000015c8        0x4 c:/program files (x86)/cypress/psoc creator/4.4/psoc creator/import/gnu/arm/5.4.1/bin/../lib/gcc/arm-none-eabi/5.4.1/armv6-m/crti.o
                0x000015c8                _init
 .init          0x000015cc        0x8 c:/program files (x86)/cypress/psoc creator/4.4/psoc creator/import/gnu/arm/5.4.1/bin/../lib/gcc/arm-none-eabi/5.4.1/armv6-m/crtn.o
                0x000015d4                . = ALIGN (0x4)
                0x000015d4                __preinit_array_start = .
 *(.preinit_array)
                0x000015d4                __preinit_array_end = .
                0x000015d4                . = ALIGN (0x4)
                0x000015d4                __init_array_start = .
 *(SORT(.init_array.*))
 *(.init_array)
 .init_array    0x000015d4        0x4 c:/program files (x86)/cypress/psoc creator/4.4/psoc creator/import/gnu/arm/5.4.1/bin/../lib/gcc/arm-none-eabi/5.4.1/armv6-m/crtbegin.o
 .init_array    0x000015d8        0x4 .\CortexM0\ARM_GCC_541\Debug\Cm0Start.o
                0x000015dc                __init_array_end = .
                0x000015dc                . = ALIGN (0x4)
 *(.fini)
 .fini          0x000015dc        0x4 c:/program files (x86)/cypress/psoc creator/4.4/psoc creator/import/gnu/arm/5.4.1/bin/../lib/gcc/arm-none-eabi/5.4.1/armv6-m/crti.o
                0x000015dc                _fini
 .fini          0x000015e0        0x8 c:/program files (x86)/cypress/psoc creator/4.4/psoc creator/import/gnu/arm/5.4.1/bin/../lib/gcc/arm-none-eabi/5.4.1/armv6-m/crtn.o
                0x000015e8                . = ALIGN (0x4)
                0x000015e8                __fini_array_start = .
 *(.fini_array)
 .fini_array    0x000015e8        0x4 c:/program files (x86)/cypress/psoc creator/4.4/psoc creator/import/gnu/arm/5.4.1/bin/../lib/gcc/arm-none-eabi/5.4.1/armv6-m/crtbegin.o
 *(SORT(.fini_array.*))
                0x000015ec                __fini_array_end = .
                0x000015ec                . = ALIGN (0x4)
 *crtbegin.o(.ctors)
 *(EXCLUDE_FILE(*crtend.o) .ctors)
 *(SORT(.ctors.*))
 *crtend.o(.ctors)
                0x000015ec                . = ALIGN (0x4)
 *crtbegin.o(.dtors)
 *(EXCLUDE_FILE(*crtend.o) .dtors)
 *(SORT(.dtors.*))
 *crtend.o(.dtors)
                0x000015ec                . = ALIGN (0x4)
                0x000015ec                __cy_regions = .
                0x000015ec        0x4 LONG 0x1600 __cy_region_init_ram
                0x000015f0        0x4 LONG 0x200000c8 __cy_region_start_data
                0x000015f4        0x4 LONG 0x80 __cy_region_init_size_ram
                0x000015f8        0x4 LONG 0x60 __cy_region_zero_size_ram
                0x000015fc                __cy_regions_end = .
                0x00001600                . = ALIGN (0x8)
 *fill*         0x000015fc        0x4 
                0x00001600                _etext = .

.cy_checksum_exclude
                0x00001600        0x0
 *(.cy_checksum_exclude)

.ramvectors     0x20000000       0xc0
                0x20000000                __cy_region_start_ram = .
 *(.ramvectors)
 .ramvectors    0x20000000       0xc0 .\CortexM0\ARM_GCC_541\Debug\Cm0Start.o
                0x20000000                CyRamVectors

.noinit         0x200000c0        0x4
 *(.noinit)
 .noinit        0x200000c0        0x4 .\CortexM0\ARM_GCC_541\Debug\Cm0Start.o

.data           0x200000c8       0x80 load address 0x00001600
                0x200000c8                __cy_region_start_data = .
 *(.jcr)
 .jcr           0x200000c8        0x0 c:/program files (x86)/cypress/psoc creator/4.4/psoc creator/import/gnu/arm/5.4.1/bin/../lib/gcc/arm-none-eabi/5.4.1/armv6-m/crtbegin.o
 .jcr           0x200000c8        0x4 c:/program files (x86)/cypress/psoc creator/4.4/psoc creator/import/gnu/arm/5.4.1/bin/../lib/gcc/arm-none-eabi/5.4.1/armv6-m/crtend.o
 *(.got.plt)
 *(.got)
 *(.shdata)
 *(.data .data.* .gnu.linkonce.d.*)
 .data          0x200000cc       0x14 .\CortexM0\ARM_GCC_541\Debug\Braille_device.a(CyLib.o)
                0x200000cc                cydelayFreqHz
                0x200000d0                cydelayFreqKhz
                0x200000d4                cydelayFreqMhz
                0x200000d8                cydelay32kMs
                0x200000dc                CySysClkPumpConfig
 .data.__ctype_ptr__
                0x200000e0        0x4 c:/program files (x86)/cypress/psoc creator/4.4/psoc creator/import/gnu/arm/5.4.1/bin/../lib/gcc/arm-none-eabi/5.4.1/../../../../arm-none-eabi/lib/armv6-m\libg_nano.a(lib_a-ctype_.o)
                0x200000e0                __ctype_ptr__
 .data.impure_data
                0x200000e4       0x60 c:/program files (x86)/cypress/psoc creator/4.4/psoc creator/import/gnu/arm/5.4.1/bin/../lib/gcc/arm-none-eabi/5.4.1/../../../../arm-none-eabi/lib/armv6-m\libg_nano.a(lib_a-impure.o)
 .data._impure_ptr
                0x20000144        0x4 c:/program files (x86)/cypress/psoc creator/4.4/psoc creator/import/gnu/arm/5.4.1/bin/../lib/gcc/arm-none-eabi/5.4.1/../../../../arm-none-eabi/lib/armv6-m\libg_nano.a(lib_a-impure.o)
                0x20000144                _impure_ptr
                0x20000148                . = ALIGN (0x8)
 *(.ram)
                0x20000148                _edata = .

.igot.plt       0x20000148        0x0 load address 0x00001680
 .igot.plt      0x20000148        0x0 c:/program files (x86)/cypress/psoc creator/4.4/psoc creator/import/gnu/arm/5.4.1/bin/../lib/gcc/arm-none-eabi/5.4.1/armv6-m/crtbegin.o

.bss            0x20000148       0x60 load address 0x00001680
                0x20000148                PROVIDE (__bss_start__, .)
 *(.shbss)
 *(.bss .bss.* .gnu.linkonce.b.*)
 .bss           0x20000148       0x1c c:/program files (x86)/cypress/psoc creator/4.4/psoc creator/import/gnu/arm/5.4.1/bin/../lib/gcc/arm-none-eabi/5.4.1/armv6-m/crtbegin.o
 .bss           0x20000164       0x3e .\CortexM0\ARM_GCC_541\Debug\motor_controller.o
                0x20000164                rail_cell_pos
                0x200001a0                Motors
 *(COMMON)
                0x200001a8                . = ALIGN (0x8)
 *fill*         0x200001a2        0x6 
 *(.ram.b)
                0x200001a8                _end = .
                0x200001a8                __end = .
                0x200001a8                PROVIDE (end, .)
                0x200001a8                PROVIDE (__bss_end__, .)
                0x00001600                __cy_region_init_ram = LOADADDR (.data)
                0x00000080                __cy_region_init_size_ram = (_edata - ADDR (.data))
                0x00000060                __cy_region_zero_size_ram = (_end - _edata)

.heap           0x200001a8       0x80 load address 0x00001680
                0x200001a8                . = _end
                0x20000228                . = (. + 0x80)
 *fill*         0x200001a8       0x80 
                0x20000228                __cy_heap_limit = .

.stack          0x20007e00      0x200
                0x20007e00                __cy_stack_limit = .
                0x20008000                . = (. + 0x200)
 *fill*         0x20007e00      0x200 
                0x00000001                ASSERT ((__cy_stack_limit >= __cy_heap_limit), region RAM overflowed with stack)
                0x00000000                cy_checksum_exclude_size = (CY_APPL_LOADABLE == 0x1)?SIZEOF (.cy_checksum_exclude):0x0
                0x00000001                ASSERT ((cy_checksum_exclude_size <= CY_CHECKSUM_EXCLUDE_SIZE), CY_BOOT: Section .cy_checksum_exclude size exceedes specified limit.)
                0x0003ffc0                cyloadermeta_start = (cy_project_type_bootloader || cy_project_type_app_for_stack_and_copier)?(LENGTH (rom) - CY_METADATA_SIZE):0xf0000000

.cyloadermeta
 *(.cyloadermeta)
                0x0003ffc0                cyloadablemeta_start = cy_project_type_app_for_stack_and_copier?((LENGTH (rom) - CY_FLASH_ROW_SIZE) - CY_METADATA_SIZE):((LENGTH (rom) - (CY_FLASH_ROW_SIZE * (CY_APPL_NUM - 0x1))) - CY_METADATA_SIZE)

.cyloadablemeta
 *(.cyloadablemeta)

.cyflashprotect
                0x90400000       0x80
 *(.cyflashprotect)
 .cyflashprotect
                0x90400000       0x80 .\CortexM0\ARM_GCC_541\Debug\cymetadata.o
                0x90400000                cy_meta_flashprotect

.cymeta         0x90500000        0xc
 *(.cymeta)
 .cymeta        0x90500000        0xc .\CortexM0\ARM_GCC_541\Debug\cymetadata.o
                0x90500000                cy_metadata

.cychipprotect  0x90600000        0x1
 *(.cychipprotect)
 .cychipprotect
                0x90600000        0x1 .\CortexM0\ARM_GCC_541\Debug\cymetadata.o
                0x90600000                cy_meta_chipprotect

.rel.dyn        0x00001680        0x0 load address 0x90600004
 .rel.iplt      0x00001680        0x0 c:/program files (x86)/cypress/psoc creator/4.4/psoc creator/import/gnu/arm/5.4.1/bin/../lib/gcc/arm-none-eabi/5.4.1/armv6-m/crtbegin.o

.stab
 *(.stab)

.stabstr
 *(.stabstr)

.debug
 *(.debug)

.line
 *(.line)

.debug_srcinfo
 *(.debug_srcinfo)

.debug_sfnames
 *(.debug_sfnames)

.debug_aranges  0x00000000      0x868
 *(.debug_aranges)
 .debug_aranges
                0x00000000       0x20 .\CortexM0\ARM_GCC_541\Debug\main.o
 .debug_aranges
                0x00000020       0x28 .\CortexM0\ARM_GCC_541\Debug\char_to_braille.o
 .debug_aranges
                0x00000048       0x58 .\CortexM0\ARM_GCC_541\Debug\motor_controller.o
 .debug_aranges
                0x000000a0       0x80 .\CortexM0\ARM_GCC_541\Debug\LCD.o
 .debug_aranges
                0x00000120       0x48 .\CortexM0\ARM_GCC_541\Debug\cyfitter_cfg.o
 .debug_aranges
                0x00000168       0x18 .\CortexM0\ARM_GCC_541\Debug\cymetadata.o
 .debug_aranges
                0x00000180       0x48 .\CortexM0\ARM_GCC_541\Debug\Cm0Start.o
 .debug_aranges
                0x000001c8      0x1d0 .\CortexM0\ARM_GCC_541\Debug\Braille_device.a(CyLib.o)
 .debug_aranges
                0x00000398      0x198 .\CortexM0\ARM_GCC_541\Debug\Braille_device.a(CyLFClk.o)
 .debug_aranges
                0x00000530       0x48 .\CortexM0\ARM_GCC_541\Debug\Braille_device.a(MOTOR_1_DIR.o)
 .debug_aranges
                0x00000578       0x48 .\CortexM0\ARM_GCC_541\Debug\Braille_device.a(MOTOR_1_STEP.o)
 .debug_aranges
                0x000005c0       0x48 .\CortexM0\ARM_GCC_541\Debug\Braille_device.a(MOTOR_2_DIR.o)
 .debug_aranges
                0x00000608       0x48 .\CortexM0\ARM_GCC_541\Debug\Braille_device.a(MOTOR_2_STEP.o)
 .debug_aranges
                0x00000650       0x48 .\CortexM0\ARM_GCC_541\Debug\Braille_device.a(LCD_E.o)
 .debug_aranges
                0x00000698       0x48 .\CortexM0\ARM_GCC_541\Debug\Braille_device.a(LCD_RS.o)
 .debug_aranges
                0x000006e0       0x48 .\CortexM0\ARM_GCC_541\Debug\Braille_device.a(LCD_D4.o)
 .debug_aranges
                0x00000728       0x48 .\CortexM0\ARM_GCC_541\Debug\Braille_device.a(LCD_D5.o)
 .debug_aranges
                0x00000770       0x48 .\CortexM0\ARM_GCC_541\Debug\Braille_device.a(LCD_D7.o)
 .debug_aranges
                0x000007b8       0x48 .\CortexM0\ARM_GCC_541\Debug\Braille_device.a(LCD_D6.o)
 .debug_aranges
                0x00000800       0x48 .\CortexM0\ARM_GCC_541\Debug\Braille_device.a(MOTORS_EN.o)
 .debug_aranges
                0x00000848       0x20 .\CortexM0\ARM_GCC_541\Debug\Braille_device.a(CyBootAsmGnu.o)

.debug_pubnames
 *(.debug_pubnames)

.debug_info     0x00000000     0x3b9c
 *(.debug_info .gnu.linkonce.wi.*)
 .debug_info    0x00000000      0x14b .\CortexM0\ARM_GCC_541\Debug\main.o
 .debug_info    0x0000014b      0x1f3 .\CortexM0\ARM_GCC_541\Debug\char_to_braille.o
 .debug_info    0x0000033e      0x593 .\CortexM0\ARM_GCC_541\Debug\motor_controller.o
 .debug_info    0x000008d1      0x4c7 .\CortexM0\ARM_GCC_541\Debug\LCD.o
 .debug_info    0x00000d98      0x259 .\CortexM0\ARM_GCC_541\Debug\cyfitter_cfg.o
 .debug_info    0x00000ff1       0xf8 .\CortexM0\ARM_GCC_541\Debug\cymetadata.o
 .debug_info    0x000010e9      0x312 .\CortexM0\ARM_GCC_541\Debug\Cm0Start.o
 .debug_info    0x000013fb      0xab6 .\CortexM0\ARM_GCC_541\Debug\Braille_device.a(CyLib.o)
 .debug_info    0x00001eb1      0xab3 .\CortexM0\ARM_GCC_541\Debug\Braille_device.a(CyLFClk.o)
 .debug_info    0x00002964      0x19a .\CortexM0\ARM_GCC_541\Debug\Braille_device.a(MOTOR_1_DIR.o)
 .debug_info    0x00002afe      0x19a .\CortexM0\ARM_GCC_541\Debug\Braille_device.a(MOTOR_1_STEP.o)
 .debug_info    0x00002c98      0x19a .\CortexM0\ARM_GCC_541\Debug\Braille_device.a(MOTOR_2_DIR.o)
 .debug_info    0x00002e32      0x19a .\CortexM0\ARM_GCC_541\Debug\Braille_device.a(MOTOR_2_STEP.o)
 .debug_info    0x00002fcc      0x19a .\CortexM0\ARM_GCC_541\Debug\Braille_device.a(LCD_E.o)
 .debug_info    0x00003166      0x19a .\CortexM0\ARM_GCC_541\Debug\Braille_device.a(LCD_RS.o)
 .debug_info    0x00003300      0x19a .\CortexM0\ARM_GCC_541\Debug\Braille_device.a(LCD_D4.o)
 .debug_info    0x0000349a      0x19a .\CortexM0\ARM_GCC_541\Debug\Braille_device.a(LCD_D5.o)
 .debug_info    0x00003634      0x19a .\CortexM0\ARM_GCC_541\Debug\Braille_device.a(LCD_D7.o)
 .debug_info    0x000037ce      0x19a .\CortexM0\ARM_GCC_541\Debug\Braille_device.a(LCD_D6.o)
 .debug_info    0x00003968      0x19a .\CortexM0\ARM_GCC_541\Debug\Braille_device.a(MOTORS_EN.o)
 .debug_info    0x00003b02       0x9a .\CortexM0\ARM_GCC_541\Debug\Braille_device.a(CyBootAsmGnu.o)

.debug_abbrev   0x00000000     0x1299
 *(.debug_abbrev)
 .debug_abbrev  0x00000000       0xa9 .\CortexM0\ARM_GCC_541\Debug\main.o
 .debug_abbrev  0x000000a9       0xe5 .\CortexM0\ARM_GCC_541\Debug\char_to_braille.o
 .debug_abbrev  0x0000018e      0x14c .\CortexM0\ARM_GCC_541\Debug\motor_controller.o
 .debug_abbrev  0x000002da      0x13e .\CortexM0\ARM_GCC_541\Debug\LCD.o
 .debug_abbrev  0x00000418      0x136 .\CortexM0\ARM_GCC_541\Debug\cyfitter_cfg.o
 .debug_abbrev  0x0000054e       0x5d .\CortexM0\ARM_GCC_541\Debug\cymetadata.o
 .debug_abbrev  0x000005ab      0x1c8 .\CortexM0\ARM_GCC_541\Debug\Cm0Start.o
 .debug_abbrev  0x00000773      0x19a .\CortexM0\ARM_GCC_541\Debug\Braille_device.a(CyLib.o)
 .debug_abbrev  0x0000090d      0x22a .\CortexM0\ARM_GCC_541\Debug\Braille_device.a(CyLFClk.o)
 .debug_abbrev  0x00000b37       0xaa .\CortexM0\ARM_GCC_541\Debug\Braille_device.a(MOTOR_1_DIR.o)
 .debug_abbrev  0x00000be1       0xaa .\CortexM0\ARM_GCC_541\Debug\Braille_device.a(MOTOR_1_STEP.o)
 .debug_abbrev  0x00000c8b       0xaa .\CortexM0\ARM_GCC_541\Debug\Braille_device.a(MOTOR_2_DIR.o)
 .debug_abbrev  0x00000d35       0xaa .\CortexM0\ARM_GCC_541\Debug\Braille_device.a(MOTOR_2_STEP.o)
 .debug_abbrev  0x00000ddf       0xaa .\CortexM0\ARM_GCC_541\Debug\Braille_device.a(LCD_E.o)
 .debug_abbrev  0x00000e89       0xaa .\CortexM0\ARM_GCC_541\Debug\Braille_device.a(LCD_RS.o)
 .debug_abbrev  0x00000f33       0xaa .\CortexM0\ARM_GCC_541\Debug\Braille_device.a(LCD_D4.o)
 .debug_abbrev  0x00000fdd       0xaa .\CortexM0\ARM_GCC_541\Debug\Braille_device.a(LCD_D5.o)
 .debug_abbrev  0x00001087       0xaa .\CortexM0\ARM_GCC_541\Debug\Braille_device.a(LCD_D7.o)
 .debug_abbrev  0x00001131       0xaa .\CortexM0\ARM_GCC_541\Debug\Braille_device.a(LCD_D6.o)
 .debug_abbrev  0x000011db       0xaa .\CortexM0\ARM_GCC_541\Debug\Braille_device.a(MOTORS_EN.o)
 .debug_abbrev  0x00001285       0x14 .\CortexM0\ARM_GCC_541\Debug\Braille_device.a(CyBootAsmGnu.o)

.debug_line     0x00000000     0x2439
 *(.debug_line)
 .debug_line    0x00000000      0x164 .\CortexM0\ARM_GCC_541\Debug\main.o
 .debug_line    0x00000164      0x1a7 .\CortexM0\ARM_GCC_541\Debug\char_to_braille.o
 .debug_line    0x0000030b      0x3b6 .\CortexM0\ARM_GCC_541\Debug\motor_controller.o
 .debug_line    0x000006c1      0x3b3 .\CortexM0\ARM_GCC_541\Debug\LCD.o
 .debug_line    0x00000a74      0x16c .\CortexM0\ARM_GCC_541\Debug\cyfitter_cfg.o
 .debug_line    0x00000be0      0x141 .\CortexM0\ARM_GCC_541\Debug\cymetadata.o
 .debug_line    0x00000d21      0x1d0 .\CortexM0\ARM_GCC_541\Debug\Cm0Start.o
 .debug_line    0x00000ef1      0x57d .\CortexM0\ARM_GCC_541\Debug\Braille_device.a(CyLib.o)
 .debug_line    0x0000146e      0x721 .\CortexM0\ARM_GCC_541\Debug\Braille_device.a(CyLFClk.o)
 .debug_line    0x00001b8f       0xc3 .\CortexM0\ARM_GCC_541\Debug\Braille_device.a(MOTOR_1_DIR.o)
 .debug_line    0x00001c52       0xc4 .\CortexM0\ARM_GCC_541\Debug\Braille_device.a(MOTOR_1_STEP.o)
 .debug_line    0x00001d16       0xc3 .\CortexM0\ARM_GCC_541\Debug\Braille_device.a(MOTOR_2_DIR.o)
 .debug_line    0x00001dd9       0xc4 .\CortexM0\ARM_GCC_541\Debug\Braille_device.a(MOTOR_2_STEP.o)
 .debug_line    0x00001e9d       0xbd .\CortexM0\ARM_GCC_541\Debug\Braille_device.a(LCD_E.o)
 .debug_line    0x00001f5a       0xbe .\CortexM0\ARM_GCC_541\Debug\Braille_device.a(LCD_RS.o)
 .debug_line    0x00002018       0xbe .\CortexM0\ARM_GCC_541\Debug\Braille_device.a(LCD_D4.o)
 .debug_line    0x000020d6       0xbe .\CortexM0\ARM_GCC_541\Debug\Braille_device.a(LCD_D5.o)
 .debug_line    0x00002194       0xbe .\CortexM0\ARM_GCC_541\Debug\Braille_device.a(LCD_D7.o)
 .debug_line    0x00002252       0xbe .\CortexM0\ARM_GCC_541\Debug\Braille_device.a(LCD_D6.o)
 .debug_line    0x00002310       0xc1 .\CortexM0\ARM_GCC_541\Debug\Braille_device.a(MOTORS_EN.o)
 .debug_line    0x000023d1       0x68 .\CortexM0\ARM_GCC_541\Debug\Braille_device.a(CyBootAsmGnu.o)

.debug_frame    0x00000000     0x1b10
 *(.debug_frame)
 .debug_frame   0x00000000       0x2c .\CortexM0\ARM_GCC_541\Debug\main.o
 .debug_frame   0x0000002c       0x50 .\CortexM0\ARM_GCC_541\Debug\char_to_braille.o
 .debug_frame   0x0000007c      0x110 .\CortexM0\ARM_GCC_541\Debug\motor_controller.o
 .debug_frame   0x0000018c      0x1a4 .\CortexM0\ARM_GCC_541\Debug\LCD.o
 .debug_frame   0x00000330       0xc8 .\CortexM0\ARM_GCC_541\Debug\cyfitter_cfg.o
 .debug_frame   0x000003f8       0xc8 .\CortexM0\ARM_GCC_541\Debug\Cm0Start.o
 .debug_frame   0x000004c0      0x6c4 .\CortexM0\ARM_GCC_541\Debug\Braille_device.a(CyLib.o)
 .debug_frame   0x00000b84      0x5f8 .\CortexM0\ARM_GCC_541\Debug\Braille_device.a(CyLFClk.o)
 .debug_frame   0x0000117c       0xc8 .\CortexM0\ARM_GCC_541\Debug\Braille_device.a(MOTOR_1_DIR.o)
 .debug_frame   0x00001244       0xc8 .\CortexM0\ARM_GCC_541\Debug\Braille_device.a(MOTOR_1_STEP.o)
 .debug_frame   0x0000130c       0xc8 .\CortexM0\ARM_GCC_541\Debug\Braille_device.a(MOTOR_2_DIR.o)
 .debug_frame   0x000013d4       0xc8 .\CortexM0\ARM_GCC_541\Debug\Braille_device.a(MOTOR_2_STEP.o)
 .debug_frame   0x0000149c       0xc8 .\CortexM0\ARM_GCC_541\Debug\Braille_device.a(LCD_E.o)
 .debug_frame   0x00001564       0xc8 .\CortexM0\ARM_GCC_541\Debug\Braille_device.a(LCD_RS.o)
 .debug_frame   0x0000162c       0xc8 .\CortexM0\ARM_GCC_541\Debug\Braille_device.a(LCD_D4.o)
 .debug_frame   0x000016f4       0xc8 .\CortexM0\ARM_GCC_541\Debug\Braille_device.a(LCD_D5.o)
 .debug_frame   0x000017bc       0xc8 .\CortexM0\ARM_GCC_541\Debug\Braille_device.a(LCD_D7.o)
 .debug_frame   0x00001884       0xc8 .\CortexM0\ARM_GCC_541\Debug\Braille_device.a(LCD_D6.o)
 .debug_frame   0x0000194c       0xc8 .\CortexM0\ARM_GCC_541\Debug\Braille_device.a(MOTORS_EN.o)
 .debug_frame   0x00001a14       0x20 c:/program files (x86)/cypress/psoc creator/4.4/psoc creator/import/gnu/arm/5.4.1/bin/../lib/gcc/arm-none-eabi/5.4.1/armv6-m\libgcc.a(_udivsi3.o)
 .debug_frame   0x00001a34       0x20 c:/program files (x86)/cypress/psoc creator/4.4/psoc creator/import/gnu/arm/5.4.1/bin/../lib/gcc/arm-none-eabi/5.4.1/armv6-m\libgcc.a(_divsi3.o)
 .debug_frame   0x00001a54       0x20 c:/program files (x86)/cypress/psoc creator/4.4/psoc creator/import/gnu/arm/5.4.1/bin/../lib/gcc/arm-none-eabi/5.4.1/../../../../arm-none-eabi/lib/armv6-m\libg_nano.a(lib_a-errno.o)
 .debug_frame   0x00001a74       0x28 c:/program files (x86)/cypress/psoc creator/4.4/psoc creator/import/gnu/arm/5.4.1/bin/../lib/gcc/arm-none-eabi/5.4.1/../../../../arm-none-eabi/lib/armv6-m\libg_nano.a(lib_a-exit.o)
 .debug_frame   0x00001a9c       0x2c c:/program files (x86)/cypress/psoc creator/4.4/psoc creator/import/gnu/arm/5.4.1/bin/../lib/gcc/arm-none-eabi/5.4.1/../../../../arm-none-eabi/lib/armv6-m\libg_nano.a(lib_a-init.o)
 .debug_frame   0x00001ac8       0x28 c:/program files (x86)/cypress/psoc creator/4.4/psoc creator/import/gnu/arm/5.4.1/bin/../lib/gcc/arm-none-eabi/5.4.1/../../../../arm-none-eabi/lib/armv6-m\libg_nano.a(lib_a-memcpy-stub.o)
 .debug_frame   0x00001af0       0x20 c:/program files (x86)/cypress/psoc creator/4.4/psoc creator/import/gnu/arm/5.4.1/bin/../lib/gcc/arm-none-eabi/5.4.1/../../../../arm-none-eabi/lib/armv6-m\libg_nano.a(lib_a-memset.o)

.debug_str      0x00000000     0x1a9d
 *(.debug_str)
 .debug_str     0x00000000      0x1cc .\CortexM0\ARM_GCC_541\Debug\main.o
                                0x21d (size before relaxing)
 .debug_str     0x000001cc       0x99 .\CortexM0\ARM_GCC_541\Debug\char_to_braille.o
                                0x22b (size before relaxing)
 .debug_str     0x00000265      0x1d1 .\CortexM0\ARM_GCC_541\Debug\motor_controller.o
                                0x3bb (size before relaxing)
 .debug_str     0x00000436      0x108 .\CortexM0\ARM_GCC_541\Debug\LCD.o
                                0x364 (size before relaxing)
 .debug_str     0x0000053e       0xbd .\CortexM0\ARM_GCC_541\Debug\cyfitter_cfg.o
                                0x24f (size before relaxing)
 .debug_str     0x000005fb       0x59 .\CortexM0\ARM_GCC_541\Debug\cymetadata.o
                                0x1d2 (size before relaxing)
 .debug_str     0x00000654      0x11a .\CortexM0\ARM_GCC_541\Debug\Cm0Start.o
                                0x2d8 (size before relaxing)
 .debug_str     0x0000076e      0x5e9 .\CortexM0\ARM_GCC_541\Debug\Braille_device.a(CyLib.o)
                                0x7c7 (size before relaxing)
 .debug_str     0x00000d57      0x710 .\CortexM0\ARM_GCC_541\Debug\Braille_device.a(CyLFClk.o)
                                0x904 (size before relaxing)
 .debug_str     0x00001467       0xba .\CortexM0\ARM_GCC_541\Debug\Braille_device.a(MOTOR_1_DIR.o)
                                0x26a (size before relaxing)
 .debug_str     0x00001521       0xa5 .\CortexM0\ARM_GCC_541\Debug\Braille_device.a(MOTOR_1_STEP.o)
                                0x271 (size before relaxing)
 .debug_str     0x000015c6       0x9f .\CortexM0\ARM_GCC_541\Debug\Braille_device.a(MOTOR_2_DIR.o)
                                0x26a (size before relaxing)
 .debug_str     0x00001665       0xa5 .\CortexM0\ARM_GCC_541\Debug\Braille_device.a(MOTOR_2_STEP.o)
                                0x271 (size before relaxing)
 .debug_str     0x0000170a       0x7b .\CortexM0\ARM_GCC_541\Debug\Braille_device.a(LCD_E.o)
                                0x240 (size before relaxing)
 .debug_str     0x00001785       0x81 .\CortexM0\ARM_GCC_541\Debug\Braille_device.a(LCD_RS.o)
                                0x247 (size before relaxing)
 .debug_str     0x00001806       0x81 .\CortexM0\ARM_GCC_541\Debug\Braille_device.a(LCD_D4.o)
                                0x247 (size before relaxing)
 .debug_str     0x00001887       0x81 .\CortexM0\ARM_GCC_541\Debug\Braille_device.a(LCD_D5.o)
                                0x247 (size before relaxing)
 .debug_str     0x00001908       0x81 .\CortexM0\ARM_GCC_541\Debug\Braille_device.a(LCD_D7.o)
                                0x247 (size before relaxing)
 .debug_str     0x00001989       0x81 .\CortexM0\ARM_GCC_541\Debug\Braille_device.a(LCD_D6.o)
                                0x247 (size before relaxing)
 .debug_str     0x00001a0a       0x93 .\CortexM0\ARM_GCC_541\Debug\Braille_device.a(MOTORS_EN.o)
                                0x25c (size before relaxing)

.debug_loc
 *(.debug_loc)

.debug_macinfo
 *(.debug_macinfo)

.debug_ranges   0x00000000      0x700
 *(.debug_ranges)
 .debug_ranges  0x00000000       0x10 .\CortexM0\ARM_GCC_541\Debug\main.o
 .debug_ranges  0x00000010       0x18 .\CortexM0\ARM_GCC_541\Debug\char_to_braille.o
 .debug_ranges  0x00000028       0x48 .\CortexM0\ARM_GCC_541\Debug\motor_controller.o
 .debug_ranges  0x00000070       0x70 .\CortexM0\ARM_GCC_541\Debug\LCD.o
 .debug_ranges  0x000000e0       0x38 .\CortexM0\ARM_GCC_541\Debug\cyfitter_cfg.o
 .debug_ranges  0x00000118       0x38 .\CortexM0\ARM_GCC_541\Debug\Cm0Start.o
 .debug_ranges  0x00000150      0x1c0 .\CortexM0\ARM_GCC_541\Debug\Braille_device.a(CyLib.o)
 .debug_ranges  0x00000310      0x188 .\CortexM0\ARM_GCC_541\Debug\Braille_device.a(CyLFClk.o)
 .debug_ranges  0x00000498       0x38 .\CortexM0\ARM_GCC_541\Debug\Braille_device.a(MOTOR_1_DIR.o)
 .debug_ranges  0x000004d0       0x38 .\CortexM0\ARM_GCC_541\Debug\Braille_device.a(MOTOR_1_STEP.o)
 .debug_ranges  0x00000508       0x38 .\CortexM0\ARM_GCC_541\Debug\Braille_device.a(MOTOR_2_DIR.o)
 .debug_ranges  0x00000540       0x38 .\CortexM0\ARM_GCC_541\Debug\Braille_device.a(MOTOR_2_STEP.o)
 .debug_ranges  0x00000578       0x38 .\CortexM0\ARM_GCC_541\Debug\Braille_device.a(LCD_E.o)
 .debug_ranges  0x000005b0       0x38 .\CortexM0\ARM_GCC_541\Debug\Braille_device.a(LCD_RS.o)
 .debug_ranges  0x000005e8       0x38 .\CortexM0\ARM_GCC_541\Debug\Braille_device.a(LCD_D4.o)
 .debug_ranges  0x00000620       0x38 .\CortexM0\ARM_GCC_541\Debug\Braille_device.a(LCD_D5.o)
 .debug_ranges  0x00000658       0x38 .\CortexM0\ARM_GCC_541\Debug\Braille_device.a(LCD_D7.o)
 .debug_ranges  0x00000690       0x38 .\CortexM0\ARM_GCC_541\Debug\Braille_device.a(LCD_D6.o)
 .debug_ranges  0x000006c8       0x38 .\CortexM0\ARM_GCC_541\Debug\Braille_device.a(MOTORS_EN.o)

.comment        0x00000000       0x6e
 .comment       0x00000000       0x6e .\CortexM0\ARM_GCC_541\Debug\main.o
                                 0x6f (size before relaxing)
 .comment       0x0000006e       0x6f .\CortexM0\ARM_GCC_541\Debug\char_to_braille.o
 .comment       0x0000006e       0x6f .\CortexM0\ARM_GCC_541\Debug\motor_controller.o
 .comment       0x0000006e       0x6f .\CortexM0\ARM_GCC_541\Debug\LCD.o
 .comment       0x0000006e       0x6f .\CortexM0\ARM_GCC_541\Debug\cyfitter_cfg.o
 .comment       0x0000006e       0x6f .\CortexM0\ARM_GCC_541\Debug\cymetadata.o
 .comment       0x0000006e       0x6f .\CortexM0\ARM_GCC_541\Debug\Cm0Start.o
 .comment       0x0000006e       0x6f .\CortexM0\ARM_GCC_541\Debug\Braille_device.a(CyLib.o)
 .comment       0x0000006e       0x6f .\CortexM0\ARM_GCC_541\Debug\Braille_device.a(CyLFClk.o)
 .comment       0x0000006e       0x6f .\CortexM0\ARM_GCC_541\Debug\Braille_device.a(MOTOR_1_DIR.o)
 .comment       0x0000006e       0x6f .\CortexM0\ARM_GCC_541\Debug\Braille_device.a(MOTOR_1_STEP.o)
 .comment       0x0000006e       0x6f .\CortexM0\ARM_GCC_541\Debug\Braille_device.a(MOTOR_2_DIR.o)
 .comment       0x0000006e       0x6f .\CortexM0\ARM_GCC_541\Debug\Braille_device.a(MOTOR_2_STEP.o)
 .comment       0x0000006e       0x6f .\CortexM0\ARM_GCC_541\Debug\Braille_device.a(LCD_E.o)
 .comment       0x0000006e       0x6f .\CortexM0\ARM_GCC_541\Debug\Braille_device.a(LCD_RS.o)
 .comment       0x0000006e       0x6f .\CortexM0\ARM_GCC_541\Debug\Braille_device.a(LCD_D4.o)
 .comment       0x0000006e       0x6f .\CortexM0\ARM_GCC_541\Debug\Braille_device.a(LCD_D5.o)
 .comment       0x0000006e       0x6f .\CortexM0\ARM_GCC_541\Debug\Braille_device.a(LCD_D7.o)
 .comment       0x0000006e       0x6f .\CortexM0\ARM_GCC_541\Debug\Braille_device.a(LCD_D6.o)
 .comment       0x0000006e       0x6f .\CortexM0\ARM_GCC_541\Debug\Braille_device.a(MOTORS_EN.o)

.debug_weaknames
 *(.debug_weaknames)

.debug_funcnames
 *(.debug_funcnames)

.debug_typenames
 *(.debug_typenames)

.debug_varnames
 *(.debug_varnames)

.note.gnu.arm.ident
 *(.note.gnu.arm.ident)

.ARM.attributes
                0x00000000       0x28
 *(.ARM.attributes)
 .ARM.attributes
                0x00000000       0x1e c:/program files (x86)/cypress/psoc creator/4.4/psoc creator/import/gnu/arm/5.4.1/bin/../lib/gcc/arm-none-eabi/5.4.1/armv6-m/crti.o
 .ARM.attributes
                0x0000001e       0x2c c:/program files (x86)/cypress/psoc creator/4.4/psoc creator/import/gnu/arm/5.4.1/bin/../lib/gcc/arm-none-eabi/5.4.1/armv6-m/crtbegin.o
 .ARM.attributes
                0x0000004a       0x1b c:/program files (x86)/cypress/psoc creator/4.4/psoc creator/import/gnu/arm/5.4.1/bin/../lib/gcc/arm-none-eabi/5.4.1/../../../../arm-none-eabi/lib/armv6-m/crt0.o
 .ARM.attributes
                0x00000065       0x31 .\CortexM0\ARM_GCC_541\Debug\main.o
 .ARM.attributes
                0x00000096       0x31 .\CortexM0\ARM_GCC_541\Debug\char_to_braille.o
 .ARM.attributes
                0x000000c7       0x31 .\CortexM0\ARM_GCC_541\Debug\motor_controller.o
 .ARM.attributes
                0x000000f8       0x31 .\CortexM0\ARM_GCC_541\Debug\LCD.o
 .ARM.attributes
                0x00000129       0x31 .\CortexM0\ARM_GCC_541\Debug\cyfitter_cfg.o
 .ARM.attributes
                0x0000015a       0x31 .\CortexM0\ARM_GCC_541\Debug\cymetadata.o
 .ARM.attributes
                0x0000018b       0x31 .\CortexM0\ARM_GCC_541\Debug\Cm0Start.o
 .ARM.attributes
                0x000001bc       0x31 .\CortexM0\ARM_GCC_541\Debug\Braille_device.a(CyLib.o)
 .ARM.attributes
                0x000001ed       0x31 .\CortexM0\ARM_GCC_541\Debug\Braille_device.a(CyLFClk.o)
 .ARM.attributes
                0x0000021e       0x31 .\CortexM0\ARM_GCC_541\Debug\Braille_device.a(MOTOR_1_DIR.o)
 .ARM.attributes
                0x0000024f       0x31 .\CortexM0\ARM_GCC_541\Debug\Braille_device.a(MOTOR_1_STEP.o)
 .ARM.attributes
                0x00000280       0x31 .\CortexM0\ARM_GCC_541\Debug\Braille_device.a(MOTOR_2_DIR.o)
 .ARM.attributes
                0x000002b1       0x31 .\CortexM0\ARM_GCC_541\Debug\Braille_device.a(MOTOR_2_STEP.o)
 .ARM.attributes
                0x000002e2       0x31 .\CortexM0\ARM_GCC_541\Debug\Braille_device.a(LCD_E.o)
 .ARM.attributes
                0x00000313       0x31 .\CortexM0\ARM_GCC_541\Debug\Braille_device.a(LCD_RS.o)
 .ARM.attributes
                0x00000344       0x31 .\CortexM0\ARM_GCC_541\Debug\Braille_device.a(LCD_D4.o)
 .ARM.attributes
                0x00000375       0x31 .\CortexM0\ARM_GCC_541\Debug\Braille_device.a(LCD_D5.o)
 .ARM.attributes
                0x000003a6       0x31 .\CortexM0\ARM_GCC_541\Debug\Braille_device.a(LCD_D7.o)
 .ARM.attributes
                0x000003d7       0x31 .\CortexM0\ARM_GCC_541\Debug\Braille_device.a(LCD_D6.o)
 .ARM.attributes
                0x00000408       0x31 .\CortexM0\ARM_GCC_541\Debug\Braille_device.a(MOTORS_EN.o)
 .ARM.attributes
                0x00000439       0x21 .\CortexM0\ARM_GCC_541\Debug\Braille_device.a(CyBootAsmGnu.o)
 .ARM.attributes
                0x0000045a       0x1e c:/program files (x86)/cypress/psoc creator/4.4/psoc creator/import/gnu/arm/5.4.1/bin/../lib/gcc/arm-none-eabi/5.4.1/armv6-m\libgcc.a(_udivsi3.o)
 .ARM.attributes
                0x00000478       0x1e c:/program files (x86)/cypress/psoc creator/4.4/psoc creator/import/gnu/arm/5.4.1/bin/../lib/gcc/arm-none-eabi/5.4.1/armv6-m\libgcc.a(_divsi3.o)
 .ARM.attributes
                0x00000496       0x1e c:/program files (x86)/cypress/psoc creator/4.4/psoc creator/import/gnu/arm/5.4.1/bin/../lib/gcc/arm-none-eabi/5.4.1/armv6-m\libgcc.a(_dvmd_tls.o)
 .ARM.attributes
                0x000004b4       0x2c c:/program files (x86)/cypress/psoc creator/4.4/psoc creator/import/gnu/arm/5.4.1/bin/../lib/gcc/arm-none-eabi/5.4.1/../../../../arm-none-eabi/lib/armv6-m\libg_nano.a(lib_a-ctype_.o)
 .ARM.attributes
                0x000004e0       0x2c c:/program files (x86)/cypress/psoc creator/4.4/psoc creator/import/gnu/arm/5.4.1/bin/../lib/gcc/arm-none-eabi/5.4.1/../../../../arm-none-eabi/lib/armv6-m\libg_nano.a(lib_a-errno.o)
 .ARM.attributes
                0x0000050c       0x2c c:/program files (x86)/cypress/psoc creator/4.4/psoc creator/import/gnu/arm/5.4.1/bin/../lib/gcc/arm-none-eabi/5.4.1/../../../../arm-none-eabi/lib/armv6-m\libg_nano.a(lib_a-exit.o)
 .ARM.attributes
                0x00000538       0x2c c:/program files (x86)/cypress/psoc creator/4.4/psoc creator/import/gnu/arm/5.4.1/bin/../lib/gcc/arm-none-eabi/5.4.1/../../../../arm-none-eabi/lib/armv6-m\libg_nano.a(lib_a-impure.o)
 .ARM.attributes
                0x00000564       0x2c c:/program files (x86)/cypress/psoc creator/4.4/psoc creator/import/gnu/arm/5.4.1/bin/../lib/gcc/arm-none-eabi/5.4.1/../../../../arm-none-eabi/lib/armv6-m\libg_nano.a(lib_a-init.o)
 .ARM.attributes
                0x00000590       0x2c c:/program files (x86)/cypress/psoc creator/4.4/psoc creator/import/gnu/arm/5.4.1/bin/../lib/gcc/arm-none-eabi/5.4.1/../../../../arm-none-eabi/lib/armv6-m\libg_nano.a(lib_a-memcpy-stub.o)
 .ARM.attributes
                0x000005bc       0x2c c:/program files (x86)/cypress/psoc creator/4.4/psoc creator/import/gnu/arm/5.4.1/bin/../lib/gcc/arm-none-eabi/5.4.1/../../../../arm-none-eabi/lib/armv6-m\libg_nano.a(lib_a-memset.o)
 .ARM.attributes
                0x000005e8       0x2c c:/program files (x86)/cypress/psoc creator/4.4/psoc creator/import/gnu/arm/5.4.1/bin/../lib/gcc/arm-none-eabi/5.4.1/armv6-m/crtend.o
 .ARM.attributes
                0x00000614       0x1e c:/program files (x86)/cypress/psoc creator/4.4/psoc creator/import/gnu/arm/5.4.1/bin/../lib/gcc/arm-none-eabi/5.4.1/armv6-m/crtn.o

/DISCARD/
 *(.note.GNU-stack)
OUTPUT(D:\UCU_4th_year\diploma\refreshable_braille_device\RBD\Braille_device.cydsn\CortexM0\ARM_GCC_541\Debug\Braille_device.elf elf32-littlearm)
