ARM GAS  C:\Users\semen\AppData\Local\Temp\cc2inMsD.s 			page 1


   1              		.syntax unified
   2              		.cpu cortex-m0
   3              		.fpu softvfp
   4              		.eabi_attribute 20, 1
   5              		.eabi_attribute 21, 1
   6              		.eabi_attribute 23, 3
   7              		.eabi_attribute 24, 1
   8              		.eabi_attribute 25, 1
   9              		.eabi_attribute 26, 1
  10              		.eabi_attribute 30, 6
  11              		.eabi_attribute 34, 0
  12              		.eabi_attribute 18, 4
  13              		.thumb
  14              		.syntax unified
  15              		.file	"char_to_braille.c"
  16              		.text
  17              	.Ltext0:
  18              		.cfi_sections	.debug_frame
  19              		.global	braille_table
  20              		.section	.rodata
  21              		.align	2
  22              		.type	braille_table, %object
  23              		.size	braille_table, 256
  24              	braille_table:
  25 0000 00000000 		.space	64
  25      00000000 
  25      00000000 
  25      00000000 
  25      00000000 
  26 0040 06       		.byte	6
  27 0041 06       		.byte	6
  28 0042 02       		.byte	2
  29 0043 00       		.byte	0
  30 0044 0000     		.space	2
  31 0046 07       		.byte	7
  32 0047 03       		.byte	3
  33 0048 00000000 		.space	24
  33      00000000 
  33      00000000 
  33      00000000 
  33      00000000 
  34 0060 00       		.byte	0
  35 0061 04       		.byte	4
  36 0062 05       		.byte	5
  37 0063 06       		.byte	6
  38 0064 04       		.byte	4
  39 0065 06       		.byte	6
  40 0066 05       		.byte	5
  41 0067 05       		.byte	5
  42 0068 05       		.byte	5
  43 0069 04       		.byte	4
  44 006a 05       		.byte	5
  45 006b 00       		.byte	0
  46 006c 04       		.byte	4
  47 006d 05       		.byte	5
  48 006e 04       		.byte	4
  49 006f 04       		.byte	4
ARM GAS  C:\Users\semen\AppData\Local\Temp\cc2inMsD.s 			page 2


  50 0070 04       		.byte	4
  51 0071 00       		.byte	0
  52 0072 00       		.byte	0
  53 0073 05       		.byte	5
  54 0074 00000000 		.space	78
  54      00000000 
  54      00000000 
  54      00000000 
  54      00000000 
  55 00c2 05       		.byte	5
  56 00c3 06       		.byte	6
  57 00c4 04       		.byte	4
  58 00c5 06       		.byte	6
  59 00c6 05       		.byte	5
  60 00c7 05       		.byte	5
  61 00c8 05       		.byte	5
  62 00c9 04       		.byte	4
  63 00ca 05       		.byte	5
  64 00cb 00       		.byte	0
  65 00cc 04       		.byte	4
  66 00cd 05       		.byte	5
  67 00ce 04       		.byte	4
  68 00cf 04       		.byte	4
  69 00d0 04       		.byte	4
  70 00d1 00       		.byte	0
  71 00d2 00       		.byte	0
  72 00d3 05       		.byte	5
  73 00d4 00       		.byte	0
  74 00d5 04       		.byte	4
  75 00d6 01       		.byte	1
  76 00d7 06       		.byte	6
  77 00d8 03       		.byte	3
  78 00d9 06       		.byte	6
  79 00da 01       		.byte	1
  80 00db 05       		.byte	5
  81 00dc 01       		.byte	1
  82 00dd 04       		.byte	4
  83 00de 01       		.byte	1
  84 00df 00       		.byte	0
  85 00e0 03       		.byte	3
  86 00e1 05       		.byte	5
  87 00e2 03       		.byte	3
  88 00e3 04       		.byte	4
  89 00e4 03       		.byte	3
  90 00e5 00       		.byte	0
  91 00e6 02       		.byte	2
  92 00e7 05       		.byte	5
  93 00e8 02       		.byte	2
  94 00e9 04       		.byte	4
  95 00ea 01       		.byte	1
  96 00eb 07       		.byte	7
  97 00ec 03       		.byte	3
  98 00ed 01       		.byte	1
  99 00ee 00       		.byte	0
 100 00ef 03       		.byte	3
 101 00f0 01       		.byte	1
 102 00f1 01       		.byte	1
ARM GAS  C:\Users\semen\AppData\Local\Temp\cc2inMsD.s 			page 3


 103 00f2 01       		.byte	1
 104 00f3 03       		.byte	3
 105 00f4 01       		.byte	1
 106 00f5 02       		.byte	2
 107 00f6 00000000 		.space	10
 107      00000000 
 107      0000
 108              		.global	dots
 109              		.align	2
 110              		.type	dots, %object
 111              		.size	dots, 64
 112              	dots:
 113 0100 00       		.byte	0
 114 0101 00       		.byte	0
 115 0102 00       		.byte	0
 116 0103 18       		.byte	24
 117 0104 18       		.byte	24
 118 0105 00       		.byte	0
 119 0106 00       		.byte	0
 120 0107 00       		.byte	0
 121 0108 18       		.byte	24
 122 0109 18       		.byte	24
 123 010a 00       		.byte	0
 124 010b 00       		.byte	0
 125 010c 00       		.byte	0
 126 010d 00       		.byte	0
 127 010e 18       		.byte	24
 128 010f 18       		.byte	24
 129 0110 00       		.byte	0
 130 0111 00       		.byte	0
 131 0112 00       		.byte	0
 132 0113 18       		.byte	24
 133 0114 18       		.byte	24
 134 0115 00       		.byte	0
 135 0116 18       		.byte	24
 136 0117 18       		.byte	24
 137 0118 18       		.byte	24
 138 0119 18       		.byte	24
 139 011a 00       		.byte	0
 140 011b 18       		.byte	24
 141 011c 18       		.byte	24
 142 011d 00       		.byte	0
 143 011e 18       		.byte	24
 144 011f 18       		.byte	24
 145 0120 18       		.byte	24
 146 0121 18       		.byte	24
 147 0122 00       		.byte	0
 148 0123 18       		.byte	24
 149 0124 18       		.byte	24
 150 0125 00       		.byte	0
 151 0126 00       		.byte	0
 152 0127 00       		.byte	0
 153 0128 18       		.byte	24
 154 0129 18       		.byte	24
 155 012a 00       		.byte	0
 156 012b 00       		.byte	0
 157 012c 00       		.byte	0
ARM GAS  C:\Users\semen\AppData\Local\Temp\cc2inMsD.s 			page 4


 158 012d 00       		.byte	0
 159 012e 00       		.byte	0
 160 012f 00       		.byte	0
 161 0130 00       		.byte	0
 162 0131 00       		.byte	0
 163 0132 00       		.byte	0
 164 0133 00       		.byte	0
 165 0134 00       		.byte	0
 166 0135 00       		.byte	0
 167 0136 00       		.byte	0
 168 0137 00       		.byte	0
 169 0138 00       		.byte	0
 170 0139 00       		.byte	0
 171 013a 00       		.byte	0
 172 013b 00       		.byte	0
 173 013c 00       		.byte	0
 174 013d 00       		.byte	0
 175 013e 18       		.byte	24
 176 013f 18       		.byte	24
 177              		.section	.text.text_to_lcd_braille,"ax",%progbits
 178              		.align	2
 179              		.global	text_to_lcd_braille
 180              		.code	16
 181              		.thumb_func
 182              		.type	text_to_lcd_braille, %function
 183              	text_to_lcd_braille:
 184              	.LFB0:
 185              		.file 1 "RBD_sources\\char_to_braille.c"
   1:RBD_sources/char_to_braille.c **** /* ========================================
   2:RBD_sources/char_to_braille.c ****  *
   3:RBD_sources/char_to_braille.c ****  * Copyright YOUR COMPANY, THE YEAR
   4:RBD_sources/char_to_braille.c ****  * All Rights Reserved
   5:RBD_sources/char_to_braille.c ****  * UNPUBLISHED, LICENSED SOFTWARE.
   6:RBD_sources/char_to_braille.c ****  *
   7:RBD_sources/char_to_braille.c ****  * CONFIDENTIAL AND PROPRIETARY INFORMATION
   8:RBD_sources/char_to_braille.c ****  * WHICH IS THE PROPERTY OF your company.
   9:RBD_sources/char_to_braille.c ****  *
  10:RBD_sources/char_to_braille.c ****  * ========================================
  11:RBD_sources/char_to_braille.c **** */
  12:RBD_sources/char_to_braille.c **** 
  13:RBD_sources/char_to_braille.c **** 
  14:RBD_sources/char_to_braille.c ****     #include <char_to_braille.h>
  15:RBD_sources/char_to_braille.c **** 
  16:RBD_sources/char_to_braille.c ****     const BrailleCell braille_table[128] = {
  17:RBD_sources/char_to_braille.c ****     ['a'] = {5, 6},
  18:RBD_sources/char_to_braille.c ****     ['b'] = {4, 6},
  19:RBD_sources/char_to_braille.c ****     ['c'] = {5, 5},
  20:RBD_sources/char_to_braille.c ****     ['d'] = {5, 4},
  21:RBD_sources/char_to_braille.c ****     ['e'] = {5, 0},
  22:RBD_sources/char_to_braille.c ****     ['f'] = {4, 5},
  23:RBD_sources/char_to_braille.c ****     ['g'] = {4, 4},
  24:RBD_sources/char_to_braille.c ****     ['h'] = {4, 0},
  25:RBD_sources/char_to_braille.c ****     ['i'] = {0, 5},
  26:RBD_sources/char_to_braille.c ****     ['j'] = {0, 4},
  27:RBD_sources/char_to_braille.c **** 
  28:RBD_sources/char_to_braille.c ****     ['k'] = {1, 6},
  29:RBD_sources/char_to_braille.c ****     ['l'] = {3, 6},
ARM GAS  C:\Users\semen\AppData\Local\Temp\cc2inMsD.s 			page 5


  30:RBD_sources/char_to_braille.c ****     ['m'] = {1, 5},
  31:RBD_sources/char_to_braille.c ****     ['n'] = {1, 4},
  32:RBD_sources/char_to_braille.c ****     ['o'] = {1, 0},
  33:RBD_sources/char_to_braille.c ****     ['p'] = {3, 5},
  34:RBD_sources/char_to_braille.c ****     ['q'] = {3, 4},
  35:RBD_sources/char_to_braille.c ****     ['r'] = {3, 0},
  36:RBD_sources/char_to_braille.c ****     ['s'] = {2, 5},
  37:RBD_sources/char_to_braille.c ****     ['t'] = {2, 4},
  38:RBD_sources/char_to_braille.c **** 
  39:RBD_sources/char_to_braille.c ****     ['u'] = {1, 7},
  40:RBD_sources/char_to_braille.c ****     ['v'] = {3, 1},
  41:RBD_sources/char_to_braille.c ****     ['w'] = {0, 3},
  42:RBD_sources/char_to_braille.c ****     ['x'] = {1, 1},
  43:RBD_sources/char_to_braille.c ****     ['y'] = {1, 3},
  44:RBD_sources/char_to_braille.c ****     ['z'] = {1, 2},
  45:RBD_sources/char_to_braille.c **** 
  46:RBD_sources/char_to_braille.c ****     [' '] = {6, 6},
  47:RBD_sources/char_to_braille.c ****     
  48:RBD_sources/char_to_braille.c ****     ['#'] = {7, 3},
  49:RBD_sources/char_to_braille.c ****     ['1'] = {5, 6},
  50:RBD_sources/char_to_braille.c ****     ['2'] = {4, 6},
  51:RBD_sources/char_to_braille.c ****     ['3'] = {5, 5},
  52:RBD_sources/char_to_braille.c ****     ['4'] = {5, 4},
  53:RBD_sources/char_to_braille.c ****     ['5'] = {5, 0},
  54:RBD_sources/char_to_braille.c ****     ['6'] = {4, 5},
  55:RBD_sources/char_to_braille.c ****     ['7'] = {4, 4},
  56:RBD_sources/char_to_braille.c ****     ['8'] = {4, 0},
  57:RBD_sources/char_to_braille.c ****     ['9'] = {0, 5},
  58:RBD_sources/char_to_braille.c ****     ['0'] = {0, 4},
  59:RBD_sources/char_to_braille.c ****     ['!'] = {2, 0}
  60:RBD_sources/char_to_braille.c **** };
  61:RBD_sources/char_to_braille.c ****     
  62:RBD_sources/char_to_braille.c ****     const LCD_Braille_Cell dots[8] = {
  63:RBD_sources/char_to_braille.c ****     {
  64:RBD_sources/char_to_braille.c ****         0b00000,
  65:RBD_sources/char_to_braille.c ****         0b00000,
  66:RBD_sources/char_to_braille.c ****         0b00000,
  67:RBD_sources/char_to_braille.c ****         0b11000,
  68:RBD_sources/char_to_braille.c ****         0b11000,
  69:RBD_sources/char_to_braille.c ****         0b00000,
  70:RBD_sources/char_to_braille.c ****         0b00000,
  71:RBD_sources/char_to_braille.c ****         0b00000,
  72:RBD_sources/char_to_braille.c ****     },
  73:RBD_sources/char_to_braille.c ****     {   
  74:RBD_sources/char_to_braille.c ****         0b11000,
  75:RBD_sources/char_to_braille.c ****         0b11000,
  76:RBD_sources/char_to_braille.c ****         0b00000,
  77:RBD_sources/char_to_braille.c ****         0b00000,
  78:RBD_sources/char_to_braille.c ****         0b00000,
  79:RBD_sources/char_to_braille.c ****         0b00000,
  80:RBD_sources/char_to_braille.c ****         0b11000,
  81:RBD_sources/char_to_braille.c ****         0b11000,
  82:RBD_sources/char_to_braille.c ****     },
  83:RBD_sources/char_to_braille.c ****     {
  84:RBD_sources/char_to_braille.c ****         0b00000,
  85:RBD_sources/char_to_braille.c ****         0b00000,
  86:RBD_sources/char_to_braille.c ****         0b00000,
ARM GAS  C:\Users\semen\AppData\Local\Temp\cc2inMsD.s 			page 6


  87:RBD_sources/char_to_braille.c ****         0b11000,
  88:RBD_sources/char_to_braille.c ****         0b11000,
  89:RBD_sources/char_to_braille.c ****         0b00000,
  90:RBD_sources/char_to_braille.c ****         0b11000,
  91:RBD_sources/char_to_braille.c ****         0b11000,
  92:RBD_sources/char_to_braille.c ****     },
  93:RBD_sources/char_to_braille.c ****     {
  94:RBD_sources/char_to_braille.c ****         0b11000,
  95:RBD_sources/char_to_braille.c ****         0b11000,
  96:RBD_sources/char_to_braille.c ****         0b00000,
  97:RBD_sources/char_to_braille.c ****         0b11000,
  98:RBD_sources/char_to_braille.c ****         0b11000,
  99:RBD_sources/char_to_braille.c ****         0b00000,
 100:RBD_sources/char_to_braille.c ****         0b11000,
 101:RBD_sources/char_to_braille.c ****         0b11000,
 102:RBD_sources/char_to_braille.c ****     },
 103:RBD_sources/char_to_braille.c ****     {
 104:RBD_sources/char_to_braille.c ****         0b11000,
 105:RBD_sources/char_to_braille.c ****         0b11000,
 106:RBD_sources/char_to_braille.c ****         0b00000,
 107:RBD_sources/char_to_braille.c ****         0b11000,
 108:RBD_sources/char_to_braille.c ****         0b11000,
 109:RBD_sources/char_to_braille.c ****         0b00000,
 110:RBD_sources/char_to_braille.c ****         0b00000,
 111:RBD_sources/char_to_braille.c ****         0b00000,
 112:RBD_sources/char_to_braille.c ****     },
 113:RBD_sources/char_to_braille.c ****     {
 114:RBD_sources/char_to_braille.c ****         0b11000,
 115:RBD_sources/char_to_braille.c ****         0b11000,
 116:RBD_sources/char_to_braille.c ****         0b00000,
 117:RBD_sources/char_to_braille.c ****         0b00000,
 118:RBD_sources/char_to_braille.c ****         0b00000,
 119:RBD_sources/char_to_braille.c ****         0b00000,
 120:RBD_sources/char_to_braille.c ****         0b00000,
 121:RBD_sources/char_to_braille.c ****         0b00000,
 122:RBD_sources/char_to_braille.c ****     },
 123:RBD_sources/char_to_braille.c ****     {
 124:RBD_sources/char_to_braille.c ****         0b00000,
 125:RBD_sources/char_to_braille.c ****         0b00000,
 126:RBD_sources/char_to_braille.c ****         0b00000,
 127:RBD_sources/char_to_braille.c ****         0b00000,
 128:RBD_sources/char_to_braille.c ****         0b00000,
 129:RBD_sources/char_to_braille.c ****         0b00000,
 130:RBD_sources/char_to_braille.c ****         0b00000,
 131:RBD_sources/char_to_braille.c ****         0b00000,
 132:RBD_sources/char_to_braille.c ****     },
 133:RBD_sources/char_to_braille.c ****     {
 134:RBD_sources/char_to_braille.c ****         0b00000,
 135:RBD_sources/char_to_braille.c ****         0b00000,
 136:RBD_sources/char_to_braille.c ****         0b00000,
 137:RBD_sources/char_to_braille.c ****         0b00000,
 138:RBD_sources/char_to_braille.c ****         0b00000,
 139:RBD_sources/char_to_braille.c ****         0b00000,
 140:RBD_sources/char_to_braille.c ****         0b11000,
 141:RBD_sources/char_to_braille.c ****         0b11000,
 142:RBD_sources/char_to_braille.c ****     }
 143:RBD_sources/char_to_braille.c **** };    
ARM GAS  C:\Users\semen\AppData\Local\Temp\cc2inMsD.s 			page 7


 144:RBD_sources/char_to_braille.c **** 
 145:RBD_sources/char_to_braille.c ****     void text_to_lcd_braille(char ch, uint8_t* braille_ch){        
 186              		.loc 1 145 0
 187              		.cfi_startproc
 188              		@ args = 0, pretend = 0, frame = 16
 189              		@ frame_needed = 1, uses_anonymous_args = 0
 190 0000 80B5     		push	{r7, lr}
 191              		.cfi_def_cfa_offset 8
 192              		.cfi_offset 7, -8
 193              		.cfi_offset 14, -4
 194 0002 84B0     		sub	sp, sp, #16
 195              		.cfi_def_cfa_offset 24
 196 0004 00AF     		add	r7, sp, #0
 197              		.cfi_def_cfa_register 7
 198 0006 0200     		movs	r2, r0
 199 0008 3960     		str	r1, [r7]
 200 000a FB1D     		adds	r3, r7, #7
 201 000c 1A70     		strb	r2, [r3]
 146:RBD_sources/char_to_braille.c ****         uint8_t first_row = braille_table[ch].left;
 202              		.loc 1 146 0
 203 000e FB1D     		adds	r3, r7, #7
 204 0010 1978     		ldrb	r1, [r3]
 205 0012 0B23     		movs	r3, #11
 206 0014 FB18     		adds	r3, r7, r3
 207 0016 1A4A     		ldr	r2, .L4
 208 0018 4900     		lsls	r1, r1, #1
 209 001a 8A5C     		ldrb	r2, [r1, r2]
 210 001c 1A70     		strb	r2, [r3]
 147:RBD_sources/char_to_braille.c ****         uint8_t second_row = braille_table[ch].right;
 211              		.loc 1 147 0
 212 001e FB1D     		adds	r3, r7, #7
 213 0020 1A78     		ldrb	r2, [r3]
 214 0022 0A23     		movs	r3, #10
 215 0024 FB18     		adds	r3, r7, r3
 216 0026 1649     		ldr	r1, .L4
 217 0028 5200     		lsls	r2, r2, #1
 218 002a 8A18     		adds	r2, r1, r2
 219 002c 0132     		adds	r2, r2, #1
 220 002e 1278     		ldrb	r2, [r2]
 221 0030 1A70     		strb	r2, [r3]
 222              	.LBB2:
 148:RBD_sources/char_to_braille.c ****         
 149:RBD_sources/char_to_braille.c ****         for (int i=0; i<8; i++){
 223              		.loc 1 149 0
 224 0032 0023     		movs	r3, #0
 225 0034 FB60     		str	r3, [r7, #12]
 226 0036 1CE0     		b	.L2
 227              	.L3:
 150:RBD_sources/char_to_braille.c ****             braille_ch[i] = dots[first_row].glyphs[i] | (dots[second_row].glyphs[i] >> 3);
 228              		.loc 1 150 0 discriminator 3
 229 0038 FB68     		ldr	r3, [r7, #12]
 230 003a 3A68     		ldr	r2, [r7]
 231 003c D318     		adds	r3, r2, r3
 232 003e 0B22     		movs	r2, #11
 233 0040 BA18     		adds	r2, r7, r2
 234 0042 1278     		ldrb	r2, [r2]
 235 0044 0F49     		ldr	r1, .L4+4
ARM GAS  C:\Users\semen\AppData\Local\Temp\cc2inMsD.s 			page 8


 236 0046 D200     		lsls	r2, r2, #3
 237 0048 8918     		adds	r1, r1, r2
 238 004a FA68     		ldr	r2, [r7, #12]
 239 004c 8A18     		adds	r2, r1, r2
 240 004e 1178     		ldrb	r1, [r2]
 241 0050 0A22     		movs	r2, #10
 242 0052 BA18     		adds	r2, r7, r2
 243 0054 1278     		ldrb	r2, [r2]
 244 0056 0B48     		ldr	r0, .L4+4
 245 0058 D200     		lsls	r2, r2, #3
 246 005a 8018     		adds	r0, r0, r2
 247 005c FA68     		ldr	r2, [r7, #12]
 248 005e 8218     		adds	r2, r0, r2
 249 0060 1278     		ldrb	r2, [r2]
 250 0062 D208     		lsrs	r2, r2, #3
 251 0064 D2B2     		uxtb	r2, r2
 252 0066 0A43     		orrs	r2, r1
 253 0068 D2B2     		uxtb	r2, r2
 254 006a 1A70     		strb	r2, [r3]
 149:RBD_sources/char_to_braille.c ****             braille_ch[i] = dots[first_row].glyphs[i] | (dots[second_row].glyphs[i] >> 3);
 255              		.loc 1 149 0 discriminator 3
 256 006c FB68     		ldr	r3, [r7, #12]
 257 006e 0133     		adds	r3, r3, #1
 258 0070 FB60     		str	r3, [r7, #12]
 259              	.L2:
 149:RBD_sources/char_to_braille.c ****             braille_ch[i] = dots[first_row].glyphs[i] | (dots[second_row].glyphs[i] >> 3);
 260              		.loc 1 149 0 is_stmt 0 discriminator 1
 261 0072 FB68     		ldr	r3, [r7, #12]
 262 0074 072B     		cmp	r3, #7
 263 0076 DFDD     		ble	.L3
 264              	.LBE2:
 151:RBD_sources/char_to_braille.c ****         }
 152:RBD_sources/char_to_braille.c **** 
 153:RBD_sources/char_to_braille.c ****         
 154:RBD_sources/char_to_braille.c ****     }
 265              		.loc 1 154 0 is_stmt 1
 266 0078 C046     		nop
 267 007a BD46     		mov	sp, r7
 268 007c 04B0     		add	sp, sp, #16
 269              		@ sp needed
 270 007e 80BD     		pop	{r7, pc}
 271              	.L5:
 272              		.align	2
 273              	.L4:
 274 0080 00000000 		.word	braille_table
 275 0084 00000000 		.word	dots
 276              		.cfi_endproc
 277              	.LFE0:
 278              		.size	text_to_lcd_braille, .-text_to_lcd_braille
 279              		.section	.text.test_text_to_lcd_braille,"ax",%progbits
 280              		.align	2
 281              		.global	test_text_to_lcd_braille
 282              		.code	16
 283              		.thumb_func
 284              		.type	test_text_to_lcd_braille, %function
 285              	test_text_to_lcd_braille:
 286              	.LFB1:
ARM GAS  C:\Users\semen\AppData\Local\Temp\cc2inMsD.s 			page 9


 155:RBD_sources/char_to_braille.c ****     
 156:RBD_sources/char_to_braille.c ****     void test_text_to_lcd_braille(uint8_t num, uint8_t* braille_ch){        
 287              		.loc 1 156 0
 288              		.cfi_startproc
 289              		@ args = 0, pretend = 0, frame = 16
 290              		@ frame_needed = 1, uses_anonymous_args = 0
 291 0000 80B5     		push	{r7, lr}
 292              		.cfi_def_cfa_offset 8
 293              		.cfi_offset 7, -8
 294              		.cfi_offset 14, -4
 295 0002 84B0     		sub	sp, sp, #16
 296              		.cfi_def_cfa_offset 24
 297 0004 00AF     		add	r7, sp, #0
 298              		.cfi_def_cfa_register 7
 299 0006 0200     		movs	r2, r0
 300 0008 3960     		str	r1, [r7]
 301 000a FB1D     		adds	r3, r7, #7
 302 000c 1A70     		strb	r2, [r3]
 303              	.LBB3:
 157:RBD_sources/char_to_braille.c ****         
 158:RBD_sources/char_to_braille.c ****         for (int i=0; i<8; i++){
 304              		.loc 1 158 0
 305 000e 0023     		movs	r3, #0
 306 0010 FB60     		str	r3, [r7, #12]
 307 0012 0EE0     		b	.L7
 308              	.L8:
 159:RBD_sources/char_to_braille.c ****             braille_ch[i] = dots[num].glyphs[i];
 309              		.loc 1 159 0 discriminator 3
 310 0014 FB68     		ldr	r3, [r7, #12]
 311 0016 3A68     		ldr	r2, [r7]
 312 0018 D318     		adds	r3, r2, r3
 313 001a FA1D     		adds	r2, r7, #7
 314 001c 1278     		ldrb	r2, [r2]
 315 001e 0849     		ldr	r1, .L9
 316 0020 D200     		lsls	r2, r2, #3
 317 0022 8918     		adds	r1, r1, r2
 318 0024 FA68     		ldr	r2, [r7, #12]
 319 0026 8A18     		adds	r2, r1, r2
 320 0028 1278     		ldrb	r2, [r2]
 321 002a 1A70     		strb	r2, [r3]
 158:RBD_sources/char_to_braille.c ****             braille_ch[i] = dots[num].glyphs[i];
 322              		.loc 1 158 0 discriminator 3
 323 002c FB68     		ldr	r3, [r7, #12]
 324 002e 0133     		adds	r3, r3, #1
 325 0030 FB60     		str	r3, [r7, #12]
 326              	.L7:
 158:RBD_sources/char_to_braille.c ****             braille_ch[i] = dots[num].glyphs[i];
 327              		.loc 1 158 0 is_stmt 0 discriminator 1
 328 0032 FB68     		ldr	r3, [r7, #12]
 329 0034 072B     		cmp	r3, #7
 330 0036 EDDD     		ble	.L8
 331              	.LBE3:
 160:RBD_sources/char_to_braille.c ****         }
 161:RBD_sources/char_to_braille.c **** 
 162:RBD_sources/char_to_braille.c ****         
 163:RBD_sources/char_to_braille.c ****     }
 332              		.loc 1 163 0 is_stmt 1
ARM GAS  C:\Users\semen\AppData\Local\Temp\cc2inMsD.s 			page 10


 333 0038 C046     		nop
 334 003a BD46     		mov	sp, r7
 335 003c 04B0     		add	sp, sp, #16
 336              		@ sp needed
 337 003e 80BD     		pop	{r7, pc}
 338              	.L10:
 339              		.align	2
 340              	.L9:
 341 0040 00000000 		.word	dots
 342              		.cfi_endproc
 343              	.LFE1:
 344              		.size	test_text_to_lcd_braille, .-test_text_to_lcd_braille
 345              		.text
 346              	.Letext0:
 347              		.file 2 "c:\\program files (x86)\\cypress\\psoc creator\\4.4\\psoc creator\\import\\gnu\\arm\\5.4.
 348              		.file 3 "c:\\program files (x86)\\cypress\\psoc creator\\4.4\\psoc creator\\import\\gnu\\arm\\5.4.
 349              		.file 4 ".\\RBD_headers/char_to_braille.h"
 350              		.section	.debug_info,"",%progbits
 351              	.Ldebug_info0:
 352 0000 EF010000 		.4byte	0x1ef
 353 0004 0400     		.2byte	0x4
 354 0006 00000000 		.4byte	.Ldebug_abbrev0
 355 000a 04       		.byte	0x4
 356 000b 01       		.uleb128 0x1
 357 000c 88000000 		.4byte	.LASF25
 358 0010 0C       		.byte	0xc
 359 0011 96010000 		.4byte	.LASF26
 360 0015 B4010000 		.4byte	.LASF27
 361 0019 00000000 		.4byte	.Ldebug_ranges0+0
 362 001d 00000000 		.4byte	0
 363 0021 00000000 		.4byte	.Ldebug_line0
 364 0025 02       		.uleb128 0x2
 365 0026 01       		.byte	0x1
 366 0027 06       		.byte	0x6
 367 0028 00020000 		.4byte	.LASF0
 368 002c 03       		.uleb128 0x3
 369 002d 19000000 		.4byte	.LASF9
 370 0031 02       		.byte	0x2
 371 0032 1D       		.byte	0x1d
 372 0033 37000000 		.4byte	0x37
 373 0037 02       		.uleb128 0x2
 374 0038 01       		.byte	0x1
 375 0039 08       		.byte	0x8
 376 003a 44000000 		.4byte	.LASF1
 377 003e 02       		.uleb128 0x2
 378 003f 02       		.byte	0x2
 379 0040 05       		.byte	0x5
 380 0041 8C010000 		.4byte	.LASF2
 381 0045 02       		.uleb128 0x2
 382 0046 02       		.byte	0x2
 383 0047 07       		.byte	0x7
 384 0048 75000000 		.4byte	.LASF3
 385 004c 02       		.uleb128 0x2
 386 004d 04       		.byte	0x4
 387 004e 05       		.byte	0x5
 388 004f 28000000 		.4byte	.LASF4
 389 0053 02       		.uleb128 0x2
ARM GAS  C:\Users\semen\AppData\Local\Temp\cc2inMsD.s 			page 11


 390 0054 04       		.byte	0x4
 391 0055 07       		.byte	0x7
 392 0056 5C000000 		.4byte	.LASF5
 393 005a 02       		.uleb128 0x2
 394 005b 08       		.byte	0x8
 395 005c 05       		.byte	0x5
 396 005d 6E010000 		.4byte	.LASF6
 397 0061 02       		.uleb128 0x2
 398 0062 08       		.byte	0x8
 399 0063 07       		.byte	0x7
 400 0064 35010000 		.4byte	.LASF7
 401 0068 04       		.uleb128 0x4
 402 0069 04       		.byte	0x4
 403 006a 05       		.byte	0x5
 404 006b 696E7400 		.ascii	"int\000"
 405 006f 02       		.uleb128 0x2
 406 0070 04       		.byte	0x4
 407 0071 07       		.byte	0x7
 408 0072 22010000 		.4byte	.LASF8
 409 0076 03       		.uleb128 0x3
 410 0077 4C010000 		.4byte	.LASF10
 411 007b 03       		.byte	0x3
 412 007c 18       		.byte	0x18
 413 007d 2C000000 		.4byte	0x2c
 414 0081 05       		.uleb128 0x5
 415 0082 02       		.byte	0x2
 416 0083 04       		.byte	0x4
 417 0084 11       		.byte	0x11
 418 0085 A2000000 		.4byte	0xa2
 419 0089 06       		.uleb128 0x6
 420 008a 23000000 		.4byte	.LASF11
 421 008e 04       		.byte	0x4
 422 008f 12       		.byte	0x12
 423 0090 76000000 		.4byte	0x76
 424 0094 00       		.byte	0
 425 0095 06       		.uleb128 0x6
 426 0096 2F010000 		.4byte	.LASF12
 427 009a 04       		.byte	0x4
 428 009b 13       		.byte	0x13
 429 009c 76000000 		.4byte	0x76
 430 00a0 01       		.byte	0x1
 431 00a1 00       		.byte	0
 432 00a2 03       		.uleb128 0x3
 433 00a3 16010000 		.4byte	.LASF13
 434 00a7 04       		.byte	0x4
 435 00a8 14       		.byte	0x14
 436 00a9 81000000 		.4byte	0x81
 437 00ad 05       		.uleb128 0x5
 438 00ae 08       		.byte	0x8
 439 00af 04       		.byte	0x4
 440 00b0 18       		.byte	0x18
 441 00b1 C2000000 		.4byte	0xc2
 442 00b5 06       		.uleb128 0x6
 443 00b6 6E000000 		.4byte	.LASF14
 444 00ba 04       		.byte	0x4
 445 00bb 19       		.byte	0x19
 446 00bc C2000000 		.4byte	0xc2
ARM GAS  C:\Users\semen\AppData\Local\Temp\cc2inMsD.s 			page 12


 447 00c0 00       		.byte	0
 448 00c1 00       		.byte	0
 449 00c2 07       		.uleb128 0x7
 450 00c3 76000000 		.4byte	0x76
 451 00c7 D2000000 		.4byte	0xd2
 452 00cb 08       		.uleb128 0x8
 453 00cc D2000000 		.4byte	0xd2
 454 00d0 07       		.byte	0x7
 455 00d1 00       		.byte	0
 456 00d2 02       		.uleb128 0x2
 457 00d3 04       		.byte	0x4
 458 00d4 07       		.byte	0x7
 459 00d5 65010000 		.4byte	.LASF15
 460 00d9 03       		.uleb128 0x3
 461 00da 54010000 		.4byte	.LASF16
 462 00de 04       		.byte	0x4
 463 00df 1A       		.byte	0x1a
 464 00e0 AD000000 		.4byte	0xad
 465 00e4 09       		.uleb128 0x9
 466 00e5 17020000 		.4byte	.LASF21
 467 00e9 01       		.byte	0x1
 468 00ea 91       		.byte	0x91
 469 00eb 00000000 		.4byte	.LFB0
 470 00ef 88000000 		.4byte	.LFE0-.LFB0
 471 00f3 01       		.uleb128 0x1
 472 00f4 9C       		.byte	0x9c
 473 00f5 47010000 		.4byte	0x147
 474 00f9 0A       		.uleb128 0xa
 475 00fa 636800   		.ascii	"ch\000"
 476 00fd 01       		.byte	0x1
 477 00fe 91       		.byte	0x91
 478 00ff 47010000 		.4byte	0x147
 479 0103 02       		.uleb128 0x2
 480 0104 91       		.byte	0x91
 481 0105 6F       		.sleb128 -17
 482 0106 0B       		.uleb128 0xb
 483 0107 81010000 		.4byte	.LASF17
 484 010b 01       		.byte	0x1
 485 010c 91       		.byte	0x91
 486 010d 4E010000 		.4byte	0x14e
 487 0111 02       		.uleb128 0x2
 488 0112 91       		.byte	0x91
 489 0113 68       		.sleb128 -24
 490 0114 0C       		.uleb128 0xc
 491 0115 52000000 		.4byte	.LASF18
 492 0119 01       		.byte	0x1
 493 011a 92       		.byte	0x92
 494 011b 76000000 		.4byte	0x76
 495 011f 02       		.uleb128 0x2
 496 0120 91       		.byte	0x91
 497 0121 73       		.sleb128 -13
 498 0122 0C       		.uleb128 0xc
 499 0123 0C020000 		.4byte	.LASF19
 500 0127 01       		.byte	0x1
 501 0128 93       		.byte	0x93
 502 0129 76000000 		.4byte	0x76
 503 012d 02       		.uleb128 0x2
ARM GAS  C:\Users\semen\AppData\Local\Temp\cc2inMsD.s 			page 13


 504 012e 91       		.byte	0x91
 505 012f 72       		.sleb128 -14
 506 0130 0D       		.uleb128 0xd
 507 0131 32000000 		.4byte	.LBB2
 508 0135 46000000 		.4byte	.LBE2-.LBB2
 509 0139 0E       		.uleb128 0xe
 510 013a 6900     		.ascii	"i\000"
 511 013c 01       		.byte	0x1
 512 013d 95       		.byte	0x95
 513 013e 68000000 		.4byte	0x68
 514 0142 02       		.uleb128 0x2
 515 0143 91       		.byte	0x91
 516 0144 74       		.sleb128 -12
 517 0145 00       		.byte	0
 518 0146 00       		.byte	0
 519 0147 02       		.uleb128 0x2
 520 0148 01       		.byte	0x1
 521 0149 08       		.byte	0x8
 522 014a 7C010000 		.4byte	.LASF20
 523 014e 0F       		.uleb128 0xf
 524 014f 04       		.byte	0x4
 525 0150 76000000 		.4byte	0x76
 526 0154 09       		.uleb128 0x9
 527 0155 00000000 		.4byte	.LASF22
 528 0159 01       		.byte	0x1
 529 015a 9C       		.byte	0x9c
 530 015b 00000000 		.4byte	.LFB1
 531 015f 44000000 		.4byte	.LFE1-.LFB1
 532 0163 01       		.uleb128 0x1
 533 0164 9C       		.byte	0x9c
 534 0165 9C010000 		.4byte	0x19c
 535 0169 0A       		.uleb128 0xa
 536 016a 6E756D00 		.ascii	"num\000"
 537 016e 01       		.byte	0x1
 538 016f 9C       		.byte	0x9c
 539 0170 76000000 		.4byte	0x76
 540 0174 02       		.uleb128 0x2
 541 0175 91       		.byte	0x91
 542 0176 6F       		.sleb128 -17
 543 0177 0B       		.uleb128 0xb
 544 0178 81010000 		.4byte	.LASF17
 545 017c 01       		.byte	0x1
 546 017d 9C       		.byte	0x9c
 547 017e 4E010000 		.4byte	0x14e
 548 0182 02       		.uleb128 0x2
 549 0183 91       		.byte	0x91
 550 0184 68       		.sleb128 -24
 551 0185 0D       		.uleb128 0xd
 552 0186 0E000000 		.4byte	.LBB3
 553 018a 2A000000 		.4byte	.LBE3-.LBB3
 554 018e 0E       		.uleb128 0xe
 555 018f 6900     		.ascii	"i\000"
 556 0191 01       		.byte	0x1
 557 0192 9E       		.byte	0x9e
 558 0193 68000000 		.4byte	0x68
 559 0197 02       		.uleb128 0x2
 560 0198 91       		.byte	0x91
ARM GAS  C:\Users\semen\AppData\Local\Temp\cc2inMsD.s 			page 14


 561 0199 74       		.sleb128 -12
 562 019a 00       		.byte	0
 563 019b 00       		.byte	0
 564 019c 07       		.uleb128 0x7
 565 019d AC010000 		.4byte	0x1ac
 566 01a1 AC010000 		.4byte	0x1ac
 567 01a5 08       		.uleb128 0x8
 568 01a6 D2000000 		.4byte	0xd2
 569 01aa 7F       		.byte	0x7f
 570 01ab 00       		.byte	0
 571 01ac 10       		.uleb128 0x10
 572 01ad A2000000 		.4byte	0xa2
 573 01b1 11       		.uleb128 0x11
 574 01b2 31000000 		.4byte	.LASF23
 575 01b6 01       		.byte	0x1
 576 01b7 10       		.byte	0x10
 577 01b8 C2010000 		.4byte	0x1c2
 578 01bc 05       		.uleb128 0x5
 579 01bd 03       		.byte	0x3
 580 01be 00000000 		.4byte	braille_table
 581 01c2 10       		.uleb128 0x10
 582 01c3 9C010000 		.4byte	0x19c
 583 01c7 07       		.uleb128 0x7
 584 01c8 D7010000 		.4byte	0x1d7
 585 01cc D7010000 		.4byte	0x1d7
 586 01d0 08       		.uleb128 0x8
 587 01d1 D2000000 		.4byte	0xd2
 588 01d5 07       		.byte	0x7
 589 01d6 00       		.byte	0
 590 01d7 10       		.uleb128 0x10
 591 01d8 D9000000 		.4byte	0xd9
 592 01dc 11       		.uleb128 0x11
 593 01dd 3F000000 		.4byte	.LASF24
 594 01e1 01       		.byte	0x1
 595 01e2 3E       		.byte	0x3e
 596 01e3 ED010000 		.4byte	0x1ed
 597 01e7 05       		.uleb128 0x5
 598 01e8 03       		.byte	0x3
 599 01e9 00000000 		.4byte	dots
 600 01ed 10       		.uleb128 0x10
 601 01ee C7010000 		.4byte	0x1c7
 602 01f2 00       		.byte	0
 603              		.section	.debug_abbrev,"",%progbits
 604              	.Ldebug_abbrev0:
 605 0000 01       		.uleb128 0x1
 606 0001 11       		.uleb128 0x11
 607 0002 01       		.byte	0x1
 608 0003 25       		.uleb128 0x25
 609 0004 0E       		.uleb128 0xe
 610 0005 13       		.uleb128 0x13
 611 0006 0B       		.uleb128 0xb
 612 0007 03       		.uleb128 0x3
 613 0008 0E       		.uleb128 0xe
 614 0009 1B       		.uleb128 0x1b
 615 000a 0E       		.uleb128 0xe
 616 000b 55       		.uleb128 0x55
 617 000c 17       		.uleb128 0x17
ARM GAS  C:\Users\semen\AppData\Local\Temp\cc2inMsD.s 			page 15


 618 000d 11       		.uleb128 0x11
 619 000e 01       		.uleb128 0x1
 620 000f 10       		.uleb128 0x10
 621 0010 17       		.uleb128 0x17
 622 0011 00       		.byte	0
 623 0012 00       		.byte	0
 624 0013 02       		.uleb128 0x2
 625 0014 24       		.uleb128 0x24
 626 0015 00       		.byte	0
 627 0016 0B       		.uleb128 0xb
 628 0017 0B       		.uleb128 0xb
 629 0018 3E       		.uleb128 0x3e
 630 0019 0B       		.uleb128 0xb
 631 001a 03       		.uleb128 0x3
 632 001b 0E       		.uleb128 0xe
 633 001c 00       		.byte	0
 634 001d 00       		.byte	0
 635 001e 03       		.uleb128 0x3
 636 001f 16       		.uleb128 0x16
 637 0020 00       		.byte	0
 638 0021 03       		.uleb128 0x3
 639 0022 0E       		.uleb128 0xe
 640 0023 3A       		.uleb128 0x3a
 641 0024 0B       		.uleb128 0xb
 642 0025 3B       		.uleb128 0x3b
 643 0026 0B       		.uleb128 0xb
 644 0027 49       		.uleb128 0x49
 645 0028 13       		.uleb128 0x13
 646 0029 00       		.byte	0
 647 002a 00       		.byte	0
 648 002b 04       		.uleb128 0x4
 649 002c 24       		.uleb128 0x24
 650 002d 00       		.byte	0
 651 002e 0B       		.uleb128 0xb
 652 002f 0B       		.uleb128 0xb
 653 0030 3E       		.uleb128 0x3e
 654 0031 0B       		.uleb128 0xb
 655 0032 03       		.uleb128 0x3
 656 0033 08       		.uleb128 0x8
 657 0034 00       		.byte	0
 658 0035 00       		.byte	0
 659 0036 05       		.uleb128 0x5
 660 0037 13       		.uleb128 0x13
 661 0038 01       		.byte	0x1
 662 0039 0B       		.uleb128 0xb
 663 003a 0B       		.uleb128 0xb
 664 003b 3A       		.uleb128 0x3a
 665 003c 0B       		.uleb128 0xb
 666 003d 3B       		.uleb128 0x3b
 667 003e 0B       		.uleb128 0xb
 668 003f 01       		.uleb128 0x1
 669 0040 13       		.uleb128 0x13
 670 0041 00       		.byte	0
 671 0042 00       		.byte	0
 672 0043 06       		.uleb128 0x6
 673 0044 0D       		.uleb128 0xd
 674 0045 00       		.byte	0
ARM GAS  C:\Users\semen\AppData\Local\Temp\cc2inMsD.s 			page 16


 675 0046 03       		.uleb128 0x3
 676 0047 0E       		.uleb128 0xe
 677 0048 3A       		.uleb128 0x3a
 678 0049 0B       		.uleb128 0xb
 679 004a 3B       		.uleb128 0x3b
 680 004b 0B       		.uleb128 0xb
 681 004c 49       		.uleb128 0x49
 682 004d 13       		.uleb128 0x13
 683 004e 38       		.uleb128 0x38
 684 004f 0B       		.uleb128 0xb
 685 0050 00       		.byte	0
 686 0051 00       		.byte	0
 687 0052 07       		.uleb128 0x7
 688 0053 01       		.uleb128 0x1
 689 0054 01       		.byte	0x1
 690 0055 49       		.uleb128 0x49
 691 0056 13       		.uleb128 0x13
 692 0057 01       		.uleb128 0x1
 693 0058 13       		.uleb128 0x13
 694 0059 00       		.byte	0
 695 005a 00       		.byte	0
 696 005b 08       		.uleb128 0x8
 697 005c 21       		.uleb128 0x21
 698 005d 00       		.byte	0
 699 005e 49       		.uleb128 0x49
 700 005f 13       		.uleb128 0x13
 701 0060 2F       		.uleb128 0x2f
 702 0061 0B       		.uleb128 0xb
 703 0062 00       		.byte	0
 704 0063 00       		.byte	0
 705 0064 09       		.uleb128 0x9
 706 0065 2E       		.uleb128 0x2e
 707 0066 01       		.byte	0x1
 708 0067 3F       		.uleb128 0x3f
 709 0068 19       		.uleb128 0x19
 710 0069 03       		.uleb128 0x3
 711 006a 0E       		.uleb128 0xe
 712 006b 3A       		.uleb128 0x3a
 713 006c 0B       		.uleb128 0xb
 714 006d 3B       		.uleb128 0x3b
 715 006e 0B       		.uleb128 0xb
 716 006f 27       		.uleb128 0x27
 717 0070 19       		.uleb128 0x19
 718 0071 11       		.uleb128 0x11
 719 0072 01       		.uleb128 0x1
 720 0073 12       		.uleb128 0x12
 721 0074 06       		.uleb128 0x6
 722 0075 40       		.uleb128 0x40
 723 0076 18       		.uleb128 0x18
 724 0077 9742     		.uleb128 0x2117
 725 0079 19       		.uleb128 0x19
 726 007a 01       		.uleb128 0x1
 727 007b 13       		.uleb128 0x13
 728 007c 00       		.byte	0
 729 007d 00       		.byte	0
 730 007e 0A       		.uleb128 0xa
 731 007f 05       		.uleb128 0x5
ARM GAS  C:\Users\semen\AppData\Local\Temp\cc2inMsD.s 			page 17


 732 0080 00       		.byte	0
 733 0081 03       		.uleb128 0x3
 734 0082 08       		.uleb128 0x8
 735 0083 3A       		.uleb128 0x3a
 736 0084 0B       		.uleb128 0xb
 737 0085 3B       		.uleb128 0x3b
 738 0086 0B       		.uleb128 0xb
 739 0087 49       		.uleb128 0x49
 740 0088 13       		.uleb128 0x13
 741 0089 02       		.uleb128 0x2
 742 008a 18       		.uleb128 0x18
 743 008b 00       		.byte	0
 744 008c 00       		.byte	0
 745 008d 0B       		.uleb128 0xb
 746 008e 05       		.uleb128 0x5
 747 008f 00       		.byte	0
 748 0090 03       		.uleb128 0x3
 749 0091 0E       		.uleb128 0xe
 750 0092 3A       		.uleb128 0x3a
 751 0093 0B       		.uleb128 0xb
 752 0094 3B       		.uleb128 0x3b
 753 0095 0B       		.uleb128 0xb
 754 0096 49       		.uleb128 0x49
 755 0097 13       		.uleb128 0x13
 756 0098 02       		.uleb128 0x2
 757 0099 18       		.uleb128 0x18
 758 009a 00       		.byte	0
 759 009b 00       		.byte	0
 760 009c 0C       		.uleb128 0xc
 761 009d 34       		.uleb128 0x34
 762 009e 00       		.byte	0
 763 009f 03       		.uleb128 0x3
 764 00a0 0E       		.uleb128 0xe
 765 00a1 3A       		.uleb128 0x3a
 766 00a2 0B       		.uleb128 0xb
 767 00a3 3B       		.uleb128 0x3b
 768 00a4 0B       		.uleb128 0xb
 769 00a5 49       		.uleb128 0x49
 770 00a6 13       		.uleb128 0x13
 771 00a7 02       		.uleb128 0x2
 772 00a8 18       		.uleb128 0x18
 773 00a9 00       		.byte	0
 774 00aa 00       		.byte	0
 775 00ab 0D       		.uleb128 0xd
 776 00ac 0B       		.uleb128 0xb
 777 00ad 01       		.byte	0x1
 778 00ae 11       		.uleb128 0x11
 779 00af 01       		.uleb128 0x1
 780 00b0 12       		.uleb128 0x12
 781 00b1 06       		.uleb128 0x6
 782 00b2 00       		.byte	0
 783 00b3 00       		.byte	0
 784 00b4 0E       		.uleb128 0xe
 785 00b5 34       		.uleb128 0x34
 786 00b6 00       		.byte	0
 787 00b7 03       		.uleb128 0x3
 788 00b8 08       		.uleb128 0x8
ARM GAS  C:\Users\semen\AppData\Local\Temp\cc2inMsD.s 			page 18


 789 00b9 3A       		.uleb128 0x3a
 790 00ba 0B       		.uleb128 0xb
 791 00bb 3B       		.uleb128 0x3b
 792 00bc 0B       		.uleb128 0xb
 793 00bd 49       		.uleb128 0x49
 794 00be 13       		.uleb128 0x13
 795 00bf 02       		.uleb128 0x2
 796 00c0 18       		.uleb128 0x18
 797 00c1 00       		.byte	0
 798 00c2 00       		.byte	0
 799 00c3 0F       		.uleb128 0xf
 800 00c4 0F       		.uleb128 0xf
 801 00c5 00       		.byte	0
 802 00c6 0B       		.uleb128 0xb
 803 00c7 0B       		.uleb128 0xb
 804 00c8 49       		.uleb128 0x49
 805 00c9 13       		.uleb128 0x13
 806 00ca 00       		.byte	0
 807 00cb 00       		.byte	0
 808 00cc 10       		.uleb128 0x10
 809 00cd 26       		.uleb128 0x26
 810 00ce 00       		.byte	0
 811 00cf 49       		.uleb128 0x49
 812 00d0 13       		.uleb128 0x13
 813 00d1 00       		.byte	0
 814 00d2 00       		.byte	0
 815 00d3 11       		.uleb128 0x11
 816 00d4 34       		.uleb128 0x34
 817 00d5 00       		.byte	0
 818 00d6 03       		.uleb128 0x3
 819 00d7 0E       		.uleb128 0xe
 820 00d8 3A       		.uleb128 0x3a
 821 00d9 0B       		.uleb128 0xb
 822 00da 3B       		.uleb128 0x3b
 823 00db 0B       		.uleb128 0xb
 824 00dc 49       		.uleb128 0x49
 825 00dd 13       		.uleb128 0x13
 826 00de 3F       		.uleb128 0x3f
 827 00df 19       		.uleb128 0x19
 828 00e0 02       		.uleb128 0x2
 829 00e1 18       		.uleb128 0x18
 830 00e2 00       		.byte	0
 831 00e3 00       		.byte	0
 832 00e4 00       		.byte	0
 833              		.section	.debug_aranges,"",%progbits
 834 0000 24000000 		.4byte	0x24
 835 0004 0200     		.2byte	0x2
 836 0006 00000000 		.4byte	.Ldebug_info0
 837 000a 04       		.byte	0x4
 838 000b 00       		.byte	0
 839 000c 0000     		.2byte	0
 840 000e 0000     		.2byte	0
 841 0010 00000000 		.4byte	.LFB0
 842 0014 88000000 		.4byte	.LFE0-.LFB0
 843 0018 00000000 		.4byte	.LFB1
 844 001c 44000000 		.4byte	.LFE1-.LFB1
 845 0020 00000000 		.4byte	0
ARM GAS  C:\Users\semen\AppData\Local\Temp\cc2inMsD.s 			page 19


 846 0024 00000000 		.4byte	0
 847              		.section	.debug_ranges,"",%progbits
 848              	.Ldebug_ranges0:
 849 0000 00000000 		.4byte	.LFB0
 850 0004 88000000 		.4byte	.LFE0
 851 0008 00000000 		.4byte	.LFB1
 852 000c 44000000 		.4byte	.LFE1
 853 0010 00000000 		.4byte	0
 854 0014 00000000 		.4byte	0
 855              		.section	.debug_line,"",%progbits
 856              	.Ldebug_line0:
 857 0000 A3010000 		.section	.debug_str,"MS",%progbits,1
 857      02005401 
 857      00000201 
 857      FB0E0D00 
 857      01010101 
 858              	.LASF22:
 859 0000 74657374 		.ascii	"test_text_to_lcd_braille\000"
 859      5F746578 
 859      745F746F 
 859      5F6C6364 
 859      5F627261 
 860              	.LASF9:
 861 0019 5F5F7569 		.ascii	"__uint8_t\000"
 861      6E74385F 
 861      7400
 862              	.LASF11:
 863 0023 6C656674 		.ascii	"left\000"
 863      00
 864              	.LASF4:
 865 0028 6C6F6E67 		.ascii	"long int\000"
 865      20696E74 
 865      00
 866              	.LASF23:
 867 0031 62726169 		.ascii	"braille_table\000"
 867      6C6C655F 
 867      7461626C 
 867      6500
 868              	.LASF24:
 869 003f 646F7473 		.ascii	"dots\000"
 869      00
 870              	.LASF1:
 871 0044 756E7369 		.ascii	"unsigned char\000"
 871      676E6564 
 871      20636861 
 871      7200
 872              	.LASF18:
 873 0052 66697273 		.ascii	"first_row\000"
 873      745F726F 
 873      7700
 874              	.LASF5:
 875 005c 6C6F6E67 		.ascii	"long unsigned int\000"
 875      20756E73 
 875      69676E65 
 875      6420696E 
 875      7400
 876              	.LASF14:
ARM GAS  C:\Users\semen\AppData\Local\Temp\cc2inMsD.s 			page 20


 877 006e 676C7970 		.ascii	"glyphs\000"
 877      687300
 878              	.LASF3:
 879 0075 73686F72 		.ascii	"short unsigned int\000"
 879      7420756E 
 879      7369676E 
 879      65642069 
 879      6E7400
 880              	.LASF25:
 881 0088 474E5520 		.ascii	"GNU C11 5.4.1 20160609 (release) [ARM/embedded-5-br"
 881      43313120 
 881      352E342E 
 881      31203230 
 881      31363036 
 882 00bb 616E6368 		.ascii	"anch revision 237715] -mcpu=cortex-m0 -mthumb -g -O"
 882      20726576 
 882      6973696F 
 882      6E203233 
 882      37373135 
 883 00ee 30202D66 		.ascii	"0 -ffunction-sections -ffat-lto-objects\000"
 883      66756E63 
 883      74696F6E 
 883      2D736563 
 883      74696F6E 
 884              	.LASF13:
 885 0116 42726169 		.ascii	"BrailleCell\000"
 885      6C6C6543 
 885      656C6C00 
 886              	.LASF8:
 887 0122 756E7369 		.ascii	"unsigned int\000"
 887      676E6564 
 887      20696E74 
 887      00
 888              	.LASF12:
 889 012f 72696768 		.ascii	"right\000"
 889      7400
 890              	.LASF7:
 891 0135 6C6F6E67 		.ascii	"long long unsigned int\000"
 891      206C6F6E 
 891      6720756E 
 891      7369676E 
 891      65642069 
 892              	.LASF10:
 893 014c 75696E74 		.ascii	"uint8_t\000"
 893      385F7400 
 894              	.LASF16:
 895 0154 4C43445F 		.ascii	"LCD_Braille_Cell\000"
 895      42726169 
 895      6C6C655F 
 895      43656C6C 
 895      00
 896              	.LASF15:
 897 0165 73697A65 		.ascii	"sizetype\000"
 897      74797065 
 897      00
 898              	.LASF6:
 899 016e 6C6F6E67 		.ascii	"long long int\000"
ARM GAS  C:\Users\semen\AppData\Local\Temp\cc2inMsD.s 			page 21


 899      206C6F6E 
 899      6720696E 
 899      7400
 900              	.LASF20:
 901 017c 63686172 		.ascii	"char\000"
 901      00
 902              	.LASF17:
 903 0181 62726169 		.ascii	"braille_ch\000"
 903      6C6C655F 
 903      636800
 904              	.LASF2:
 905 018c 73686F72 		.ascii	"short int\000"
 905      7420696E 
 905      7400
 906              	.LASF26:
 907 0196 5242445F 		.ascii	"RBD_sources\\char_to_braille.c\000"
 907      736F7572 
 907      6365735C 
 907      63686172 
 907      5F746F5F 
 908              	.LASF27:
 909 01b4 443A5C55 		.ascii	"D:\\UCU_4th_year\\diploma\\refreshable_braille_devi"
 909      43555F34 
 909      74685F79 
 909      6561725C 
 909      6469706C 
 910 01e4 63655C52 		.ascii	"ce\\RBD\\Braille_device.cydsn\000"
 910      42445C42 
 910      7261696C 
 910      6C655F64 
 910      65766963 
 911              	.LASF0:
 912 0200 7369676E 		.ascii	"signed char\000"
 912      65642063 
 912      68617200 
 913              	.LASF19:
 914 020c 7365636F 		.ascii	"second_row\000"
 914      6E645F72 
 914      6F7700
 915              	.LASF21:
 916 0217 74657874 		.ascii	"text_to_lcd_braille\000"
 916      5F746F5F 
 916      6C63645F 
 916      62726169 
 916      6C6C6500 
 917              		.ident	"GCC: (GNU Tools for ARM Embedded Processors) 5.4.1 20160609 (release) [ARM/embedded-5-bran
