ARM GAS  C:\Users\semen\AppData\Local\Temp\ccxoNGDF.s 			page 1


   1              		.syntax unified
   2              		.cpu cortex-m0
   3              		.fpu softvfp
   4              		.eabi_attribute 20, 1
   5              		.eabi_attribute 21, 1
   6              		.eabi_attribute 23, 3
   7              		.eabi_attribute 24, 1
   8              		.eabi_attribute 25, 1
   9              		.eabi_attribute 26, 1
  10              		.eabi_attribute 30, 6
  11              		.eabi_attribute 34, 0
  12              		.eabi_attribute 18, 4
  13              		.thumb
  14              		.syntax unified
  15              		.file	"cyfitter_cfg.c"
  16              		.text
  17              	.Ltext0:
  18              		.cfi_sections	.debug_frame
  19              		.section	.text.CYMEMZERO,"ax",%progbits
  20              		.align	2
  21              		.code	16
  22              		.thumb_func
  23              		.type	CYMEMZERO, %function
  24              	CYMEMZERO:
  25              	.LFB2:
  26              		.file 1 "Generated_Source\\PSoC4\\cyfitter_cfg.c"
   1:Generated_Source\PSoC4/cyfitter_cfg.c **** 
   2:Generated_Source\PSoC4/cyfitter_cfg.c **** /*******************************************************************************
   3:Generated_Source\PSoC4/cyfitter_cfg.c **** * File Name: cyfitter_cfg.c
   4:Generated_Source\PSoC4/cyfitter_cfg.c **** * 
   5:Generated_Source\PSoC4/cyfitter_cfg.c **** * PSoC Creator  4.4
   6:Generated_Source\PSoC4/cyfitter_cfg.c **** *
   7:Generated_Source\PSoC4/cyfitter_cfg.c **** * Description:
   8:Generated_Source\PSoC4/cyfitter_cfg.c **** * This file contains device initialization code.
   9:Generated_Source\PSoC4/cyfitter_cfg.c **** * Except for the user defined sections in CyClockStartupError(), this file should not be modified.
  10:Generated_Source\PSoC4/cyfitter_cfg.c **** * This file is automatically generated by PSoC Creator.
  11:Generated_Source\PSoC4/cyfitter_cfg.c **** *
  12:Generated_Source\PSoC4/cyfitter_cfg.c **** ********************************************************************************
  13:Generated_Source\PSoC4/cyfitter_cfg.c **** * Copyright (c) 2007-2020 Cypress Semiconductor.  All rights reserved.
  14:Generated_Source\PSoC4/cyfitter_cfg.c **** * You may use this file only in accordance with the license, terms, conditions, 
  15:Generated_Source\PSoC4/cyfitter_cfg.c **** * disclaimers, and limitations in the end user license agreement accompanying 
  16:Generated_Source\PSoC4/cyfitter_cfg.c **** * the software package with which this file was provided.
  17:Generated_Source\PSoC4/cyfitter_cfg.c **** ********************************************************************************/
  18:Generated_Source\PSoC4/cyfitter_cfg.c **** 
  19:Generated_Source\PSoC4/cyfitter_cfg.c **** #include <string.h>
  20:Generated_Source\PSoC4/cyfitter_cfg.c **** #include "cytypes.h"
  21:Generated_Source\PSoC4/cyfitter_cfg.c **** #include "cydevice_trm.h"
  22:Generated_Source\PSoC4/cyfitter_cfg.c **** #include "cyfitter.h"
  23:Generated_Source\PSoC4/cyfitter_cfg.c **** #include "CyLib.h"
  24:Generated_Source\PSoC4/cyfitter_cfg.c **** #include "cyfitter_cfg.h"
  25:Generated_Source\PSoC4/cyfitter_cfg.c **** #include "cyapicallbacks.h"
  26:Generated_Source\PSoC4/cyfitter_cfg.c **** 
  27:Generated_Source\PSoC4/cyfitter_cfg.c **** 
  28:Generated_Source\PSoC4/cyfitter_cfg.c **** #if defined(__GNUC__) || defined(__ARMCC_VERSION)
  29:Generated_Source\PSoC4/cyfitter_cfg.c ****     #define CYPACKED 
  30:Generated_Source\PSoC4/cyfitter_cfg.c ****     #define CYPACKED_ATTR __attribute__ ((packed))
  31:Generated_Source\PSoC4/cyfitter_cfg.c ****     #define CYALIGNED __attribute__ ((aligned))
ARM GAS  C:\Users\semen\AppData\Local\Temp\ccxoNGDF.s 			page 2


  32:Generated_Source\PSoC4/cyfitter_cfg.c ****     #define CY_CFG_UNUSED __attribute__ ((unused))
  33:Generated_Source\PSoC4/cyfitter_cfg.c ****     #ifndef CY_CFG_SECTION
  34:Generated_Source\PSoC4/cyfitter_cfg.c ****         #define CY_CFG_SECTION __attribute__ ((section(".psocinit")))
  35:Generated_Source\PSoC4/cyfitter_cfg.c ****     #endif
  36:Generated_Source\PSoC4/cyfitter_cfg.c ****     
  37:Generated_Source\PSoC4/cyfitter_cfg.c ****     #if defined(__ARMCC_VERSION)
  38:Generated_Source\PSoC4/cyfitter_cfg.c ****         #define CY_CFG_MEMORY_BARRIER() __memory_changed()
  39:Generated_Source\PSoC4/cyfitter_cfg.c ****     #else
  40:Generated_Source\PSoC4/cyfitter_cfg.c ****         #define CY_CFG_MEMORY_BARRIER() __sync_synchronize()
  41:Generated_Source\PSoC4/cyfitter_cfg.c ****     #endif
  42:Generated_Source\PSoC4/cyfitter_cfg.c ****     
  43:Generated_Source\PSoC4/cyfitter_cfg.c **** #elif defined(__ICCARM__)
  44:Generated_Source\PSoC4/cyfitter_cfg.c ****     #include <intrinsics.h>
  45:Generated_Source\PSoC4/cyfitter_cfg.c **** 
  46:Generated_Source\PSoC4/cyfitter_cfg.c ****     #define CYPACKED __packed
  47:Generated_Source\PSoC4/cyfitter_cfg.c ****     #define CYPACKED_ATTR 
  48:Generated_Source\PSoC4/cyfitter_cfg.c ****     #define CYALIGNED _Pragma("data_alignment=4")
  49:Generated_Source\PSoC4/cyfitter_cfg.c ****     #define CY_CFG_UNUSED _Pragma("diag_suppress=Pe177")
  50:Generated_Source\PSoC4/cyfitter_cfg.c ****     #define CY_CFG_SECTION _Pragma("location=\".psocinit\"")
  51:Generated_Source\PSoC4/cyfitter_cfg.c ****     
  52:Generated_Source\PSoC4/cyfitter_cfg.c ****     #define CY_CFG_MEMORY_BARRIER() __DMB()
  53:Generated_Source\PSoC4/cyfitter_cfg.c ****     
  54:Generated_Source\PSoC4/cyfitter_cfg.c **** #else
  55:Generated_Source\PSoC4/cyfitter_cfg.c ****     #error Unsupported toolchain
  56:Generated_Source\PSoC4/cyfitter_cfg.c **** #endif
  57:Generated_Source\PSoC4/cyfitter_cfg.c **** 
  58:Generated_Source\PSoC4/cyfitter_cfg.c **** #ifndef CYCODE
  59:Generated_Source\PSoC4/cyfitter_cfg.c ****     #define CYCODE
  60:Generated_Source\PSoC4/cyfitter_cfg.c **** #endif
  61:Generated_Source\PSoC4/cyfitter_cfg.c **** #ifndef CYDATA
  62:Generated_Source\PSoC4/cyfitter_cfg.c ****     #define CYDATA
  63:Generated_Source\PSoC4/cyfitter_cfg.c **** #endif
  64:Generated_Source\PSoC4/cyfitter_cfg.c **** #ifndef CYFAR
  65:Generated_Source\PSoC4/cyfitter_cfg.c ****     #define CYFAR
  66:Generated_Source\PSoC4/cyfitter_cfg.c **** #endif
  67:Generated_Source\PSoC4/cyfitter_cfg.c **** #ifndef CYXDATA
  68:Generated_Source\PSoC4/cyfitter_cfg.c ****     #define CYXDATA
  69:Generated_Source\PSoC4/cyfitter_cfg.c **** #endif
  70:Generated_Source\PSoC4/cyfitter_cfg.c **** 
  71:Generated_Source\PSoC4/cyfitter_cfg.c **** 
  72:Generated_Source\PSoC4/cyfitter_cfg.c **** CY_CFG_UNUSED
  73:Generated_Source\PSoC4/cyfitter_cfg.c **** static void CYMEMZERO(void *s, size_t n);
  74:Generated_Source\PSoC4/cyfitter_cfg.c **** CY_CFG_UNUSED
  75:Generated_Source\PSoC4/cyfitter_cfg.c **** static void CYMEMZERO(void *s, size_t n)
  76:Generated_Source\PSoC4/cyfitter_cfg.c **** {
  27              		.loc 1 76 0
  28              		.cfi_startproc
  29              		@ args = 0, pretend = 0, frame = 8
  30              		@ frame_needed = 1, uses_anonymous_args = 0
  31 0000 80B5     		push	{r7, lr}
  32              		.cfi_def_cfa_offset 8
  33              		.cfi_offset 7, -8
  34              		.cfi_offset 14, -4
  35 0002 82B0     		sub	sp, sp, #8
  36              		.cfi_def_cfa_offset 16
  37 0004 00AF     		add	r7, sp, #0
  38              		.cfi_def_cfa_register 7
ARM GAS  C:\Users\semen\AppData\Local\Temp\ccxoNGDF.s 			page 3


  39 0006 7860     		str	r0, [r7, #4]
  40 0008 3960     		str	r1, [r7]
  77:Generated_Source\PSoC4/cyfitter_cfg.c **** 	(void)memset(s, 0, n);
  41              		.loc 1 77 0
  42 000a 3A68     		ldr	r2, [r7]
  43 000c 7B68     		ldr	r3, [r7, #4]
  44 000e 0021     		movs	r1, #0
  45 0010 1800     		movs	r0, r3
  46 0012 FFF7FEFF 		bl	memset
  78:Generated_Source\PSoC4/cyfitter_cfg.c **** }
  47              		.loc 1 78 0
  48 0016 C046     		nop
  49 0018 BD46     		mov	sp, r7
  50 001a 02B0     		add	sp, sp, #8
  51              		@ sp needed
  52 001c 80BD     		pop	{r7, pc}
  53              		.cfi_endproc
  54              	.LFE2:
  55              		.size	CYMEMZERO, .-CYMEMZERO
  56 001e C046     		.section	.text.CYCONFIGCPY,"ax",%progbits
  57              		.align	2
  58              		.code	16
  59              		.thumb_func
  60              		.type	CYCONFIGCPY, %function
  61              	CYCONFIGCPY:
  62              	.LFB3:
  79:Generated_Source\PSoC4/cyfitter_cfg.c **** CY_CFG_UNUSED
  80:Generated_Source\PSoC4/cyfitter_cfg.c **** static void CYCONFIGCPY(void *dest, const void *src, size_t n);
  81:Generated_Source\PSoC4/cyfitter_cfg.c **** CY_CFG_UNUSED
  82:Generated_Source\PSoC4/cyfitter_cfg.c **** static void CYCONFIGCPY(void *dest, const void *src, size_t n)
  83:Generated_Source\PSoC4/cyfitter_cfg.c **** {
  63              		.loc 1 83 0
  64              		.cfi_startproc
  65              		@ args = 0, pretend = 0, frame = 16
  66              		@ frame_needed = 1, uses_anonymous_args = 0
  67 0000 80B5     		push	{r7, lr}
  68              		.cfi_def_cfa_offset 8
  69              		.cfi_offset 7, -8
  70              		.cfi_offset 14, -4
  71 0002 84B0     		sub	sp, sp, #16
  72              		.cfi_def_cfa_offset 24
  73 0004 00AF     		add	r7, sp, #0
  74              		.cfi_def_cfa_register 7
  75 0006 F860     		str	r0, [r7, #12]
  76 0008 B960     		str	r1, [r7, #8]
  77 000a 7A60     		str	r2, [r7, #4]
  84:Generated_Source\PSoC4/cyfitter_cfg.c **** 	(void)memcpy(dest, src, n);
  78              		.loc 1 84 0
  79 000c 7A68     		ldr	r2, [r7, #4]
  80 000e B968     		ldr	r1, [r7, #8]
  81 0010 FB68     		ldr	r3, [r7, #12]
  82 0012 1800     		movs	r0, r3
  83 0014 FFF7FEFF 		bl	memcpy
  85:Generated_Source\PSoC4/cyfitter_cfg.c **** }
  84              		.loc 1 85 0
  85 0018 C046     		nop
  86 001a BD46     		mov	sp, r7
ARM GAS  C:\Users\semen\AppData\Local\Temp\ccxoNGDF.s 			page 4


  87 001c 04B0     		add	sp, sp, #16
  88              		@ sp needed
  89 001e 80BD     		pop	{r7, pc}
  90              		.cfi_endproc
  91              	.LFE3:
  92              		.size	CYCONFIGCPY, .-CYCONFIGCPY
  93              		.section	.text.CYCONFIGCPYCODE,"ax",%progbits
  94              		.align	2
  95              		.code	16
  96              		.thumb_func
  97              		.type	CYCONFIGCPYCODE, %function
  98              	CYCONFIGCPYCODE:
  99              	.LFB4:
  86:Generated_Source\PSoC4/cyfitter_cfg.c **** CY_CFG_UNUSED
  87:Generated_Source\PSoC4/cyfitter_cfg.c **** static void CYCONFIGCPYCODE(void *dest, const void *src, size_t n);
  88:Generated_Source\PSoC4/cyfitter_cfg.c **** CY_CFG_UNUSED
  89:Generated_Source\PSoC4/cyfitter_cfg.c **** static void CYCONFIGCPYCODE(void *dest, const void *src, size_t n)
  90:Generated_Source\PSoC4/cyfitter_cfg.c **** {
 100              		.loc 1 90 0
 101              		.cfi_startproc
 102              		@ args = 0, pretend = 0, frame = 16
 103              		@ frame_needed = 1, uses_anonymous_args = 0
 104 0000 80B5     		push	{r7, lr}
 105              		.cfi_def_cfa_offset 8
 106              		.cfi_offset 7, -8
 107              		.cfi_offset 14, -4
 108 0002 84B0     		sub	sp, sp, #16
 109              		.cfi_def_cfa_offset 24
 110 0004 00AF     		add	r7, sp, #0
 111              		.cfi_def_cfa_register 7
 112 0006 F860     		str	r0, [r7, #12]
 113 0008 B960     		str	r1, [r7, #8]
 114 000a 7A60     		str	r2, [r7, #4]
  91:Generated_Source\PSoC4/cyfitter_cfg.c **** 	(void)memcpy(dest, src, n);
 115              		.loc 1 91 0
 116 000c 7A68     		ldr	r2, [r7, #4]
 117 000e B968     		ldr	r1, [r7, #8]
 118 0010 FB68     		ldr	r3, [r7, #12]
 119 0012 1800     		movs	r0, r3
 120 0014 FFF7FEFF 		bl	memcpy
  92:Generated_Source\PSoC4/cyfitter_cfg.c **** }
 121              		.loc 1 92 0
 122 0018 C046     		nop
 123 001a BD46     		mov	sp, r7
 124 001c 04B0     		add	sp, sp, #16
 125              		@ sp needed
 126 001e 80BD     		pop	{r7, pc}
 127              		.cfi_endproc
 128              	.LFE4:
 129              		.size	CYCONFIGCPYCODE, .-CYCONFIGCPYCODE
 130              		.section	.psocinit,"ax",%progbits
 131              		.align	2
 132              		.code	16
 133              		.thumb_func
 134              		.type	ClockSetup, %function
 135              	ClockSetup:
 136              	.LFB5:
ARM GAS  C:\Users\semen\AppData\Local\Temp\ccxoNGDF.s 			page 5


  93:Generated_Source\PSoC4/cyfitter_cfg.c **** 
  94:Generated_Source\PSoC4/cyfitter_cfg.c **** 
  95:Generated_Source\PSoC4/cyfitter_cfg.c **** 
  96:Generated_Source\PSoC4/cyfitter_cfg.c **** 
  97:Generated_Source\PSoC4/cyfitter_cfg.c **** /* Clock startup error codes                                                   */
  98:Generated_Source\PSoC4/cyfitter_cfg.c **** #define CYCLOCKSTART_NO_ERROR    0u
  99:Generated_Source\PSoC4/cyfitter_cfg.c **** #define CYCLOCKSTART_XTAL_ERROR  1u
 100:Generated_Source\PSoC4/cyfitter_cfg.c **** #define CYCLOCKSTART_32KHZ_ERROR 2u
 101:Generated_Source\PSoC4/cyfitter_cfg.c **** #define CYCLOCKSTART_PLL_ERROR   3u
 102:Generated_Source\PSoC4/cyfitter_cfg.c **** #define CYCLOCKSTART_FLL_ERROR   4u
 103:Generated_Source\PSoC4/cyfitter_cfg.c **** #define CYCLOCKSTART_WCO_ERROR   5u
 104:Generated_Source\PSoC4/cyfitter_cfg.c **** 
 105:Generated_Source\PSoC4/cyfitter_cfg.c **** 
 106:Generated_Source\PSoC4/cyfitter_cfg.c **** #ifdef CY_NEED_CYCLOCKSTARTUPERROR
 107:Generated_Source\PSoC4/cyfitter_cfg.c **** /*******************************************************************************
 108:Generated_Source\PSoC4/cyfitter_cfg.c **** * Function Name: CyClockStartupError
 109:Generated_Source\PSoC4/cyfitter_cfg.c **** ********************************************************************************
 110:Generated_Source\PSoC4/cyfitter_cfg.c **** * Summary:
 111:Generated_Source\PSoC4/cyfitter_cfg.c **** *  If an error is encountered during clock configuration (crystal startup error,
 112:Generated_Source\PSoC4/cyfitter_cfg.c **** *  PLL lock error, etc.), the system will end up here.  Unless reimplemented by
 113:Generated_Source\PSoC4/cyfitter_cfg.c **** *  the customer, this function will stop in an infinite loop.
 114:Generated_Source\PSoC4/cyfitter_cfg.c **** *
 115:Generated_Source\PSoC4/cyfitter_cfg.c **** * Parameters:
 116:Generated_Source\PSoC4/cyfitter_cfg.c **** *   void
 117:Generated_Source\PSoC4/cyfitter_cfg.c **** *
 118:Generated_Source\PSoC4/cyfitter_cfg.c **** * Return:
 119:Generated_Source\PSoC4/cyfitter_cfg.c **** *   void
 120:Generated_Source\PSoC4/cyfitter_cfg.c **** *
 121:Generated_Source\PSoC4/cyfitter_cfg.c **** *******************************************************************************/
 122:Generated_Source\PSoC4/cyfitter_cfg.c **** CY_CFG_UNUSED
 123:Generated_Source\PSoC4/cyfitter_cfg.c **** static void CyClockStartupError(uint8 errorCode);
 124:Generated_Source\PSoC4/cyfitter_cfg.c **** CY_CFG_UNUSED
 125:Generated_Source\PSoC4/cyfitter_cfg.c **** static void CyClockStartupError(uint8 errorCode)
 126:Generated_Source\PSoC4/cyfitter_cfg.c **** {
 127:Generated_Source\PSoC4/cyfitter_cfg.c ****     /* To remove the compiler warning if errorCode not used.                */
 128:Generated_Source\PSoC4/cyfitter_cfg.c ****     errorCode = errorCode;
 129:Generated_Source\PSoC4/cyfitter_cfg.c **** 
 130:Generated_Source\PSoC4/cyfitter_cfg.c ****     /* If we have a clock startup error (bad MHz crystal, PLL lock, etc.),  */
 131:Generated_Source\PSoC4/cyfitter_cfg.c ****     /* we will end up here to allow the customer to implement something to  */
 132:Generated_Source\PSoC4/cyfitter_cfg.c ****     /* deal with the clock condition.                                       */
 133:Generated_Source\PSoC4/cyfitter_cfg.c **** 
 134:Generated_Source\PSoC4/cyfitter_cfg.c **** #ifdef CY_CFG_CLOCK_STARTUP_ERROR_CALLBACK
 135:Generated_Source\PSoC4/cyfitter_cfg.c ****     CY_CFG_Clock_Startup_ErrorCallback();
 136:Generated_Source\PSoC4/cyfitter_cfg.c **** #else
 137:Generated_Source\PSoC4/cyfitter_cfg.c ****     /*  If not using CY_CFG_CLOCK_STARTUP_ERROR_CALLBACK, place your clock startup code here. */
 138:Generated_Source\PSoC4/cyfitter_cfg.c ****     /* `#START CyClockStartupError` */
 139:Generated_Source\PSoC4/cyfitter_cfg.c **** 
 140:Generated_Source\PSoC4/cyfitter_cfg.c **** 
 141:Generated_Source\PSoC4/cyfitter_cfg.c **** 
 142:Generated_Source\PSoC4/cyfitter_cfg.c ****     /* `#END` */
 143:Generated_Source\PSoC4/cyfitter_cfg.c **** 
 144:Generated_Source\PSoC4/cyfitter_cfg.c ****     while(1) {}
 145:Generated_Source\PSoC4/cyfitter_cfg.c **** #endif /* CY_CFG_CLOCK_STARTUP_ERROR_CALLBACK */
 146:Generated_Source\PSoC4/cyfitter_cfg.c **** }
 147:Generated_Source\PSoC4/cyfitter_cfg.c **** #endif
 148:Generated_Source\PSoC4/cyfitter_cfg.c **** 
 149:Generated_Source\PSoC4/cyfitter_cfg.c **** 
ARM GAS  C:\Users\semen\AppData\Local\Temp\ccxoNGDF.s 			page 6


 150:Generated_Source\PSoC4/cyfitter_cfg.c **** 
 151:Generated_Source\PSoC4/cyfitter_cfg.c **** /*******************************************************************************
 152:Generated_Source\PSoC4/cyfitter_cfg.c **** * Function Name: ClockSetup
 153:Generated_Source\PSoC4/cyfitter_cfg.c **** ********************************************************************************
 154:Generated_Source\PSoC4/cyfitter_cfg.c **** *
 155:Generated_Source\PSoC4/cyfitter_cfg.c **** * Summary:
 156:Generated_Source\PSoC4/cyfitter_cfg.c **** *   Performs the initialization of all of the clocks in the device based on the
 157:Generated_Source\PSoC4/cyfitter_cfg.c **** *   settings in the Clock tab of the DWR.  This includes enabling the requested
 158:Generated_Source\PSoC4/cyfitter_cfg.c **** *   clocks and setting the necessary dividers to produce the desired frequency. 
 159:Generated_Source\PSoC4/cyfitter_cfg.c **** *
 160:Generated_Source\PSoC4/cyfitter_cfg.c **** * Parameters:
 161:Generated_Source\PSoC4/cyfitter_cfg.c **** *   void
 162:Generated_Source\PSoC4/cyfitter_cfg.c **** *
 163:Generated_Source\PSoC4/cyfitter_cfg.c **** * Return:
 164:Generated_Source\PSoC4/cyfitter_cfg.c **** *   void
 165:Generated_Source\PSoC4/cyfitter_cfg.c **** *
 166:Generated_Source\PSoC4/cyfitter_cfg.c **** *******************************************************************************/
 167:Generated_Source\PSoC4/cyfitter_cfg.c **** static void ClockSetup(void);
 168:Generated_Source\PSoC4/cyfitter_cfg.c **** CY_CFG_SECTION
 169:Generated_Source\PSoC4/cyfitter_cfg.c **** static void ClockSetup(void)
 170:Generated_Source\PSoC4/cyfitter_cfg.c **** {
 137              		.loc 1 170 0
 138              		.cfi_startproc
 139              		@ args = 0, pretend = 0, frame = 0
 140              		@ frame_needed = 1, uses_anonymous_args = 0
 141 0000 80B5     		push	{r7, lr}
 142              		.cfi_def_cfa_offset 8
 143              		.cfi_offset 7, -8
 144              		.cfi_offset 14, -4
 145 0002 00AF     		add	r7, sp, #0
 146              		.cfi_def_cfa_register 7
 171:Generated_Source\PSoC4/cyfitter_cfg.c **** 
 172:Generated_Source\PSoC4/cyfitter_cfg.c **** 	/* Set Flash Cycles based on max possible frequency in case a glitch occurs during ClockSetup(). *
 173:Generated_Source\PSoC4/cyfitter_cfg.c **** 	CY_SET_REG32((void CYXDATA *)(CYREG_CPUSS_FLASH_CTL), (0x0012u));
 147              		.loc 1 173 0
 148 0004 1C4B     		ldr	r3, .L5
 149 0006 1222     		movs	r2, #18
 150 0008 1A60     		str	r2, [r3]
 174:Generated_Source\PSoC4/cyfitter_cfg.c **** 
 175:Generated_Source\PSoC4/cyfitter_cfg.c **** 	/* Start the WCO */
 176:Generated_Source\PSoC4/cyfitter_cfg.c **** 	CySysClkWcoStart();
 151              		.loc 1 176 0
 152 000a FFF7FEFF 		bl	CySysClkWcoStart
 177:Generated_Source\PSoC4/cyfitter_cfg.c **** 	(void)CySysClkWcoSetPowerMode(CY_SYS_CLK_WCO_LPM);    /* Switch to the low power mode */
 153              		.loc 1 177 0
 154 000e 0120     		movs	r0, #1
 155 0010 FFF7FEFF 		bl	CySysClkWcoSetPowerMode
 178:Generated_Source\PSoC4/cyfitter_cfg.c **** 
 179:Generated_Source\PSoC4/cyfitter_cfg.c **** 	/* Setup and trim IMO based on desired frequency. */
 180:Generated_Source\PSoC4/cyfitter_cfg.c **** 	CySysClkWriteImoFreq(24u);
 156              		.loc 1 180 0
 157 0014 1820     		movs	r0, #24
 158 0016 FFF7FEFF 		bl	CySysClkWriteImoFreq
 181:Generated_Source\PSoC4/cyfitter_cfg.c **** 	/* CYDEV_CLK_ILO_CONFIG Starting address: CYDEV_CLK_ILO_CONFIG */
 182:Generated_Source\PSoC4/cyfitter_cfg.c **** 	CY_SET_REG32((void *)(CYREG_CLK_ILO_CONFIG), 0x80000006u);
 159              		.loc 1 182 0
 160 001a 184B     		ldr	r3, .L5+4
ARM GAS  C:\Users\semen\AppData\Local\Temp\ccxoNGDF.s 			page 7


 161 001c 184A     		ldr	r2, .L5+8
 162 001e 1A60     		str	r2, [r3]
 183:Generated_Source\PSoC4/cyfitter_cfg.c **** 
 184:Generated_Source\PSoC4/cyfitter_cfg.c **** 
 185:Generated_Source\PSoC4/cyfitter_cfg.c **** 	/* Enable fast start mode for XO */
 186:Generated_Source\PSoC4/cyfitter_cfg.c **** 	CY_SET_REG32((void*)CYREG_BLE_BLERD_BB_XO, CY_GET_REG32((void*)CYREG_BLE_BLERD_BB_XO) | (uint32)0x
 163              		.loc 1 186 0
 164 0020 184B     		ldr	r3, .L5+12
 165 0022 184A     		ldr	r2, .L5+12
 166 0024 1268     		ldr	r2, [r2]
 167 0026 0221     		movs	r1, #2
 168 0028 0A43     		orrs	r2, r1
 169 002a 1A60     		str	r2, [r3]
 187:Generated_Source\PSoC4/cyfitter_cfg.c **** 	CY_SET_REG32((void *)(CYREG_BLE_BLERD_BB_XO_CAPTRIM), 0x00003E2Du);
 170              		.loc 1 187 0
 171 002c 164B     		ldr	r3, .L5+16
 172 002e 174A     		ldr	r2, .L5+20
 173 0030 1A60     		str	r2, [r3]
 188:Generated_Source\PSoC4/cyfitter_cfg.c **** 	/*Set XTAL(ECO) divider*/
 189:Generated_Source\PSoC4/cyfitter_cfg.c **** 	CY_SET_REG32((void *)(CYREG_BLE_BLESS_XTAL_CLK_DIV_CONFIG), 0x00000000u);
 174              		.loc 1 189 0
 175 0032 174B     		ldr	r3, .L5+24
 176 0034 0022     		movs	r2, #0
 177 0036 1A60     		str	r2, [r3]
 190:Generated_Source\PSoC4/cyfitter_cfg.c **** 	/* Disable Crystal Stable Interrupt before enabling ECO */
 191:Generated_Source\PSoC4/cyfitter_cfg.c **** 	CY_SET_REG32((void*)CYREG_BLE_BLESS_LL_DSM_CTRL, CY_GET_REG32((void*)CYREG_BLE_BLESS_LL_DSM_CTRL) 
 178              		.loc 1 191 0
 179 0038 164B     		ldr	r3, .L5+28
 180 003a 164A     		ldr	r2, .L5+28
 181 003c 1268     		ldr	r2, [r2]
 182 003e 0821     		movs	r1, #8
 183 0040 8A43     		bics	r2, r1
 184 0042 1A60     		str	r2, [r3]
 192:Generated_Source\PSoC4/cyfitter_cfg.c **** 	/* Start the ECO and do not check status since it is not needed for HFCLK */
 193:Generated_Source\PSoC4/cyfitter_cfg.c **** 	(void)CySysClkEcoStart(2000u);
 185              		.loc 1 193 0
 186 0044 FA23     		movs	r3, #250
 187 0046 DB00     		lsls	r3, r3, #3
 188 0048 1800     		movs	r0, r3
 189 004a FFF7FEFF 		bl	CySysClkEcoStart
 194:Generated_Source\PSoC4/cyfitter_cfg.c **** 	CyDelayUs(1500u); /* Wait to stabilize */
 190              		.loc 1 194 0
 191 004e 124B     		ldr	r3, .L5+32
 192 0050 1800     		movs	r0, r3
 193 0052 FFF7FEFF 		bl	CyDelayUs
 195:Generated_Source\PSoC4/cyfitter_cfg.c **** 
 196:Generated_Source\PSoC4/cyfitter_cfg.c **** 	/* Setup phase aligned clocks */
 197:Generated_Source\PSoC4/cyfitter_cfg.c **** 
 198:Generated_Source\PSoC4/cyfitter_cfg.c **** 	/* CYDEV_CLK_IMO_CONFIG Starting address: CYDEV_CLK_IMO_CONFIG */
 199:Generated_Source\PSoC4/cyfitter_cfg.c **** 	CY_SET_REG32((void *)(CYREG_CLK_IMO_CONFIG), 0x80000000u);
 194              		.loc 1 199 0
 195 0056 114B     		ldr	r3, .L5+36
 196 0058 8022     		movs	r2, #128
 197 005a 1206     		lsls	r2, r2, #24
 198 005c 1A60     		str	r2, [r3]
 200:Generated_Source\PSoC4/cyfitter_cfg.c **** 
 201:Generated_Source\PSoC4/cyfitter_cfg.c **** 	/* CYDEV_CLK_SELECT Starting address: CYDEV_CLK_SELECT */
ARM GAS  C:\Users\semen\AppData\Local\Temp\ccxoNGDF.s 			page 8


 202:Generated_Source\PSoC4/cyfitter_cfg.c **** 	CY_SET_REG32((void *)(CYREG_CLK_SELECT), 0x00080000u);
 199              		.loc 1 202 0
 200 005e 104B     		ldr	r3, .L5+40
 201 0060 8022     		movs	r2, #128
 202 0062 1203     		lsls	r2, r2, #12
 203 0064 1A60     		str	r2, [r3]
 203:Generated_Source\PSoC4/cyfitter_cfg.c **** 
 204:Generated_Source\PSoC4/cyfitter_cfg.c **** 	CY_SET_REG32((void *)(CYREG_WDT_CONFIG), 0x00000000u);
 204              		.loc 1 204 0
 205 0066 0F4B     		ldr	r3, .L5+44
 206 0068 0022     		movs	r2, #0
 207 006a 1A60     		str	r2, [r3]
 205:Generated_Source\PSoC4/cyfitter_cfg.c **** 	/* Set Flash Cycles based on newly configured 24.00MHz HFCLK. */
 206:Generated_Source\PSoC4/cyfitter_cfg.c **** 	CY_SET_REG32((void CYXDATA *)(CYREG_CPUSS_FLASH_CTL), (0x0011u));
 208              		.loc 1 206 0
 209 006c 024B     		ldr	r3, .L5
 210 006e 1122     		movs	r2, #17
 211 0070 1A60     		str	r2, [r3]
 207:Generated_Source\PSoC4/cyfitter_cfg.c **** }
 212              		.loc 1 207 0
 213 0072 C046     		nop
 214 0074 BD46     		mov	sp, r7
 215              		@ sp needed
 216 0076 80BD     		pop	{r7, pc}
 217              	.L6:
 218              		.align	2
 219              	.L5:
 220 0078 30001040 		.word	1074790448
 221 007c 04010B40 		.word	1074462980
 222 0080 06000080 		.word	-2147483642
 223 0084 78002E40 		.word	1076756600
 224 0088 7C002E40 		.word	1076756604
 225 008c 2D3E0000 		.word	15917
 226 0090 64F02E40 		.word	1076818020
 227 0094 6CF02E40 		.word	1076818028
 228 0098 DC050000 		.word	1500
 229 009c 08010B40 		.word	1074462984
 230 00a0 00010B40 		.word	1074462976
 231 00a4 0C020B40 		.word	1074463244
 232              		.cfi_endproc
 233              	.LFE5:
 234              		.size	ClockSetup, .-ClockSetup
 235              		.section	.text.AnalogSetDefault,"ax",%progbits
 236              		.align	2
 237              		.code	16
 238              		.thumb_func
 239              		.type	AnalogSetDefault, %function
 240              	AnalogSetDefault:
 241              	.LFB6:
 208:Generated_Source\PSoC4/cyfitter_cfg.c **** 
 209:Generated_Source\PSoC4/cyfitter_cfg.c **** 
 210:Generated_Source\PSoC4/cyfitter_cfg.c **** /* Analog API Functions */
 211:Generated_Source\PSoC4/cyfitter_cfg.c **** 
 212:Generated_Source\PSoC4/cyfitter_cfg.c **** 
 213:Generated_Source\PSoC4/cyfitter_cfg.c **** /*******************************************************************************
 214:Generated_Source\PSoC4/cyfitter_cfg.c **** * Function Name: AnalogSetDefault
 215:Generated_Source\PSoC4/cyfitter_cfg.c **** ********************************************************************************
ARM GAS  C:\Users\semen\AppData\Local\Temp\ccxoNGDF.s 			page 9


 216:Generated_Source\PSoC4/cyfitter_cfg.c **** *
 217:Generated_Source\PSoC4/cyfitter_cfg.c **** * Summary:
 218:Generated_Source\PSoC4/cyfitter_cfg.c **** *  Sets up the analog portions of the chip to default values based on chip
 219:Generated_Source\PSoC4/cyfitter_cfg.c **** *  configuration options from the project.
 220:Generated_Source\PSoC4/cyfitter_cfg.c **** *
 221:Generated_Source\PSoC4/cyfitter_cfg.c **** * Parameters:
 222:Generated_Source\PSoC4/cyfitter_cfg.c **** *  void
 223:Generated_Source\PSoC4/cyfitter_cfg.c **** *
 224:Generated_Source\PSoC4/cyfitter_cfg.c **** * Return:
 225:Generated_Source\PSoC4/cyfitter_cfg.c **** *  void
 226:Generated_Source\PSoC4/cyfitter_cfg.c **** *
 227:Generated_Source\PSoC4/cyfitter_cfg.c **** *******************************************************************************/
 228:Generated_Source\PSoC4/cyfitter_cfg.c **** static void AnalogSetDefault(void);
 229:Generated_Source\PSoC4/cyfitter_cfg.c **** static void AnalogSetDefault(void)
 230:Generated_Source\PSoC4/cyfitter_cfg.c **** {
 242              		.loc 1 230 0
 243              		.cfi_startproc
 244              		@ args = 0, pretend = 0, frame = 0
 245              		@ frame_needed = 1, uses_anonymous_args = 0
 246 0000 80B5     		push	{r7, lr}
 247              		.cfi_def_cfa_offset 8
 248              		.cfi_offset 7, -8
 249              		.cfi_offset 14, -4
 250 0002 00AF     		add	r7, sp, #0
 251              		.cfi_def_cfa_register 7
 231:Generated_Source\PSoC4/cyfitter_cfg.c **** 	CY_SET_XTND_REG32((void CYFAR *)CYREG_CTBM0_DFT_CTRL, 0x00000003u);
 252              		.loc 1 231 0
 253 0004 054B     		ldr	r3, .L8
 254 0006 0322     		movs	r2, #3
 255 0008 1A60     		str	r2, [r3]
 232:Generated_Source\PSoC4/cyfitter_cfg.c **** 	CY_SET_XTND_REG32((void CYFAR *)CYREG_CTBM1_DFT_CTRL, 0x00000003u);
 256              		.loc 1 232 0
 257 000a 054B     		ldr	r3, .L8+4
 258 000c 0322     		movs	r2, #3
 259 000e 1A60     		str	r2, [r3]
 233:Generated_Source\PSoC4/cyfitter_cfg.c **** 	CY_SET_XTND_REG32((void CYFAR *)CYREG_PASS_DSAB_DSAB_CTRL, 0x00000000u);
 260              		.loc 1 233 0
 261 0010 044B     		ldr	r3, .L8+8
 262 0012 0022     		movs	r2, #0
 263 0014 1A60     		str	r2, [r3]
 234:Generated_Source\PSoC4/cyfitter_cfg.c **** }
 264              		.loc 1 234 0
 265 0016 C046     		nop
 266 0018 BD46     		mov	sp, r7
 267              		@ sp needed
 268 001a 80BD     		pop	{r7, pc}
 269              	.L9:
 270              		.align	2
 271              	.L8:
 272 001c 30003040 		.word	1076887600
 273 0020 30003140 		.word	1076953136
 274 0024 000E3F40 		.word	1077874176
 275              		.cfi_endproc
 276              	.LFE6:
 277              		.size	AnalogSetDefault, .-AnalogSetDefault
 278              		.section	.psocinit
 279              		.align	2
ARM GAS  C:\Users\semen\AppData\Local\Temp\ccxoNGDF.s 			page 10


 280              		.global	cyfitter_cfg
 281              		.code	16
 282              		.thumb_func
 283              		.type	cyfitter_cfg, %function
 284              	cyfitter_cfg:
 285              	.LFB7:
 235:Generated_Source\PSoC4/cyfitter_cfg.c **** 
 236:Generated_Source\PSoC4/cyfitter_cfg.c **** 
 237:Generated_Source\PSoC4/cyfitter_cfg.c **** 
 238:Generated_Source\PSoC4/cyfitter_cfg.c **** 
 239:Generated_Source\PSoC4/cyfitter_cfg.c **** /*******************************************************************************
 240:Generated_Source\PSoC4/cyfitter_cfg.c **** * Function Name: cyfitter_cfg
 241:Generated_Source\PSoC4/cyfitter_cfg.c **** ********************************************************************************
 242:Generated_Source\PSoC4/cyfitter_cfg.c **** * Summary:
 243:Generated_Source\PSoC4/cyfitter_cfg.c **** *  This function is called by the start-up code for the selected device. It
 244:Generated_Source\PSoC4/cyfitter_cfg.c **** *  performs all of the necessary device configuration based on the design
 245:Generated_Source\PSoC4/cyfitter_cfg.c **** *  settings.  This includes settings from the Design Wide Resources (DWR) such
 246:Generated_Source\PSoC4/cyfitter_cfg.c **** *  as Clocks and Pins as well as any component configuration that is necessary.
 247:Generated_Source\PSoC4/cyfitter_cfg.c **** *
 248:Generated_Source\PSoC4/cyfitter_cfg.c **** * Parameters:
 249:Generated_Source\PSoC4/cyfitter_cfg.c **** *   void
 250:Generated_Source\PSoC4/cyfitter_cfg.c **** *
 251:Generated_Source\PSoC4/cyfitter_cfg.c **** * Return:
 252:Generated_Source\PSoC4/cyfitter_cfg.c **** *   void
 253:Generated_Source\PSoC4/cyfitter_cfg.c **** *
 254:Generated_Source\PSoC4/cyfitter_cfg.c **** *******************************************************************************/
 255:Generated_Source\PSoC4/cyfitter_cfg.c **** CY_CFG_SECTION
 256:Generated_Source\PSoC4/cyfitter_cfg.c **** void cyfitter_cfg(void)
 257:Generated_Source\PSoC4/cyfitter_cfg.c **** {
 286              		.loc 1 257 0
 287              		.cfi_startproc
 288              		@ args = 0, pretend = 0, frame = 8
 289              		@ frame_needed = 1, uses_anonymous_args = 0
 290 00a8 80B5     		push	{r7, lr}
 291              		.cfi_def_cfa_offset 8
 292              		.cfi_offset 7, -8
 293              		.cfi_offset 14, -4
 294 00aa 82B0     		sub	sp, sp, #8
 295              		.cfi_def_cfa_offset 16
 296 00ac 00AF     		add	r7, sp, #0
 297              		.cfi_def_cfa_register 7
 258:Generated_Source\PSoC4/cyfitter_cfg.c **** 	/* Disable interrupts by default. Let user enable if/when they want. */
 259:Generated_Source\PSoC4/cyfitter_cfg.c **** 	CyGlobalIntDisable;
 298              		.loc 1 259 0
 299              		.syntax divided
 300              	@ 259 "Generated_Source\PSoC4\cyfitter_cfg.c" 1
 301 00ae 72B6     		CPSID   i
 302              	@ 0 "" 2
 260:Generated_Source\PSoC4/cyfitter_cfg.c **** 
 261:Generated_Source\PSoC4/cyfitter_cfg.c **** 	CY_SET_REG32((void *)(CYREG_BLE_BLESS_LL_DSM_CTRL), 0x00000000u);
 303              		.loc 1 261 0
 304              		.thumb
 305              		.syntax unified
 306 00b0 2E4B     		ldr	r3, .L13
 307 00b2 0022     		movs	r2, #0
 308 00b4 1A60     		str	r2, [r3]
 309              	.LBB2:
ARM GAS  C:\Users\semen\AppData\Local\Temp\ccxoNGDF.s 			page 11


 262:Generated_Source\PSoC4/cyfitter_cfg.c **** 
 263:Generated_Source\PSoC4/cyfitter_cfg.c **** 	{
 264:Generated_Source\PSoC4/cyfitter_cfg.c **** 
 265:Generated_Source\PSoC4/cyfitter_cfg.c **** 		CYPACKED typedef struct {
 266:Generated_Source\PSoC4/cyfitter_cfg.c **** 			void CYFAR *address;
 267:Generated_Source\PSoC4/cyfitter_cfg.c **** 			uint16 size;
 268:Generated_Source\PSoC4/cyfitter_cfg.c **** 		} CYPACKED_ATTR cfg_memset_t;
 269:Generated_Source\PSoC4/cyfitter_cfg.c **** 
 270:Generated_Source\PSoC4/cyfitter_cfg.c **** 		static const cfg_memset_t CYCODE cfg_memset_list[] = {
 271:Generated_Source\PSoC4/cyfitter_cfg.c **** 			/* address, size */
 272:Generated_Source\PSoC4/cyfitter_cfg.c **** 			{(void CYFAR *)(CYDEV_UDB_P0_U0_BASE), 1024u},
 273:Generated_Source\PSoC4/cyfitter_cfg.c **** 			{(void CYFAR *)(CYDEV_UDB_DSI0_BASE), 1024u},
 274:Generated_Source\PSoC4/cyfitter_cfg.c **** 		};
 275:Generated_Source\PSoC4/cyfitter_cfg.c **** 
 276:Generated_Source\PSoC4/cyfitter_cfg.c **** 		uint8 CYDATA i;
 277:Generated_Source\PSoC4/cyfitter_cfg.c **** 
 278:Generated_Source\PSoC4/cyfitter_cfg.c **** 		/* Zero out critical memory blocks before beginning configuration */
 279:Generated_Source\PSoC4/cyfitter_cfg.c **** 		for (i = 0u; i < (sizeof(cfg_memset_list)/sizeof(cfg_memset_list[0])); i++)
 310              		.loc 1 279 0
 311 00b6 FB1D     		adds	r3, r7, #7
 312 00b8 0022     		movs	r2, #0
 313 00ba 1A70     		strb	r2, [r3]
 314 00bc 22E0     		b	.L11
 315              	.L12:
 316              	.LBB3:
 280:Generated_Source\PSoC4/cyfitter_cfg.c **** 		{
 281:Generated_Source\PSoC4/cyfitter_cfg.c **** 			const cfg_memset_t CYCODE * CYDATA ms = &cfg_memset_list[i];
 317              		.loc 1 281 0 discriminator 3
 318 00be FB1D     		adds	r3, r7, #7
 319 00c0 1A78     		ldrb	r2, [r3]
 320 00c2 1300     		movs	r3, r2
 321 00c4 5B00     		lsls	r3, r3, #1
 322 00c6 9B18     		adds	r3, r3, r2
 323 00c8 5B00     		lsls	r3, r3, #1
 324 00ca 294A     		ldr	r2, .L13+4
 325 00cc 9B18     		adds	r3, r3, r2
 326 00ce 3B60     		str	r3, [r7]
 282:Generated_Source\PSoC4/cyfitter_cfg.c **** 			CYMEMZERO(ms->address, (size_t)(uint32)(ms->size));
 327              		.loc 1 282 0 discriminator 3
 328 00d0 3B68     		ldr	r3, [r7]
 329 00d2 1A78     		ldrb	r2, [r3]
 330 00d4 5978     		ldrb	r1, [r3, #1]
 331 00d6 0902     		lsls	r1, r1, #8
 332 00d8 0A43     		orrs	r2, r1
 333 00da 9978     		ldrb	r1, [r3, #2]
 334 00dc 0904     		lsls	r1, r1, #16
 335 00de 0A43     		orrs	r2, r1
 336 00e0 DB78     		ldrb	r3, [r3, #3]
 337 00e2 1B06     		lsls	r3, r3, #24
 338 00e4 1343     		orrs	r3, r2
 339 00e6 1800     		movs	r0, r3
 340 00e8 3B68     		ldr	r3, [r7]
 341 00ea 1A79     		ldrb	r2, [r3, #4]
 342 00ec 5B79     		ldrb	r3, [r3, #5]
 343 00ee 1B02     		lsls	r3, r3, #8
 344 00f0 1343     		orrs	r3, r2
 345 00f2 9BB2     		uxth	r3, r3
ARM GAS  C:\Users\semen\AppData\Local\Temp\ccxoNGDF.s 			page 12


 346 00f4 1900     		movs	r1, r3
 347 00f6 FFF7FEFF 		bl	CYMEMZERO
 348              	.LBE3:
 279:Generated_Source\PSoC4/cyfitter_cfg.c **** 		{
 349              		.loc 1 279 0 discriminator 3
 350 00fa FB1D     		adds	r3, r7, #7
 351 00fc 1A78     		ldrb	r2, [r3]
 352 00fe FB1D     		adds	r3, r7, #7
 353 0100 0132     		adds	r2, r2, #1
 354 0102 1A70     		strb	r2, [r3]
 355              	.L11:
 279:Generated_Source\PSoC4/cyfitter_cfg.c **** 		{
 356              		.loc 1 279 0 is_stmt 0 discriminator 1
 357 0104 FB1D     		adds	r3, r7, #7
 358 0106 1B78     		ldrb	r3, [r3]
 359 0108 012B     		cmp	r3, #1
 360 010a D8D9     		bls	.L12
 283:Generated_Source\PSoC4/cyfitter_cfg.c **** 		}
 284:Generated_Source\PSoC4/cyfitter_cfg.c **** 
 285:Generated_Source\PSoC4/cyfitter_cfg.c **** 		/* HSIOM Starting address: CYDEV_HSIOM_BASE */
 286:Generated_Source\PSoC4/cyfitter_cfg.c **** 		CY_SET_REG32((void *)(CYDEV_HSIOM_BASE), 0xEE000000u);
 361              		.loc 1 286 0 is_stmt 1
 362 010c 194B     		ldr	r3, .L13+8
 363 010e EE22     		movs	r2, #238
 364 0110 1206     		lsls	r2, r2, #24
 365 0112 1A60     		str	r2, [r3]
 287:Generated_Source\PSoC4/cyfitter_cfg.c **** 
 288:Generated_Source\PSoC4/cyfitter_cfg.c **** 		/* UDB_PA_0 Starting address: CYDEV_UDB_PA0_BASE */
 289:Generated_Source\PSoC4/cyfitter_cfg.c **** 		CY_SET_REG32((void *)(CYDEV_UDB_PA0_BASE), 0x00990000u);
 366              		.loc 1 289 0
 367 0114 184B     		ldr	r3, .L13+12
 368 0116 9922     		movs	r2, #153
 369 0118 1204     		lsls	r2, r2, #16
 370 011a 1A60     		str	r2, [r3]
 290:Generated_Source\PSoC4/cyfitter_cfg.c **** 
 291:Generated_Source\PSoC4/cyfitter_cfg.c **** 		/* UDB_PA_1 Starting address: CYDEV_UDB_PA1_BASE */
 292:Generated_Source\PSoC4/cyfitter_cfg.c **** 		CY_SET_REG32((void *)(CYDEV_UDB_PA1_BASE), 0x00990000u);
 371              		.loc 1 292 0
 372 011c 174B     		ldr	r3, .L13+16
 373 011e 9922     		movs	r2, #153
 374 0120 1204     		lsls	r2, r2, #16
 375 0122 1A60     		str	r2, [r3]
 293:Generated_Source\PSoC4/cyfitter_cfg.c **** 
 294:Generated_Source\PSoC4/cyfitter_cfg.c **** 		/* UDB_PA_2 Starting address: CYDEV_UDB_PA2_BASE */
 295:Generated_Source\PSoC4/cyfitter_cfg.c **** 		CY_SET_REG32((void *)(CYDEV_UDB_PA2_BASE), 0x00990000u);
 376              		.loc 1 295 0
 377 0124 164B     		ldr	r3, .L13+20
 378 0126 9922     		movs	r2, #153
 379 0128 1204     		lsls	r2, r2, #16
 380 012a 1A60     		str	r2, [r3]
 296:Generated_Source\PSoC4/cyfitter_cfg.c **** 
 297:Generated_Source\PSoC4/cyfitter_cfg.c **** 		/* UDB_PA_3 Starting address: CYDEV_UDB_PA3_BASE */
 298:Generated_Source\PSoC4/cyfitter_cfg.c **** 		CY_SET_REG32((void *)(CYDEV_UDB_PA3_BASE), 0x00990000u);
 381              		.loc 1 298 0
 382 012c 154B     		ldr	r3, .L13+24
 383 012e 9922     		movs	r2, #153
 384 0130 1204     		lsls	r2, r2, #16
ARM GAS  C:\Users\semen\AppData\Local\Temp\ccxoNGDF.s 			page 13


 385 0132 1A60     		str	r2, [r3]
 299:Generated_Source\PSoC4/cyfitter_cfg.c **** 
 300:Generated_Source\PSoC4/cyfitter_cfg.c **** 		/* Enable digital routing */
 301:Generated_Source\PSoC4/cyfitter_cfg.c **** 		CY_SET_XTND_REG8((void *)CYREG_UDB_UDBIF_BANK_CTL, (uint8)(CY_GET_XTND_REG8((void *)CYREG_UDB_UDB
 386              		.loc 1 301 0
 387 0134 144A     		ldr	r2, .L13+28
 388 0136 144B     		ldr	r3, .L13+28
 389 0138 1B78     		ldrb	r3, [r3]
 390 013a DBB2     		uxtb	r3, r3
 391 013c 0621     		movs	r1, #6
 392 013e 0B43     		orrs	r3, r1
 393 0140 DBB2     		uxtb	r3, r3
 394 0142 1370     		strb	r3, [r2]
 395              	.LBE2:
 302:Generated_Source\PSoC4/cyfitter_cfg.c **** 	}
 303:Generated_Source\PSoC4/cyfitter_cfg.c **** 
 304:Generated_Source\PSoC4/cyfitter_cfg.c **** 	/* Perform second pass device configuration. These items must be configured in specific order afte
 305:Generated_Source\PSoC4/cyfitter_cfg.c **** 	/* IOPINS0_0 Starting address: CYDEV_GPIO_PRT0_BASE */
 306:Generated_Source\PSoC4/cyfitter_cfg.c **** 	CY_SET_REG32((void *)(CYREG_GPIO_PRT0_PC), 0x00DB0006u);
 396              		.loc 1 306 0
 397 0144 114B     		ldr	r3, .L13+32
 398 0146 124A     		ldr	r2, .L13+36
 399 0148 1A60     		str	r2, [r3]
 307:Generated_Source\PSoC4/cyfitter_cfg.c **** 
 308:Generated_Source\PSoC4/cyfitter_cfg.c **** 	/* IOPINS0_1 Starting address: CYDEV_GPIO_PRT1_BASE */
 309:Generated_Source\PSoC4/cyfitter_cfg.c **** 	CY_SET_REG32((void *)(CYREG_GPIO_PRT1_PC), 0x00180D86u);
 400              		.loc 1 309 0
 401 014a 124B     		ldr	r3, .L13+40
 402 014c 124A     		ldr	r2, .L13+44
 403 014e 1A60     		str	r2, [r3]
 310:Generated_Source\PSoC4/cyfitter_cfg.c **** 
 311:Generated_Source\PSoC4/cyfitter_cfg.c **** 	/* IOPINS0_2 Starting address: CYDEV_GPIO_PRT2_BASE */
 312:Generated_Source\PSoC4/cyfitter_cfg.c **** 	CY_SET_REG32((void *)(CYREG_GPIO_PRT2_PC), 0x001B6DB6u);
 404              		.loc 1 312 0
 405 0150 124B     		ldr	r3, .L13+48
 406 0152 134A     		ldr	r2, .L13+52
 407 0154 1A60     		str	r2, [r3]
 313:Generated_Source\PSoC4/cyfitter_cfg.c **** 
 314:Generated_Source\PSoC4/cyfitter_cfg.c **** 	/* IOPINS0_3 Starting address: CYDEV_GPIO_PRT3_BASE */
 315:Generated_Source\PSoC4/cyfitter_cfg.c **** 	CY_SET_REG32((void *)(CYREG_GPIO_PRT3_PC), 0x00036DB6u);
 408              		.loc 1 315 0
 409 0156 134B     		ldr	r3, .L13+56
 410 0158 134A     		ldr	r2, .L13+60
 411 015a 1A60     		str	r2, [r3]
 316:Generated_Source\PSoC4/cyfitter_cfg.c **** 
 317:Generated_Source\PSoC4/cyfitter_cfg.c **** 
 318:Generated_Source\PSoC4/cyfitter_cfg.c **** 	/* Setup clocks based on selections from Clock DWR */
 319:Generated_Source\PSoC4/cyfitter_cfg.c **** 	ClockSetup();
 412              		.loc 1 319 0
 413 015c FFF750FF 		bl	ClockSetup
 320:Generated_Source\PSoC4/cyfitter_cfg.c **** 
 321:Generated_Source\PSoC4/cyfitter_cfg.c **** 	/* Perform basic analog initialization to defaults */
 322:Generated_Source\PSoC4/cyfitter_cfg.c **** 	AnalogSetDefault();
 414              		.loc 1 322 0
 415 0160 FFF7FEFF 		bl	AnalogSetDefault
 323:Generated_Source\PSoC4/cyfitter_cfg.c **** 
 324:Generated_Source\PSoC4/cyfitter_cfg.c **** }
ARM GAS  C:\Users\semen\AppData\Local\Temp\ccxoNGDF.s 			page 14


 416              		.loc 1 324 0
 417 0164 C046     		nop
 418 0166 BD46     		mov	sp, r7
 419 0168 02B0     		add	sp, sp, #8
 420              		@ sp needed
 421 016a 80BD     		pop	{r7, pc}
 422              	.L14:
 423              		.align	2
 424              	.L13:
 425 016c 6CF02E40 		.word	1076818028
 426 0170 00000000 		.word	cfg_memset_list.4893
 427 0174 00000240 		.word	1073872896
 428 0178 00500F40 		.word	1074745344
 429 017c 10500F40 		.word	1074745360
 430 0180 20500F40 		.word	1074745376
 431 0184 30500F40 		.word	1074745392
 432 0188 00700F40 		.word	1074753536
 433 018c 08000440 		.word	1074003976
 434 0190 0600DB00 		.word	14352390
 435 0194 08010440 		.word	1074004232
 436 0198 860D1800 		.word	1576326
 437 019c 08020440 		.word	1074004488
 438 01a0 B66D1B00 		.word	1797558
 439 01a4 08030440 		.word	1074004744
 440 01a8 B66D0300 		.word	224694
 441              		.cfi_endproc
 442              	.LFE7:
 443              		.size	cyfitter_cfg, .-cyfitter_cfg
 444              		.section	.rodata
 445              		.align	2
 446              		.type	cfg_memset_list.4893, %object
 447              		.size	cfg_memset_list.4893, 12
 448              	cfg_memset_list.4893:
 449 0000 00300F40 		.word	1074737152
 450 0004 0004     		.short	1024
 451 0006 00400F40 		.4byte	1074741248
 452 000a 0004     		.short	1024
 453              		.text
 454              	.Letext0:
 455              		.file 2 "c:\\program files (x86)\\cypress\\psoc creator\\4.4\\psoc creator\\import\\gnu\\arm\\5.4.
 456              		.file 3 "Generated_Source\\PSoC4\\cytypes.h"
 457              		.section	.debug_info,"",%progbits
 458              	.Ldebug_info0:
 459 0000 55020000 		.4byte	0x255
 460 0004 0400     		.2byte	0x4
 461 0006 00000000 		.4byte	.Ldebug_abbrev0
 462 000a 04       		.byte	0x4
 463 000b 01       		.uleb128 0x1
 464 000c 83000000 		.4byte	.LASF30
 465 0010 0C       		.byte	0xc
 466 0011 0D020000 		.4byte	.LASF31
 467 0015 1F010000 		.4byte	.LASF32
 468 0019 00000000 		.4byte	.Ldebug_ranges0+0
 469 001d 00000000 		.4byte	0
 470 0021 00000000 		.4byte	.Ldebug_line0
 471 0025 02       		.uleb128 0x2
 472 0026 04       		.byte	0x4
ARM GAS  C:\Users\semen\AppData\Local\Temp\ccxoNGDF.s 			page 15


 473 0027 05       		.byte	0x5
 474 0028 696E7400 		.ascii	"int\000"
 475 002c 03       		.uleb128 0x3
 476 002d 06000000 		.4byte	.LASF12
 477 0031 02       		.byte	0x2
 478 0032 D8       		.byte	0xd8
 479 0033 37000000 		.4byte	0x37
 480 0037 04       		.uleb128 0x4
 481 0038 04       		.byte	0x4
 482 0039 07       		.byte	0x7
 483 003a 8D010000 		.4byte	.LASF0
 484 003e 04       		.uleb128 0x4
 485 003f 08       		.byte	0x8
 486 0040 05       		.byte	0x5
 487 0041 CF010000 		.4byte	.LASF1
 488 0045 04       		.uleb128 0x4
 489 0046 08       		.byte	0x8
 490 0047 04       		.byte	0x4
 491 0048 F5010000 		.4byte	.LASF2
 492 004c 04       		.uleb128 0x4
 493 004d 01       		.byte	0x1
 494 004e 06       		.byte	0x6
 495 004f 01020000 		.4byte	.LASF3
 496 0053 04       		.uleb128 0x4
 497 0054 01       		.byte	0x1
 498 0055 08       		.byte	0x8
 499 0056 11010000 		.4byte	.LASF4
 500 005a 04       		.uleb128 0x4
 501 005b 02       		.byte	0x2
 502 005c 05       		.byte	0x5
 503 005d E2010000 		.4byte	.LASF5
 504 0061 04       		.uleb128 0x4
 505 0062 02       		.byte	0x2
 506 0063 07       		.byte	0x7
 507 0064 39000000 		.4byte	.LASF6
 508 0068 04       		.uleb128 0x4
 509 0069 04       		.byte	0x4
 510 006a 05       		.byte	0x5
 511 006b EC010000 		.4byte	.LASF7
 512 006f 04       		.uleb128 0x4
 513 0070 04       		.byte	0x4
 514 0071 07       		.byte	0x7
 515 0072 61000000 		.4byte	.LASF8
 516 0076 04       		.uleb128 0x4
 517 0077 08       		.byte	0x8
 518 0078 07       		.byte	0x7
 519 0079 A2010000 		.4byte	.LASF9
 520 007d 04       		.uleb128 0x4
 521 007e 04       		.byte	0x4
 522 007f 07       		.byte	0x7
 523 0080 C6010000 		.4byte	.LASF10
 524 0084 05       		.uleb128 0x5
 525 0085 04       		.byte	0x4
 526 0086 04       		.uleb128 0x4
 527 0087 01       		.byte	0x1
 528 0088 08       		.byte	0x8
 529 0089 DD010000 		.4byte	.LASF11
ARM GAS  C:\Users\semen\AppData\Local\Temp\ccxoNGDF.s 			page 16


 530 008d 06       		.uleb128 0x6
 531 008e 73000000 		.4byte	.LASF13
 532 0092 03       		.byte	0x3
 533 0093 FB01     		.2byte	0x1fb
 534 0095 53000000 		.4byte	0x53
 535 0099 06       		.uleb128 0x6
 536 009a 7F010000 		.4byte	.LASF14
 537 009e 03       		.byte	0x3
 538 009f FC01     		.2byte	0x1fc
 539 00a1 61000000 		.4byte	0x61
 540 00a5 06       		.uleb128 0x6
 541 00a6 86010000 		.4byte	.LASF15
 542 00aa 03       		.byte	0x3
 543 00ab FD01     		.2byte	0x1fd
 544 00ad 6F000000 		.4byte	0x6f
 545 00b1 04       		.uleb128 0x4
 546 00b2 04       		.byte	0x4
 547 00b3 04       		.byte	0x4
 548 00b4 4C000000 		.4byte	.LASF16
 549 00b8 04       		.uleb128 0x4
 550 00b9 08       		.byte	0x8
 551 00ba 04       		.byte	0x4
 552 00bb 6B010000 		.4byte	.LASF17
 553 00bf 06       		.uleb128 0x6
 554 00c0 5C000000 		.4byte	.LASF18
 555 00c4 03       		.byte	0x3
 556 00c5 A502     		.2byte	0x2a5
 557 00c7 CB000000 		.4byte	0xcb
 558 00cb 07       		.uleb128 0x7
 559 00cc 8D000000 		.4byte	0x8d
 560 00d0 06       		.uleb128 0x6
 561 00d1 00000000 		.4byte	.LASF19
 562 00d5 03       		.byte	0x3
 563 00d6 A702     		.2byte	0x2a7
 564 00d8 DC000000 		.4byte	0xdc
 565 00dc 07       		.uleb128 0x7
 566 00dd A5000000 		.4byte	0xa5
 567 00e1 08       		.uleb128 0x8
 568 00e2 79000000 		.4byte	.LASF20
 569 00e6 01       		.byte	0x1
 570 00e7 4B       		.byte	0x4b
 571 00e8 00000000 		.4byte	.LFB2
 572 00ec 1E000000 		.4byte	.LFE2-.LFB2
 573 00f0 01       		.uleb128 0x1
 574 00f1 9C       		.byte	0x9c
 575 00f2 0F010000 		.4byte	0x10f
 576 00f6 09       		.uleb128 0x9
 577 00f7 7300     		.ascii	"s\000"
 578 00f9 01       		.byte	0x1
 579 00fa 4B       		.byte	0x4b
 580 00fb 84000000 		.4byte	0x84
 581 00ff 02       		.uleb128 0x2
 582 0100 91       		.byte	0x91
 583 0101 74       		.sleb128 -12
 584 0102 09       		.uleb128 0x9
 585 0103 6E00     		.ascii	"n\000"
 586 0105 01       		.byte	0x1
ARM GAS  C:\Users\semen\AppData\Local\Temp\ccxoNGDF.s 			page 17


 587 0106 4B       		.byte	0x4b
 588 0107 2C000000 		.4byte	0x2c
 589 010b 02       		.uleb128 0x2
 590 010c 91       		.byte	0x91
 591 010d 70       		.sleb128 -16
 592 010e 00       		.byte	0
 593 010f 08       		.uleb128 0x8
 594 0110 43020000 		.4byte	.LASF21
 595 0114 01       		.byte	0x1
 596 0115 52       		.byte	0x52
 597 0116 00000000 		.4byte	.LFB3
 598 011a 20000000 		.4byte	.LFE3-.LFB3
 599 011e 01       		.uleb128 0x1
 600 011f 9C       		.byte	0x9c
 601 0120 4D010000 		.4byte	0x14d
 602 0124 0A       		.uleb128 0xa
 603 0125 52000000 		.4byte	.LASF22
 604 0129 01       		.byte	0x1
 605 012a 52       		.byte	0x52
 606 012b 84000000 		.4byte	0x84
 607 012f 02       		.uleb128 0x2
 608 0130 91       		.byte	0x91
 609 0131 74       		.sleb128 -12
 610 0132 09       		.uleb128 0x9
 611 0133 73726300 		.ascii	"src\000"
 612 0137 01       		.byte	0x1
 613 0138 52       		.byte	0x52
 614 0139 4D010000 		.4byte	0x14d
 615 013d 02       		.uleb128 0x2
 616 013e 91       		.byte	0x91
 617 013f 70       		.sleb128 -16
 618 0140 09       		.uleb128 0x9
 619 0141 6E00     		.ascii	"n\000"
 620 0143 01       		.byte	0x1
 621 0144 52       		.byte	0x52
 622 0145 2C000000 		.4byte	0x2c
 623 0149 02       		.uleb128 0x2
 624 014a 91       		.byte	0x91
 625 014b 6C       		.sleb128 -20
 626 014c 00       		.byte	0
 627 014d 0B       		.uleb128 0xb
 628 014e 04       		.byte	0x4
 629 014f 53010000 		.4byte	0x153
 630 0153 0C       		.uleb128 0xc
 631 0154 08       		.uleb128 0x8
 632 0155 33020000 		.4byte	.LASF23
 633 0159 01       		.byte	0x1
 634 015a 59       		.byte	0x59
 635 015b 00000000 		.4byte	.LFB4
 636 015f 20000000 		.4byte	.LFE4-.LFB4
 637 0163 01       		.uleb128 0x1
 638 0164 9C       		.byte	0x9c
 639 0165 92010000 		.4byte	0x192
 640 0169 0A       		.uleb128 0xa
 641 016a 52000000 		.4byte	.LASF22
 642 016e 01       		.byte	0x1
 643 016f 59       		.byte	0x59
ARM GAS  C:\Users\semen\AppData\Local\Temp\ccxoNGDF.s 			page 18


 644 0170 84000000 		.4byte	0x84
 645 0174 02       		.uleb128 0x2
 646 0175 91       		.byte	0x91
 647 0176 74       		.sleb128 -12
 648 0177 09       		.uleb128 0x9
 649 0178 73726300 		.ascii	"src\000"
 650 017c 01       		.byte	0x1
 651 017d 59       		.byte	0x59
 652 017e 4D010000 		.4byte	0x14d
 653 0182 02       		.uleb128 0x2
 654 0183 91       		.byte	0x91
 655 0184 70       		.sleb128 -16
 656 0185 09       		.uleb128 0x9
 657 0186 6E00     		.ascii	"n\000"
 658 0188 01       		.byte	0x1
 659 0189 59       		.byte	0x59
 660 018a 2C000000 		.4byte	0x2c
 661 018e 02       		.uleb128 0x2
 662 018f 91       		.byte	0x91
 663 0190 6C       		.sleb128 -20
 664 0191 00       		.byte	0
 665 0192 0D       		.uleb128 0xd
 666 0193 2E000000 		.4byte	.LASF24
 667 0197 01       		.byte	0x1
 668 0198 A9       		.byte	0xa9
 669 0199 00000000 		.4byte	.LFB5
 670 019d A8000000 		.4byte	.LFE5-.LFB5
 671 01a1 01       		.uleb128 0x1
 672 01a2 9C       		.byte	0x9c
 673 01a3 0E       		.uleb128 0xe
 674 01a4 0D000000 		.4byte	.LASF25
 675 01a8 01       		.byte	0x1
 676 01a9 E5       		.byte	0xe5
 677 01aa 00000000 		.4byte	.LFB6
 678 01ae 28000000 		.4byte	.LFE6-.LFB6
 679 01b2 01       		.uleb128 0x1
 680 01b3 9C       		.byte	0x9c
 681 01b4 0F       		.uleb128 0xf
 682 01b5 72010000 		.4byte	.LASF33
 683 01b9 01       		.byte	0x1
 684 01ba 0001     		.2byte	0x100
 685 01bc A8000000 		.4byte	.LFB7
 686 01c0 04010000 		.4byte	.LFE7-.LFB7
 687 01c4 01       		.uleb128 0x1
 688 01c5 9C       		.byte	0x9c
 689 01c6 10       		.uleb128 0x10
 690 01c7 B6000000 		.4byte	.LBB2
 691 01cb 8E000000 		.4byte	.LBE2-.LBB2
 692 01cf 11       		.uleb128 0x11
 693 01d0 06       		.byte	0x6
 694 01d1 01       		.byte	0x1
 695 01d2 0901     		.2byte	0x109
 696 01d4 F3010000 		.4byte	0x1f3
 697 01d8 12       		.uleb128 0x12
 698 01d9 9A010000 		.4byte	.LASF26
 699 01dd 01       		.byte	0x1
 700 01de 0A01     		.2byte	0x10a
ARM GAS  C:\Users\semen\AppData\Local\Temp\ccxoNGDF.s 			page 19


 701 01e0 84000000 		.4byte	0x84
 702 01e4 00       		.byte	0
 703 01e5 12       		.uleb128 0x12
 704 01e6 57000000 		.4byte	.LASF27
 705 01ea 01       		.byte	0x1
 706 01eb 0B01     		.2byte	0x10b
 707 01ed 99000000 		.4byte	0x99
 708 01f1 04       		.byte	0x4
 709 01f2 00       		.byte	0
 710 01f3 06       		.uleb128 0x6
 711 01f4 B9010000 		.4byte	.LASF28
 712 01f8 01       		.byte	0x1
 713 01f9 0C01     		.2byte	0x10c
 714 01fb CF010000 		.4byte	0x1cf
 715 01ff 13       		.uleb128 0x13
 716 0200 0F020000 		.4byte	0x20f
 717 0204 0F020000 		.4byte	0x20f
 718 0208 14       		.uleb128 0x14
 719 0209 7D000000 		.4byte	0x7d
 720 020d 01       		.byte	0x1
 721 020e 00       		.byte	0
 722 020f 15       		.uleb128 0x15
 723 0210 F3010000 		.4byte	0x1f3
 724 0214 16       		.uleb128 0x16
 725 0215 1E000000 		.4byte	.LASF29
 726 0219 01       		.byte	0x1
 727 021a 0E01     		.2byte	0x10e
 728 021c 26020000 		.4byte	0x226
 729 0220 05       		.uleb128 0x5
 730 0221 03       		.byte	0x3
 731 0222 00000000 		.4byte	cfg_memset_list.4893
 732 0226 15       		.uleb128 0x15
 733 0227 FF010000 		.4byte	0x1ff
 734 022b 17       		.uleb128 0x17
 735 022c 6900     		.ascii	"i\000"
 736 022e 01       		.byte	0x1
 737 022f 1401     		.2byte	0x114
 738 0231 8D000000 		.4byte	0x8d
 739 0235 02       		.uleb128 0x2
 740 0236 91       		.byte	0x91
 741 0237 77       		.sleb128 -9
 742 0238 10       		.uleb128 0x10
 743 0239 BE000000 		.4byte	.LBB3
 744 023d 3C000000 		.4byte	.LBE3-.LBB3
 745 0241 17       		.uleb128 0x17
 746 0242 6D7300   		.ascii	"ms\000"
 747 0245 01       		.byte	0x1
 748 0246 1901     		.2byte	0x119
 749 0248 4F020000 		.4byte	0x24f
 750 024c 02       		.uleb128 0x2
 751 024d 91       		.byte	0x91
 752 024e 70       		.sleb128 -16
 753 024f 0B       		.uleb128 0xb
 754 0250 04       		.byte	0x4
 755 0251 0F020000 		.4byte	0x20f
 756 0255 00       		.byte	0
 757 0256 00       		.byte	0
ARM GAS  C:\Users\semen\AppData\Local\Temp\ccxoNGDF.s 			page 20


 758 0257 00       		.byte	0
 759 0258 00       		.byte	0
 760              		.section	.debug_abbrev,"",%progbits
 761              	.Ldebug_abbrev0:
 762 0000 01       		.uleb128 0x1
 763 0001 11       		.uleb128 0x11
 764 0002 01       		.byte	0x1
 765 0003 25       		.uleb128 0x25
 766 0004 0E       		.uleb128 0xe
 767 0005 13       		.uleb128 0x13
 768 0006 0B       		.uleb128 0xb
 769 0007 03       		.uleb128 0x3
 770 0008 0E       		.uleb128 0xe
 771 0009 1B       		.uleb128 0x1b
 772 000a 0E       		.uleb128 0xe
 773 000b 55       		.uleb128 0x55
 774 000c 17       		.uleb128 0x17
 775 000d 11       		.uleb128 0x11
 776 000e 01       		.uleb128 0x1
 777 000f 10       		.uleb128 0x10
 778 0010 17       		.uleb128 0x17
 779 0011 00       		.byte	0
 780 0012 00       		.byte	0
 781 0013 02       		.uleb128 0x2
 782 0014 24       		.uleb128 0x24
 783 0015 00       		.byte	0
 784 0016 0B       		.uleb128 0xb
 785 0017 0B       		.uleb128 0xb
 786 0018 3E       		.uleb128 0x3e
 787 0019 0B       		.uleb128 0xb
 788 001a 03       		.uleb128 0x3
 789 001b 08       		.uleb128 0x8
 790 001c 00       		.byte	0
 791 001d 00       		.byte	0
 792 001e 03       		.uleb128 0x3
 793 001f 16       		.uleb128 0x16
 794 0020 00       		.byte	0
 795 0021 03       		.uleb128 0x3
 796 0022 0E       		.uleb128 0xe
 797 0023 3A       		.uleb128 0x3a
 798 0024 0B       		.uleb128 0xb
 799 0025 3B       		.uleb128 0x3b
 800 0026 0B       		.uleb128 0xb
 801 0027 49       		.uleb128 0x49
 802 0028 13       		.uleb128 0x13
 803 0029 00       		.byte	0
 804 002a 00       		.byte	0
 805 002b 04       		.uleb128 0x4
 806 002c 24       		.uleb128 0x24
 807 002d 00       		.byte	0
 808 002e 0B       		.uleb128 0xb
 809 002f 0B       		.uleb128 0xb
 810 0030 3E       		.uleb128 0x3e
 811 0031 0B       		.uleb128 0xb
 812 0032 03       		.uleb128 0x3
 813 0033 0E       		.uleb128 0xe
 814 0034 00       		.byte	0
ARM GAS  C:\Users\semen\AppData\Local\Temp\ccxoNGDF.s 			page 21


 815 0035 00       		.byte	0
 816 0036 05       		.uleb128 0x5
 817 0037 0F       		.uleb128 0xf
 818 0038 00       		.byte	0
 819 0039 0B       		.uleb128 0xb
 820 003a 0B       		.uleb128 0xb
 821 003b 00       		.byte	0
 822 003c 00       		.byte	0
 823 003d 06       		.uleb128 0x6
 824 003e 16       		.uleb128 0x16
 825 003f 00       		.byte	0
 826 0040 03       		.uleb128 0x3
 827 0041 0E       		.uleb128 0xe
 828 0042 3A       		.uleb128 0x3a
 829 0043 0B       		.uleb128 0xb
 830 0044 3B       		.uleb128 0x3b
 831 0045 05       		.uleb128 0x5
 832 0046 49       		.uleb128 0x49
 833 0047 13       		.uleb128 0x13
 834 0048 00       		.byte	0
 835 0049 00       		.byte	0
 836 004a 07       		.uleb128 0x7
 837 004b 35       		.uleb128 0x35
 838 004c 00       		.byte	0
 839 004d 49       		.uleb128 0x49
 840 004e 13       		.uleb128 0x13
 841 004f 00       		.byte	0
 842 0050 00       		.byte	0
 843 0051 08       		.uleb128 0x8
 844 0052 2E       		.uleb128 0x2e
 845 0053 01       		.byte	0x1
 846 0054 03       		.uleb128 0x3
 847 0055 0E       		.uleb128 0xe
 848 0056 3A       		.uleb128 0x3a
 849 0057 0B       		.uleb128 0xb
 850 0058 3B       		.uleb128 0x3b
 851 0059 0B       		.uleb128 0xb
 852 005a 27       		.uleb128 0x27
 853 005b 19       		.uleb128 0x19
 854 005c 11       		.uleb128 0x11
 855 005d 01       		.uleb128 0x1
 856 005e 12       		.uleb128 0x12
 857 005f 06       		.uleb128 0x6
 858 0060 40       		.uleb128 0x40
 859 0061 18       		.uleb128 0x18
 860 0062 9642     		.uleb128 0x2116
 861 0064 19       		.uleb128 0x19
 862 0065 01       		.uleb128 0x1
 863 0066 13       		.uleb128 0x13
 864 0067 00       		.byte	0
 865 0068 00       		.byte	0
 866 0069 09       		.uleb128 0x9
 867 006a 05       		.uleb128 0x5
 868 006b 00       		.byte	0
 869 006c 03       		.uleb128 0x3
 870 006d 08       		.uleb128 0x8
 871 006e 3A       		.uleb128 0x3a
ARM GAS  C:\Users\semen\AppData\Local\Temp\ccxoNGDF.s 			page 22


 872 006f 0B       		.uleb128 0xb
 873 0070 3B       		.uleb128 0x3b
 874 0071 0B       		.uleb128 0xb
 875 0072 49       		.uleb128 0x49
 876 0073 13       		.uleb128 0x13
 877 0074 02       		.uleb128 0x2
 878 0075 18       		.uleb128 0x18
 879 0076 00       		.byte	0
 880 0077 00       		.byte	0
 881 0078 0A       		.uleb128 0xa
 882 0079 05       		.uleb128 0x5
 883 007a 00       		.byte	0
 884 007b 03       		.uleb128 0x3
 885 007c 0E       		.uleb128 0xe
 886 007d 3A       		.uleb128 0x3a
 887 007e 0B       		.uleb128 0xb
 888 007f 3B       		.uleb128 0x3b
 889 0080 0B       		.uleb128 0xb
 890 0081 49       		.uleb128 0x49
 891 0082 13       		.uleb128 0x13
 892 0083 02       		.uleb128 0x2
 893 0084 18       		.uleb128 0x18
 894 0085 00       		.byte	0
 895 0086 00       		.byte	0
 896 0087 0B       		.uleb128 0xb
 897 0088 0F       		.uleb128 0xf
 898 0089 00       		.byte	0
 899 008a 0B       		.uleb128 0xb
 900 008b 0B       		.uleb128 0xb
 901 008c 49       		.uleb128 0x49
 902 008d 13       		.uleb128 0x13
 903 008e 00       		.byte	0
 904 008f 00       		.byte	0
 905 0090 0C       		.uleb128 0xc
 906 0091 26       		.uleb128 0x26
 907 0092 00       		.byte	0
 908 0093 00       		.byte	0
 909 0094 00       		.byte	0
 910 0095 0D       		.uleb128 0xd
 911 0096 2E       		.uleb128 0x2e
 912 0097 00       		.byte	0
 913 0098 03       		.uleb128 0x3
 914 0099 0E       		.uleb128 0xe
 915 009a 3A       		.uleb128 0x3a
 916 009b 0B       		.uleb128 0xb
 917 009c 3B       		.uleb128 0x3b
 918 009d 0B       		.uleb128 0xb
 919 009e 27       		.uleb128 0x27
 920 009f 19       		.uleb128 0x19
 921 00a0 11       		.uleb128 0x11
 922 00a1 01       		.uleb128 0x1
 923 00a2 12       		.uleb128 0x12
 924 00a3 06       		.uleb128 0x6
 925 00a4 40       		.uleb128 0x40
 926 00a5 18       		.uleb128 0x18
 927 00a6 9642     		.uleb128 0x2116
 928 00a8 19       		.uleb128 0x19
ARM GAS  C:\Users\semen\AppData\Local\Temp\ccxoNGDF.s 			page 23


 929 00a9 00       		.byte	0
 930 00aa 00       		.byte	0
 931 00ab 0E       		.uleb128 0xe
 932 00ac 2E       		.uleb128 0x2e
 933 00ad 00       		.byte	0
 934 00ae 03       		.uleb128 0x3
 935 00af 0E       		.uleb128 0xe
 936 00b0 3A       		.uleb128 0x3a
 937 00b1 0B       		.uleb128 0xb
 938 00b2 3B       		.uleb128 0x3b
 939 00b3 0B       		.uleb128 0xb
 940 00b4 27       		.uleb128 0x27
 941 00b5 19       		.uleb128 0x19
 942 00b6 11       		.uleb128 0x11
 943 00b7 01       		.uleb128 0x1
 944 00b8 12       		.uleb128 0x12
 945 00b9 06       		.uleb128 0x6
 946 00ba 40       		.uleb128 0x40
 947 00bb 18       		.uleb128 0x18
 948 00bc 9742     		.uleb128 0x2117
 949 00be 19       		.uleb128 0x19
 950 00bf 00       		.byte	0
 951 00c0 00       		.byte	0
 952 00c1 0F       		.uleb128 0xf
 953 00c2 2E       		.uleb128 0x2e
 954 00c3 01       		.byte	0x1
 955 00c4 3F       		.uleb128 0x3f
 956 00c5 19       		.uleb128 0x19
 957 00c6 03       		.uleb128 0x3
 958 00c7 0E       		.uleb128 0xe
 959 00c8 3A       		.uleb128 0x3a
 960 00c9 0B       		.uleb128 0xb
 961 00ca 3B       		.uleb128 0x3b
 962 00cb 05       		.uleb128 0x5
 963 00cc 27       		.uleb128 0x27
 964 00cd 19       		.uleb128 0x19
 965 00ce 11       		.uleb128 0x11
 966 00cf 01       		.uleb128 0x1
 967 00d0 12       		.uleb128 0x12
 968 00d1 06       		.uleb128 0x6
 969 00d2 40       		.uleb128 0x40
 970 00d3 18       		.uleb128 0x18
 971 00d4 9642     		.uleb128 0x2116
 972 00d6 19       		.uleb128 0x19
 973 00d7 00       		.byte	0
 974 00d8 00       		.byte	0
 975 00d9 10       		.uleb128 0x10
 976 00da 0B       		.uleb128 0xb
 977 00db 01       		.byte	0x1
 978 00dc 11       		.uleb128 0x11
 979 00dd 01       		.uleb128 0x1
 980 00de 12       		.uleb128 0x12
 981 00df 06       		.uleb128 0x6
 982 00e0 00       		.byte	0
 983 00e1 00       		.byte	0
 984 00e2 11       		.uleb128 0x11
 985 00e3 13       		.uleb128 0x13
ARM GAS  C:\Users\semen\AppData\Local\Temp\ccxoNGDF.s 			page 24


 986 00e4 01       		.byte	0x1
 987 00e5 0B       		.uleb128 0xb
 988 00e6 0B       		.uleb128 0xb
 989 00e7 3A       		.uleb128 0x3a
 990 00e8 0B       		.uleb128 0xb
 991 00e9 3B       		.uleb128 0x3b
 992 00ea 05       		.uleb128 0x5
 993 00eb 01       		.uleb128 0x1
 994 00ec 13       		.uleb128 0x13
 995 00ed 00       		.byte	0
 996 00ee 00       		.byte	0
 997 00ef 12       		.uleb128 0x12
 998 00f0 0D       		.uleb128 0xd
 999 00f1 00       		.byte	0
 1000 00f2 03       		.uleb128 0x3
 1001 00f3 0E       		.uleb128 0xe
 1002 00f4 3A       		.uleb128 0x3a
 1003 00f5 0B       		.uleb128 0xb
 1004 00f6 3B       		.uleb128 0x3b
 1005 00f7 05       		.uleb128 0x5
 1006 00f8 49       		.uleb128 0x49
 1007 00f9 13       		.uleb128 0x13
 1008 00fa 38       		.uleb128 0x38
 1009 00fb 0B       		.uleb128 0xb
 1010 00fc 00       		.byte	0
 1011 00fd 00       		.byte	0
 1012 00fe 13       		.uleb128 0x13
 1013 00ff 01       		.uleb128 0x1
 1014 0100 01       		.byte	0x1
 1015 0101 49       		.uleb128 0x49
 1016 0102 13       		.uleb128 0x13
 1017 0103 01       		.uleb128 0x1
 1018 0104 13       		.uleb128 0x13
 1019 0105 00       		.byte	0
 1020 0106 00       		.byte	0
 1021 0107 14       		.uleb128 0x14
 1022 0108 21       		.uleb128 0x21
 1023 0109 00       		.byte	0
 1024 010a 49       		.uleb128 0x49
 1025 010b 13       		.uleb128 0x13
 1026 010c 2F       		.uleb128 0x2f
 1027 010d 0B       		.uleb128 0xb
 1028 010e 00       		.byte	0
 1029 010f 00       		.byte	0
 1030 0110 15       		.uleb128 0x15
 1031 0111 26       		.uleb128 0x26
 1032 0112 00       		.byte	0
 1033 0113 49       		.uleb128 0x49
 1034 0114 13       		.uleb128 0x13
 1035 0115 00       		.byte	0
 1036 0116 00       		.byte	0
 1037 0117 16       		.uleb128 0x16
 1038 0118 34       		.uleb128 0x34
 1039 0119 00       		.byte	0
 1040 011a 03       		.uleb128 0x3
 1041 011b 0E       		.uleb128 0xe
 1042 011c 3A       		.uleb128 0x3a
ARM GAS  C:\Users\semen\AppData\Local\Temp\ccxoNGDF.s 			page 25


 1043 011d 0B       		.uleb128 0xb
 1044 011e 3B       		.uleb128 0x3b
 1045 011f 05       		.uleb128 0x5
 1046 0120 49       		.uleb128 0x49
 1047 0121 13       		.uleb128 0x13
 1048 0122 02       		.uleb128 0x2
 1049 0123 18       		.uleb128 0x18
 1050 0124 00       		.byte	0
 1051 0125 00       		.byte	0
 1052 0126 17       		.uleb128 0x17
 1053 0127 34       		.uleb128 0x34
 1054 0128 00       		.byte	0
 1055 0129 03       		.uleb128 0x3
 1056 012a 08       		.uleb128 0x8
 1057 012b 3A       		.uleb128 0x3a
 1058 012c 0B       		.uleb128 0xb
 1059 012d 3B       		.uleb128 0x3b
 1060 012e 05       		.uleb128 0x5
 1061 012f 49       		.uleb128 0x49
 1062 0130 13       		.uleb128 0x13
 1063 0131 02       		.uleb128 0x2
 1064 0132 18       		.uleb128 0x18
 1065 0133 00       		.byte	0
 1066 0134 00       		.byte	0
 1067 0135 00       		.byte	0
 1068              		.section	.debug_aranges,"",%progbits
 1069 0000 44000000 		.4byte	0x44
 1070 0004 0200     		.2byte	0x2
 1071 0006 00000000 		.4byte	.Ldebug_info0
 1072 000a 04       		.byte	0x4
 1073 000b 00       		.byte	0
 1074 000c 0000     		.2byte	0
 1075 000e 0000     		.2byte	0
 1076 0010 00000000 		.4byte	.LFB2
 1077 0014 1E000000 		.4byte	.LFE2-.LFB2
 1078 0018 00000000 		.4byte	.LFB3
 1079 001c 20000000 		.4byte	.LFE3-.LFB3
 1080 0020 00000000 		.4byte	.LFB4
 1081 0024 20000000 		.4byte	.LFE4-.LFB4
 1082 0028 00000000 		.4byte	.LFB5
 1083 002c A8000000 		.4byte	.LFE5-.LFB5
 1084 0030 00000000 		.4byte	.LFB6
 1085 0034 28000000 		.4byte	.LFE6-.LFB6
 1086 0038 A8000000 		.4byte	.LFB7
 1087 003c 04010000 		.4byte	.LFE7-.LFB7
 1088 0040 00000000 		.4byte	0
 1089 0044 00000000 		.4byte	0
 1090              		.section	.debug_ranges,"",%progbits
 1091              	.Ldebug_ranges0:
 1092 0000 00000000 		.4byte	.LFB2
 1093 0004 1E000000 		.4byte	.LFE2
 1094 0008 00000000 		.4byte	.LFB3
 1095 000c 20000000 		.4byte	.LFE3
 1096 0010 00000000 		.4byte	.LFB4
 1097 0014 20000000 		.4byte	.LFE4
 1098 0018 00000000 		.4byte	.LFB5
 1099 001c A8000000 		.4byte	.LFE5
ARM GAS  C:\Users\semen\AppData\Local\Temp\ccxoNGDF.s 			page 26


 1100 0020 00000000 		.4byte	.LFB6
 1101 0024 28000000 		.4byte	.LFE6
 1102 0028 A8000000 		.4byte	.LFB7
 1103 002c AC010000 		.4byte	.LFE7
 1104 0030 00000000 		.4byte	0
 1105 0034 00000000 		.4byte	0
 1106              		.section	.debug_line,"",%progbits
 1107              	.Ldebug_line0:
 1108 0000 68010000 		.section	.debug_str,"MS",%progbits,1
 1108      0200CB00 
 1108      00000201 
 1108      FB0E0D00 
 1108      01010101 
 1109              	.LASF19:
 1110 0000 72656733 		.ascii	"reg32\000"
 1110      3200
 1111              	.LASF12:
 1112 0006 73697A65 		.ascii	"size_t\000"
 1112      5F7400
 1113              	.LASF25:
 1114 000d 416E616C 		.ascii	"AnalogSetDefault\000"
 1114      6F675365 
 1114      74446566 
 1114      61756C74 
 1114      00
 1115              	.LASF29:
 1116 001e 6366675F 		.ascii	"cfg_memset_list\000"
 1116      6D656D73 
 1116      65745F6C 
 1116      69737400 
 1117              	.LASF24:
 1118 002e 436C6F63 		.ascii	"ClockSetup\000"
 1118      6B536574 
 1118      757000
 1119              	.LASF6:
 1120 0039 73686F72 		.ascii	"short unsigned int\000"
 1120      7420756E 
 1120      7369676E 
 1120      65642069 
 1120      6E7400
 1121              	.LASF16:
 1122 004c 666C6F61 		.ascii	"float\000"
 1122      7400
 1123              	.LASF22:
 1124 0052 64657374 		.ascii	"dest\000"
 1124      00
 1125              	.LASF27:
 1126 0057 73697A65 		.ascii	"size\000"
 1126      00
 1127              	.LASF18:
 1128 005c 72656738 		.ascii	"reg8\000"
 1128      00
 1129              	.LASF8:
 1130 0061 6C6F6E67 		.ascii	"long unsigned int\000"
 1130      20756E73 
 1130      69676E65 
 1130      6420696E 
ARM GAS  C:\Users\semen\AppData\Local\Temp\ccxoNGDF.s 			page 27


 1130      7400
 1131              	.LASF13:
 1132 0073 75696E74 		.ascii	"uint8\000"
 1132      3800
 1133              	.LASF20:
 1134 0079 43594D45 		.ascii	"CYMEMZERO\000"
 1134      4D5A4552 
 1134      4F00
 1135              	.LASF30:
 1136 0083 474E5520 		.ascii	"GNU C11 5.4.1 20160609 (release) [ARM/embedded-5-br"
 1136      43313120 
 1136      352E342E 
 1136      31203230 
 1136      31363036 
 1137 00b6 616E6368 		.ascii	"anch revision 237715] -mcpu=cortex-m0 -mthumb -g -O"
 1137      20726576 
 1137      6973696F 
 1137      6E203233 
 1137      37373135 
 1138 00e9 30202D66 		.ascii	"0 -ffunction-sections -ffat-lto-objects\000"
 1138      66756E63 
 1138      74696F6E 
 1138      2D736563 
 1138      74696F6E 
 1139              	.LASF4:
 1140 0111 756E7369 		.ascii	"unsigned char\000"
 1140      676E6564 
 1140      20636861 
 1140      7200
 1141              	.LASF32:
 1142 011f 443A5C55 		.ascii	"D:\\UCU_4th_year\\diploma\\refreshable_braille_devi"
 1142      43555F34 
 1142      74685F79 
 1142      6561725C 
 1142      6469706C 
 1143 014f 63655C52 		.ascii	"ce\\RBD\\Braille_device.cydsn\000"
 1143      42445C42 
 1143      7261696C 
 1143      6C655F64 
 1143      65766963 
 1144              	.LASF17:
 1145 016b 646F7562 		.ascii	"double\000"
 1145      6C6500
 1146              	.LASF33:
 1147 0172 63796669 		.ascii	"cyfitter_cfg\000"
 1147      74746572 
 1147      5F636667 
 1147      00
 1148              	.LASF14:
 1149 017f 75696E74 		.ascii	"uint16\000"
 1149      313600
 1150              	.LASF15:
 1151 0186 75696E74 		.ascii	"uint32\000"
 1151      333200
 1152              	.LASF0:
 1153 018d 756E7369 		.ascii	"unsigned int\000"
 1153      676E6564 
ARM GAS  C:\Users\semen\AppData\Local\Temp\ccxoNGDF.s 			page 28


 1153      20696E74 
 1153      00
 1154              	.LASF26:
 1155 019a 61646472 		.ascii	"address\000"
 1155      65737300 
 1156              	.LASF9:
 1157 01a2 6C6F6E67 		.ascii	"long long unsigned int\000"
 1157      206C6F6E 
 1157      6720756E 
 1157      7369676E 
 1157      65642069 
 1158              	.LASF28:
 1159 01b9 6366675F 		.ascii	"cfg_memset_t\000"
 1159      6D656D73 
 1159      65745F74 
 1159      00
 1160              	.LASF10:
 1161 01c6 73697A65 		.ascii	"sizetype\000"
 1161      74797065 
 1161      00
 1162              	.LASF1:
 1163 01cf 6C6F6E67 		.ascii	"long long int\000"
 1163      206C6F6E 
 1163      6720696E 
 1163      7400
 1164              	.LASF11:
 1165 01dd 63686172 		.ascii	"char\000"
 1165      00
 1166              	.LASF5:
 1167 01e2 73686F72 		.ascii	"short int\000"
 1167      7420696E 
 1167      7400
 1168              	.LASF7:
 1169 01ec 6C6F6E67 		.ascii	"long int\000"
 1169      20696E74 
 1169      00
 1170              	.LASF2:
 1171 01f5 6C6F6E67 		.ascii	"long double\000"
 1171      20646F75 
 1171      626C6500 
 1172              	.LASF3:
 1173 0201 7369676E 		.ascii	"signed char\000"
 1173      65642063 
 1173      68617200 
 1174              	.LASF31:
 1175 020d 47656E65 		.ascii	"Generated_Source\\PSoC4\\cyfitter_cfg.c\000"
 1175      72617465 
 1175      645F536F 
 1175      75726365 
 1175      5C50536F 
 1176              	.LASF23:
 1177 0233 4359434F 		.ascii	"CYCONFIGCPYCODE\000"
 1177      4E464947 
 1177      43505943 
 1177      4F444500 
 1178              	.LASF21:
 1179 0243 4359434F 		.ascii	"CYCONFIGCPY\000"
ARM GAS  C:\Users\semen\AppData\Local\Temp\ccxoNGDF.s 			page 29


 1179      4E464947 
 1179      43505900 
 1180              		.ident	"GCC: (GNU Tools for ARM Embedded Processors) 5.4.1 20160609 (release) [ARM/embedded-5-bran
