ARM GAS  C:\Users\semen\AppData\Local\Temp\cc2DwT99.s 			page 1


   1              		.syntax unified
   2              		.cpu cortex-m0
   3              		.fpu softvfp
   4              		.eabi_attribute 20, 1
   5              		.eabi_attribute 21, 1
   6              		.eabi_attribute 23, 3
   7              		.eabi_attribute 24, 1
   8              		.eabi_attribute 25, 1
   9              		.eabi_attribute 26, 1
  10              		.eabi_attribute 30, 6
  11              		.eabi_attribute 34, 0
  12              		.eabi_attribute 18, 4
  13              		.thumb
  14              		.syntax unified
  15              		.file	"LCD.c"
  16              		.text
  17              	.Ltext0:
  18              		.cfi_sections	.debug_frame
  19              		.section	.text.LCD_pulse_enable,"ax",%progbits
  20              		.align	2
  21              		.global	LCD_pulse_enable
  22              		.code	16
  23              		.thumb_func
  24              		.type	LCD_pulse_enable, %function
  25              	LCD_pulse_enable:
  26              	.LFB1:
  27              		.file 1 "RBD_sources\\LCD.c"
   1:RBD_sources/LCD.c **** /* ========================================
   2:RBD_sources/LCD.c ****  *
   3:RBD_sources/LCD.c ****  * Copyright YOUR COMPANY, THE YEAR
   4:RBD_sources/LCD.c ****  * All Rights Reserved
   5:RBD_sources/LCD.c ****  * UNPUBLISHED, LICENSED SOFTWARE.
   6:RBD_sources/LCD.c ****  *
   7:RBD_sources/LCD.c ****  * CONFIDENTIAL AND PROPRIETARY INFORMATION
   8:RBD_sources/LCD.c ****  * WHICH IS THE PROPERTY OF your company.
   9:RBD_sources/LCD.c ****  *
  10:RBD_sources/LCD.c ****  * ========================================
  11:RBD_sources/LCD.c **** */
  12:RBD_sources/LCD.c **** 
  13:RBD_sources/LCD.c **** #include <LCD.h>
  14:RBD_sources/LCD.c **** 
  15:RBD_sources/LCD.c **** void LCD_pulse_enable(){
  28              		.loc 1 15 0
  29              		.cfi_startproc
  30              		@ args = 0, pretend = 0, frame = 0
  31              		@ frame_needed = 1, uses_anonymous_args = 0
  32 0000 80B5     		push	{r7, lr}
  33              		.cfi_def_cfa_offset 8
  34              		.cfi_offset 7, -8
  35              		.cfi_offset 14, -4
  36 0002 00AF     		add	r7, sp, #0
  37              		.cfi_def_cfa_register 7
  16:RBD_sources/LCD.c ****     LCD_E_Write(1);
  38              		.loc 1 16 0
  39 0004 0120     		movs	r0, #1
  40 0006 FFF7FEFF 		bl	LCD_E_Write
  17:RBD_sources/LCD.c ****     CyDelayUs(500);
ARM GAS  C:\Users\semen\AppData\Local\Temp\cc2DwT99.s 			page 2


  41              		.loc 1 17 0
  42 000a FA23     		movs	r3, #250
  43 000c 5B00     		lsls	r3, r3, #1
  44 000e 1800     		movs	r0, r3
  45 0010 FFF7FEFF 		bl	CyDelayUs
  18:RBD_sources/LCD.c ****     LCD_E_Write(0);
  46              		.loc 1 18 0
  47 0014 0020     		movs	r0, #0
  48 0016 FFF7FEFF 		bl	LCD_E_Write
  19:RBD_sources/LCD.c ****     CyDelayUs(500);
  49              		.loc 1 19 0
  50 001a FA23     		movs	r3, #250
  51 001c 5B00     		lsls	r3, r3, #1
  52 001e 1800     		movs	r0, r3
  53 0020 FFF7FEFF 		bl	CyDelayUs
  20:RBD_sources/LCD.c **** }
  54              		.loc 1 20 0
  55 0024 C046     		nop
  56 0026 BD46     		mov	sp, r7
  57              		@ sp needed
  58 0028 80BD     		pop	{r7, pc}
  59              		.cfi_endproc
  60              	.LFE1:
  61              		.size	LCD_pulse_enable, .-LCD_pulse_enable
  62 002a C046     		.section	.text.LCD_send_nibble,"ax",%progbits
  63              		.align	2
  64              		.global	LCD_send_nibble
  65              		.code	16
  66              		.thumb_func
  67              		.type	LCD_send_nibble, %function
  68              	LCD_send_nibble:
  69              	.LFB2:
  21:RBD_sources/LCD.c **** 
  22:RBD_sources/LCD.c **** void LCD_send_nibble(uint8_t data){
  70              		.loc 1 22 0
  71              		.cfi_startproc
  72              		@ args = 0, pretend = 0, frame = 8
  73              		@ frame_needed = 1, uses_anonymous_args = 0
  74 0000 80B5     		push	{r7, lr}
  75              		.cfi_def_cfa_offset 8
  76              		.cfi_offset 7, -8
  77              		.cfi_offset 14, -4
  78 0002 82B0     		sub	sp, sp, #8
  79              		.cfi_def_cfa_offset 16
  80 0004 00AF     		add	r7, sp, #0
  81              		.cfi_def_cfa_register 7
  82 0006 0200     		movs	r2, r0
  83 0008 FB1D     		adds	r3, r7, #7
  84 000a 1A70     		strb	r2, [r3]
  23:RBD_sources/LCD.c ****     LCD_D4_Write((data >> 0) & 0x01);
  85              		.loc 1 23 0
  86 000c FB1D     		adds	r3, r7, #7
  87 000e 1B78     		ldrb	r3, [r3]
  88 0010 0122     		movs	r2, #1
  89 0012 1340     		ands	r3, r2
  90 0014 1800     		movs	r0, r3
  91 0016 FFF7FEFF 		bl	LCD_D4_Write
ARM GAS  C:\Users\semen\AppData\Local\Temp\cc2DwT99.s 			page 3


  24:RBD_sources/LCD.c ****     LCD_D5_Write((data >> 1) & 0x01);
  92              		.loc 1 24 0
  93 001a FB1D     		adds	r3, r7, #7
  94 001c 1B78     		ldrb	r3, [r3]
  95 001e 5B08     		lsrs	r3, r3, #1
  96 0020 DBB2     		uxtb	r3, r3
  97 0022 1A00     		movs	r2, r3
  98 0024 0123     		movs	r3, #1
  99 0026 1340     		ands	r3, r2
 100 0028 1800     		movs	r0, r3
 101 002a FFF7FEFF 		bl	LCD_D5_Write
  25:RBD_sources/LCD.c ****     LCD_D6_Write((data >> 2) & 0x01);
 102              		.loc 1 25 0
 103 002e FB1D     		adds	r3, r7, #7
 104 0030 1B78     		ldrb	r3, [r3]
 105 0032 9B08     		lsrs	r3, r3, #2
 106 0034 DBB2     		uxtb	r3, r3
 107 0036 1A00     		movs	r2, r3
 108 0038 0123     		movs	r3, #1
 109 003a 1340     		ands	r3, r2
 110 003c 1800     		movs	r0, r3
 111 003e FFF7FEFF 		bl	LCD_D6_Write
  26:RBD_sources/LCD.c ****     LCD_D7_Write((data >> 3) & 0x01);
 112              		.loc 1 26 0
 113 0042 FB1D     		adds	r3, r7, #7
 114 0044 1B78     		ldrb	r3, [r3]
 115 0046 DB08     		lsrs	r3, r3, #3
 116 0048 DBB2     		uxtb	r3, r3
 117 004a 1A00     		movs	r2, r3
 118 004c 0123     		movs	r3, #1
 119 004e 1340     		ands	r3, r2
 120 0050 1800     		movs	r0, r3
 121 0052 FFF7FEFF 		bl	LCD_D7_Write
  27:RBD_sources/LCD.c ****     
  28:RBD_sources/LCD.c ****     LCD_pulse_enable();
 122              		.loc 1 28 0
 123 0056 FFF7FEFF 		bl	LCD_pulse_enable
  29:RBD_sources/LCD.c **** }
 124              		.loc 1 29 0
 125 005a C046     		nop
 126 005c BD46     		mov	sp, r7
 127 005e 02B0     		add	sp, sp, #8
 128              		@ sp needed
 129 0060 80BD     		pop	{r7, pc}
 130              		.cfi_endproc
 131              	.LFE2:
 132              		.size	LCD_send_nibble, .-LCD_send_nibble
 133 0062 C046     		.section	.text.LCD_send_byte,"ax",%progbits
 134              		.align	2
 135              		.global	LCD_send_byte
 136              		.code	16
 137              		.thumb_func
 138              		.type	LCD_send_byte, %function
 139              	LCD_send_byte:
 140              	.LFB3:
  30:RBD_sources/LCD.c **** 
  31:RBD_sources/LCD.c **** void LCD_send_byte(uint8_t data, uint8_t mode){
ARM GAS  C:\Users\semen\AppData\Local\Temp\cc2DwT99.s 			page 4


 141              		.loc 1 31 0
 142              		.cfi_startproc
 143              		@ args = 0, pretend = 0, frame = 8
 144              		@ frame_needed = 1, uses_anonymous_args = 0
 145 0000 80B5     		push	{r7, lr}
 146              		.cfi_def_cfa_offset 8
 147              		.cfi_offset 7, -8
 148              		.cfi_offset 14, -4
 149 0002 82B0     		sub	sp, sp, #8
 150              		.cfi_def_cfa_offset 16
 151 0004 00AF     		add	r7, sp, #0
 152              		.cfi_def_cfa_register 7
 153 0006 0200     		movs	r2, r0
 154 0008 FB1D     		adds	r3, r7, #7
 155 000a 1A70     		strb	r2, [r3]
 156 000c BB1D     		adds	r3, r7, #6
 157 000e 0A1C     		adds	r2, r1, #0
 158 0010 1A70     		strb	r2, [r3]
  32:RBD_sources/LCD.c ****     LCD_RS_Write(mode);
 159              		.loc 1 32 0
 160 0012 BB1D     		adds	r3, r7, #6
 161 0014 1B78     		ldrb	r3, [r3]
 162 0016 1800     		movs	r0, r3
 163 0018 FFF7FEFF 		bl	LCD_RS_Write
  33:RBD_sources/LCD.c ****     
  34:RBD_sources/LCD.c ****     LCD_send_nibble(data >> 4); //send high nibble (first 4 bytes)
 164              		.loc 1 34 0
 165 001c FB1D     		adds	r3, r7, #7
 166 001e 1B78     		ldrb	r3, [r3]
 167 0020 1B09     		lsrs	r3, r3, #4
 168 0022 DBB2     		uxtb	r3, r3
 169 0024 1800     		movs	r0, r3
 170 0026 FFF7FEFF 		bl	LCD_send_nibble
  35:RBD_sources/LCD.c ****     LCD_send_nibble(data & 0x0F); //send low nibble (last 4 bytes) 0x0F=0x1111
 171              		.loc 1 35 0
 172 002a FB1D     		adds	r3, r7, #7
 173 002c 1B78     		ldrb	r3, [r3]
 174 002e 0F22     		movs	r2, #15
 175 0030 1340     		ands	r3, r2
 176 0032 DBB2     		uxtb	r3, r3
 177 0034 1800     		movs	r0, r3
 178 0036 FFF7FEFF 		bl	LCD_send_nibble
  36:RBD_sources/LCD.c ****     
  37:RBD_sources/LCD.c **** }
 179              		.loc 1 37 0
 180 003a C046     		nop
 181 003c BD46     		mov	sp, r7
 182 003e 02B0     		add	sp, sp, #8
 183              		@ sp needed
 184 0040 80BD     		pop	{r7, pc}
 185              		.cfi_endproc
 186              	.LFE3:
 187              		.size	LCD_send_byte, .-LCD_send_byte
 188 0042 C046     		.section	.text.LCD_clear,"ax",%progbits
 189              		.align	2
 190              		.global	LCD_clear
 191              		.code	16
ARM GAS  C:\Users\semen\AppData\Local\Temp\cc2DwT99.s 			page 5


 192              		.thumb_func
 193              		.type	LCD_clear, %function
 194              	LCD_clear:
 195              	.LFB4:
  38:RBD_sources/LCD.c **** 
  39:RBD_sources/LCD.c **** void LCD_clear(){
 196              		.loc 1 39 0
 197              		.cfi_startproc
 198              		@ args = 0, pretend = 0, frame = 0
 199              		@ frame_needed = 1, uses_anonymous_args = 0
 200 0000 80B5     		push	{r7, lr}
 201              		.cfi_def_cfa_offset 8
 202              		.cfi_offset 7, -8
 203              		.cfi_offset 14, -4
 204 0002 00AF     		add	r7, sp, #0
 205              		.cfi_def_cfa_register 7
  40:RBD_sources/LCD.c ****     LCD_send_byte(0x01, 0); //clear display
 206              		.loc 1 40 0
 207 0004 0021     		movs	r1, #0
 208 0006 0120     		movs	r0, #1
 209 0008 FFF7FEFF 		bl	LCD_send_byte
  41:RBD_sources/LCD.c **** }
 210              		.loc 1 41 0
 211 000c C046     		nop
 212 000e BD46     		mov	sp, r7
 213              		@ sp needed
 214 0010 80BD     		pop	{r7, pc}
 215              		.cfi_endproc
 216              	.LFE4:
 217              		.size	LCD_clear, .-LCD_clear
 218 0012 C046     		.section	.text.LCD_send_command,"ax",%progbits
 219              		.align	2
 220              		.global	LCD_send_command
 221              		.code	16
 222              		.thumb_func
 223              		.type	LCD_send_command, %function
 224              	LCD_send_command:
 225              	.LFB5:
  42:RBD_sources/LCD.c **** 
  43:RBD_sources/LCD.c **** void LCD_send_command(uint8_t command){
 226              		.loc 1 43 0
 227              		.cfi_startproc
 228              		@ args = 0, pretend = 0, frame = 8
 229              		@ frame_needed = 1, uses_anonymous_args = 0
 230 0000 80B5     		push	{r7, lr}
 231              		.cfi_def_cfa_offset 8
 232              		.cfi_offset 7, -8
 233              		.cfi_offset 14, -4
 234 0002 82B0     		sub	sp, sp, #8
 235              		.cfi_def_cfa_offset 16
 236 0004 00AF     		add	r7, sp, #0
 237              		.cfi_def_cfa_register 7
 238 0006 0200     		movs	r2, r0
 239 0008 FB1D     		adds	r3, r7, #7
 240 000a 1A70     		strb	r2, [r3]
  44:RBD_sources/LCD.c ****     LCD_send_byte(command, 0); // 0 is command mode for rs
 241              		.loc 1 44 0
ARM GAS  C:\Users\semen\AppData\Local\Temp\cc2DwT99.s 			page 6


 242 000c FB1D     		adds	r3, r7, #7
 243 000e 1B78     		ldrb	r3, [r3]
 244 0010 0021     		movs	r1, #0
 245 0012 1800     		movs	r0, r3
 246 0014 FFF7FEFF 		bl	LCD_send_byte
  45:RBD_sources/LCD.c **** }
 247              		.loc 1 45 0
 248 0018 C046     		nop
 249 001a BD46     		mov	sp, r7
 250 001c 02B0     		add	sp, sp, #8
 251              		@ sp needed
 252 001e 80BD     		pop	{r7, pc}
 253              		.cfi_endproc
 254              	.LFE5:
 255              		.size	LCD_send_command, .-LCD_send_command
 256              		.section	.text.LCD_send_char,"ax",%progbits
 257              		.align	2
 258              		.global	LCD_send_char
 259              		.code	16
 260              		.thumb_func
 261              		.type	LCD_send_char, %function
 262              	LCD_send_char:
 263              	.LFB6:
  46:RBD_sources/LCD.c **** 
  47:RBD_sources/LCD.c **** void LCD_send_char(char ch){
 264              		.loc 1 47 0
 265              		.cfi_startproc
 266              		@ args = 0, pretend = 0, frame = 8
 267              		@ frame_needed = 1, uses_anonymous_args = 0
 268 0000 80B5     		push	{r7, lr}
 269              		.cfi_def_cfa_offset 8
 270              		.cfi_offset 7, -8
 271              		.cfi_offset 14, -4
 272 0002 82B0     		sub	sp, sp, #8
 273              		.cfi_def_cfa_offset 16
 274 0004 00AF     		add	r7, sp, #0
 275              		.cfi_def_cfa_register 7
 276 0006 0200     		movs	r2, r0
 277 0008 FB1D     		adds	r3, r7, #7
 278 000a 1A70     		strb	r2, [r3]
  48:RBD_sources/LCD.c ****     LCD_send_byte(ch, 1);
 279              		.loc 1 48 0
 280 000c FB1D     		adds	r3, r7, #7
 281 000e 1B78     		ldrb	r3, [r3]
 282 0010 0121     		movs	r1, #1
 283 0012 1800     		movs	r0, r3
 284 0014 FFF7FEFF 		bl	LCD_send_byte
  49:RBD_sources/LCD.c **** }
 285              		.loc 1 49 0
 286 0018 C046     		nop
 287 001a BD46     		mov	sp, r7
 288 001c 02B0     		add	sp, sp, #8
 289              		@ sp needed
 290 001e 80BD     		pop	{r7, pc}
 291              		.cfi_endproc
 292              	.LFE6:
 293              		.size	LCD_send_char, .-LCD_send_char
ARM GAS  C:\Users\semen\AppData\Local\Temp\cc2DwT99.s 			page 7


 294              		.section	.text.LCD_print_string,"ax",%progbits
 295              		.align	2
 296              		.global	LCD_print_string
 297              		.code	16
 298              		.thumb_func
 299              		.type	LCD_print_string, %function
 300              	LCD_print_string:
 301              	.LFB7:
  50:RBD_sources/LCD.c **** 
  51:RBD_sources/LCD.c **** void LCD_print_string(char* data){
 302              		.loc 1 51 0
 303              		.cfi_startproc
 304              		@ args = 0, pretend = 0, frame = 16
 305              		@ frame_needed = 1, uses_anonymous_args = 0
 306 0000 80B5     		push	{r7, lr}
 307              		.cfi_def_cfa_offset 8
 308              		.cfi_offset 7, -8
 309              		.cfi_offset 14, -4
 310 0002 84B0     		sub	sp, sp, #16
 311              		.cfi_def_cfa_offset 24
 312 0004 00AF     		add	r7, sp, #0
 313              		.cfi_def_cfa_register 7
 314 0006 7860     		str	r0, [r7, #4]
  52:RBD_sources/LCD.c ****     if (data == NULL){
 315              		.loc 1 52 0
 316 0008 7B68     		ldr	r3, [r7, #4]
 317 000a 002B     		cmp	r3, #0
 318 000c 13D0     		beq	.L12
 319              	.LBB2:
  53:RBD_sources/LCD.c ****         return;
  54:RBD_sources/LCD.c ****     }
  55:RBD_sources/LCD.c ****     for (int i=0; data[i] != '\0'; i++){
 320              		.loc 1 55 0
 321 000e 0023     		movs	r3, #0
 322 0010 FB60     		str	r3, [r7, #12]
 323 0012 09E0     		b	.L10
 324              	.L11:
  56:RBD_sources/LCD.c ****         LCD_send_char(data[i]);
 325              		.loc 1 56 0 discriminator 3
 326 0014 FB68     		ldr	r3, [r7, #12]
 327 0016 7A68     		ldr	r2, [r7, #4]
 328 0018 D318     		adds	r3, r2, r3
 329 001a 1B78     		ldrb	r3, [r3]
 330 001c 1800     		movs	r0, r3
 331 001e FFF7FEFF 		bl	LCD_send_char
  55:RBD_sources/LCD.c ****         LCD_send_char(data[i]);
 332              		.loc 1 55 0 discriminator 3
 333 0022 FB68     		ldr	r3, [r7, #12]
 334 0024 0133     		adds	r3, r3, #1
 335 0026 FB60     		str	r3, [r7, #12]
 336              	.L10:
  55:RBD_sources/LCD.c ****         LCD_send_char(data[i]);
 337              		.loc 1 55 0 is_stmt 0 discriminator 1
 338 0028 FB68     		ldr	r3, [r7, #12]
 339 002a 7A68     		ldr	r2, [r7, #4]
 340 002c D318     		adds	r3, r2, r3
 341 002e 1B78     		ldrb	r3, [r3]
ARM GAS  C:\Users\semen\AppData\Local\Temp\cc2DwT99.s 			page 8


 342 0030 002B     		cmp	r3, #0
 343 0032 EFD1     		bne	.L11
 344 0034 00E0     		b	.L7
 345              	.L12:
 346              	.LBE2:
  53:RBD_sources/LCD.c ****         return;
 347              		.loc 1 53 0 is_stmt 1
 348 0036 C046     		nop
 349              	.L7:
  57:RBD_sources/LCD.c ****     }
  58:RBD_sources/LCD.c **** }
 350              		.loc 1 58 0
 351 0038 BD46     		mov	sp, r7
 352 003a 04B0     		add	sp, sp, #16
 353              		@ sp needed
 354 003c 80BD     		pop	{r7, pc}
 355              		.cfi_endproc
 356              	.LFE7:
 357              		.size	LCD_print_string, .-LCD_print_string
 358 003e C046     		.section	.text.LCD_set_cursor,"ax",%progbits
 359              		.align	2
 360              		.global	LCD_set_cursor
 361              		.code	16
 362              		.thumb_func
 363              		.type	LCD_set_cursor, %function
 364              	LCD_set_cursor:
 365              	.LFB8:
  59:RBD_sources/LCD.c **** 
  60:RBD_sources/LCD.c **** void LCD_set_cursor(uint8_t line, uint8_t pos){
 366              		.loc 1 60 0
 367              		.cfi_startproc
 368              		@ args = 0, pretend = 0, frame = 16
 369              		@ frame_needed = 1, uses_anonymous_args = 0
 370 0000 80B5     		push	{r7, lr}
 371              		.cfi_def_cfa_offset 8
 372              		.cfi_offset 7, -8
 373              		.cfi_offset 14, -4
 374 0002 84B0     		sub	sp, sp, #16
 375              		.cfi_def_cfa_offset 24
 376 0004 00AF     		add	r7, sp, #0
 377              		.cfi_def_cfa_register 7
 378 0006 0200     		movs	r2, r0
 379 0008 FB1D     		adds	r3, r7, #7
 380 000a 1A70     		strb	r2, [r3]
 381 000c BB1D     		adds	r3, r7, #6
 382 000e 0A1C     		adds	r2, r1, #0
 383 0010 1A70     		strb	r2, [r3]
  61:RBD_sources/LCD.c ****     if (line > 1 || line < 0 || pos > 39 || pos < 0){
 384              		.loc 1 61 0
 385 0012 FB1D     		adds	r3, r7, #7
 386 0014 1B78     		ldrb	r3, [r3]
 387 0016 012B     		cmp	r3, #1
 388 0018 21D8     		bhi	.L19
 389              		.loc 1 61 0 is_stmt 0 discriminator 1
 390 001a BB1D     		adds	r3, r7, #6
 391 001c 1B78     		ldrb	r3, [r3]
 392 001e 272B     		cmp	r3, #39
ARM GAS  C:\Users\semen\AppData\Local\Temp\cc2DwT99.s 			page 9


 393 0020 1DD8     		bhi	.L19
  62:RBD_sources/LCD.c ****         return;
  63:RBD_sources/LCD.c ****     }
  64:RBD_sources/LCD.c ****     
  65:RBD_sources/LCD.c ****     uint8_t addr = (line == 0) ? 0x00 : 0x40;
 394              		.loc 1 65 0 is_stmt 1
 395 0022 FB1D     		adds	r3, r7, #7
 396 0024 1B78     		ldrb	r3, [r3]
 397 0026 002B     		cmp	r3, #0
 398 0028 01D1     		bne	.L17
 399              		.loc 1 65 0 is_stmt 0 discriminator 1
 400 002a 0022     		movs	r2, #0
 401 002c 00E0     		b	.L18
 402              	.L17:
 403              		.loc 1 65 0 discriminator 2
 404 002e 4022     		movs	r2, #64
 405              	.L18:
 406              		.loc 1 65 0 discriminator 4
 407 0030 0F23     		movs	r3, #15
 408 0032 FB18     		adds	r3, r7, r3
 409 0034 1A70     		strb	r2, [r3]
  66:RBD_sources/LCD.c ****     addr += pos;
 410              		.loc 1 66 0 is_stmt 1 discriminator 4
 411 0036 0F23     		movs	r3, #15
 412 0038 FB18     		adds	r3, r7, r3
 413 003a 0F22     		movs	r2, #15
 414 003c B918     		adds	r1, r7, r2
 415 003e BA1D     		adds	r2, r7, #6
 416 0040 0978     		ldrb	r1, [r1]
 417 0042 1278     		ldrb	r2, [r2]
 418 0044 8A18     		adds	r2, r1, r2
 419 0046 1A70     		strb	r2, [r3]
  67:RBD_sources/LCD.c ****     
  68:RBD_sources/LCD.c ****     LCD_send_command(0x80 | addr); 
 420              		.loc 1 68 0 discriminator 4
 421 0048 0F23     		movs	r3, #15
 422 004a FB18     		adds	r3, r7, r3
 423 004c 1B78     		ldrb	r3, [r3]
 424 004e 8022     		movs	r2, #128
 425 0050 5242     		rsbs	r2, r2, #0
 426 0052 1343     		orrs	r3, r2
 427 0054 DBB2     		uxtb	r3, r3
 428 0056 1800     		movs	r0, r3
 429 0058 FFF7FEFF 		bl	LCD_send_command
 430 005c 00E0     		b	.L13
 431              	.L19:
  62:RBD_sources/LCD.c ****     }
 432              		.loc 1 62 0
 433 005e C046     		nop
 434              	.L13:
  69:RBD_sources/LCD.c ****     
  70:RBD_sources/LCD.c ****     
  71:RBD_sources/LCD.c **** }
 435              		.loc 1 71 0
 436 0060 BD46     		mov	sp, r7
 437 0062 04B0     		add	sp, sp, #16
 438              		@ sp needed
ARM GAS  C:\Users\semen\AppData\Local\Temp\cc2DwT99.s 			page 10


 439 0064 80BD     		pop	{r7, pc}
 440              		.cfi_endproc
 441              	.LFE8:
 442              		.size	LCD_set_cursor, .-LCD_set_cursor
 443 0066 C046     		.section	.text.LCD_print_braille,"ax",%progbits
 444              		.align	2
 445              		.global	LCD_print_braille
 446              		.code	16
 447              		.thumb_func
 448              		.type	LCD_print_braille, %function
 449              	LCD_print_braille:
 450              	.LFB9:
  72:RBD_sources/LCD.c **** 
  73:RBD_sources/LCD.c **** void LCD_print_braille(char* data, uint8_t row, uint8_t col){
 451              		.loc 1 73 0
 452              		.cfi_startproc
 453              		@ args = 0, pretend = 0, frame = 32
 454              		@ frame_needed = 1, uses_anonymous_args = 0
 455 0000 80B5     		push	{r7, lr}
 456              		.cfi_def_cfa_offset 8
 457              		.cfi_offset 7, -8
 458              		.cfi_offset 14, -4
 459 0002 88B0     		sub	sp, sp, #32
 460              		.cfi_def_cfa_offset 40
 461 0004 00AF     		add	r7, sp, #0
 462              		.cfi_def_cfa_register 7
 463 0006 7860     		str	r0, [r7, #4]
 464 0008 0800     		movs	r0, r1
 465 000a 1100     		movs	r1, r2
 466 000c FB1C     		adds	r3, r7, #3
 467 000e 021C     		adds	r2, r0, #0
 468 0010 1A70     		strb	r2, [r3]
 469 0012 BB1C     		adds	r3, r7, #2
 470 0014 0A1C     		adds	r2, r1, #0
 471 0016 1A70     		strb	r2, [r3]
  74:RBD_sources/LCD.c ****     if (data == NULL){
 472              		.loc 1 74 0
 473 0018 7B68     		ldr	r3, [r7, #4]
 474 001a 002B     		cmp	r3, #0
 475 001c 50D0     		beq	.L28
 476              	.LBB3:
  75:RBD_sources/LCD.c ****         return;
  76:RBD_sources/LCD.c ****     }
  77:RBD_sources/LCD.c ****     for (int i = 0; data[i] != '\0'; i++)
 477              		.loc 1 77 0
 478 001e 0023     		movs	r3, #0
 479 0020 FB61     		str	r3, [r7, #28]
 480 0022 46E0     		b	.L23
 481              	.L27:
 482              	.LBB4:
  78:RBD_sources/LCD.c ****     {
  79:RBD_sources/LCD.c ****         uint8_t glyph[8];
  80:RBD_sources/LCD.c ****         text_to_lcd_braille(data[i], glyph);
 483              		.loc 1 80 0
 484 0024 FB69     		ldr	r3, [r7, #28]
 485 0026 7A68     		ldr	r2, [r7, #4]
 486 0028 D318     		adds	r3, r2, r3
ARM GAS  C:\Users\semen\AppData\Local\Temp\cc2DwT99.s 			page 11


 487 002a 1B78     		ldrb	r3, [r3]
 488 002c 0C22     		movs	r2, #12
 489 002e BA18     		adds	r2, r7, r2
 490 0030 1100     		movs	r1, r2
 491 0032 1800     		movs	r0, r3
 492 0034 FFF7FEFF 		bl	text_to_lcd_braille
  81:RBD_sources/LCD.c **** 
  82:RBD_sources/LCD.c ****         uint8_t slot = i % 8;
 493              		.loc 1 82 0
 494 0038 FB69     		ldr	r3, [r7, #28]
 495 003a 234A     		ldr	r2, .L29
 496 003c 1340     		ands	r3, r2
 497 003e 04D5     		bpl	.L24
 498 0040 013B     		subs	r3, r3, #1
 499 0042 0822     		movs	r2, #8
 500 0044 5242     		rsbs	r2, r2, #0
 501 0046 1343     		orrs	r3, r2
 502 0048 0133     		adds	r3, r3, #1
 503              	.L24:
 504 004a 1A00     		movs	r2, r3
 505 004c 1723     		movs	r3, #23
 506 004e FB18     		adds	r3, r7, r3
 507 0050 1A70     		strb	r2, [r3]
  83:RBD_sources/LCD.c **** 
  84:RBD_sources/LCD.c ****         // write glyph
  85:RBD_sources/LCD.c **** 
  86:RBD_sources/LCD.c ****         LCD_send_command(0x40 + slot * 8);
 508              		.loc 1 86 0
 509 0052 1723     		movs	r3, #23
 510 0054 FB18     		adds	r3, r7, r3
 511 0056 1B78     		ldrb	r3, [r3]
 512 0058 0833     		adds	r3, r3, #8
 513 005a DBB2     		uxtb	r3, r3
 514 005c DB00     		lsls	r3, r3, #3
 515 005e DBB2     		uxtb	r3, r3
 516 0060 1800     		movs	r0, r3
 517 0062 FFF7FEFF 		bl	LCD_send_command
 518              	.LBB5:
  87:RBD_sources/LCD.c ****         
  88:RBD_sources/LCD.c **** 
  89:RBD_sources/LCD.c ****         for (int j = 0; j < 8; j++){
 519              		.loc 1 89 0
 520 0066 0023     		movs	r3, #0
 521 0068 BB61     		str	r3, [r7, #24]
 522 006a 0AE0     		b	.L25
 523              	.L26:
  90:RBD_sources/LCD.c ****             /*if (j%2== 0){
  91:RBD_sources/LCD.c ****                 LCD_send_command(0x06);
  92:RBD_sources/LCD.c ****             }else{
  93:RBD_sources/LCD.c ****                 LCD_send_command(0x04);
  94:RBD_sources/LCD.c ****             }*/
  95:RBD_sources/LCD.c ****             LCD_send_char(glyph[j]);
 524              		.loc 1 95 0 discriminator 3
 525 006c 0C23     		movs	r3, #12
 526 006e FA18     		adds	r2, r7, r3
 527 0070 BB69     		ldr	r3, [r7, #24]
 528 0072 D318     		adds	r3, r2, r3
ARM GAS  C:\Users\semen\AppData\Local\Temp\cc2DwT99.s 			page 12


 529 0074 1B78     		ldrb	r3, [r3]
 530 0076 1800     		movs	r0, r3
 531 0078 FFF7FEFF 		bl	LCD_send_char
  89:RBD_sources/LCD.c ****             /*if (j%2== 0){
 532              		.loc 1 89 0 discriminator 3
 533 007c BB69     		ldr	r3, [r7, #24]
 534 007e 0133     		adds	r3, r3, #1
 535 0080 BB61     		str	r3, [r7, #24]
 536              	.L25:
  89:RBD_sources/LCD.c ****             /*if (j%2== 0){
 537              		.loc 1 89 0 is_stmt 0 discriminator 1
 538 0082 BB69     		ldr	r3, [r7, #24]
 539 0084 072B     		cmp	r3, #7
 540 0086 F1DD     		ble	.L26
 541              	.LBE5:
  96:RBD_sources/LCD.c ****         }
  97:RBD_sources/LCD.c **** 
  98:RBD_sources/LCD.c ****         // go back to display memory
  99:RBD_sources/LCD.c ****         LCD_set_cursor(row, col+i);
 542              		.loc 1 99 0 is_stmt 1 discriminator 2
 543 0088 FB69     		ldr	r3, [r7, #28]
 544 008a DAB2     		uxtb	r2, r3
 545 008c BB1C     		adds	r3, r7, #2
 546 008e 1B78     		ldrb	r3, [r3]
 547 0090 D318     		adds	r3, r2, r3
 548 0092 DAB2     		uxtb	r2, r3
 549 0094 FB1C     		adds	r3, r7, #3
 550 0096 1B78     		ldrb	r3, [r3]
 551 0098 1100     		movs	r1, r2
 552 009a 1800     		movs	r0, r3
 553 009c FFF7FEFF 		bl	LCD_set_cursor
 100:RBD_sources/LCD.c **** 
 101:RBD_sources/LCD.c ****         // print it
 102:RBD_sources/LCD.c ****         LCD_send_char(slot);
 554              		.loc 1 102 0 discriminator 2
 555 00a0 1723     		movs	r3, #23
 556 00a2 FB18     		adds	r3, r7, r3
 557 00a4 1B78     		ldrb	r3, [r3]
 558 00a6 1800     		movs	r0, r3
 559 00a8 FFF7FEFF 		bl	LCD_send_char
 560              	.LBE4:
  77:RBD_sources/LCD.c ****     {
 561              		.loc 1 77 0 discriminator 2
 562 00ac FB69     		ldr	r3, [r7, #28]
 563 00ae 0133     		adds	r3, r3, #1
 564 00b0 FB61     		str	r3, [r7, #28]
 565              	.L23:
  77:RBD_sources/LCD.c ****     {
 566              		.loc 1 77 0 is_stmt 0 discriminator 1
 567 00b2 FB69     		ldr	r3, [r7, #28]
 568 00b4 7A68     		ldr	r2, [r7, #4]
 569 00b6 D318     		adds	r3, r2, r3
 570 00b8 1B78     		ldrb	r3, [r3]
 571 00ba 002B     		cmp	r3, #0
 572 00bc B2D1     		bne	.L27
 573 00be 00E0     		b	.L20
 574              	.L28:
ARM GAS  C:\Users\semen\AppData\Local\Temp\cc2DwT99.s 			page 13


 575              	.LBE3:
  75:RBD_sources/LCD.c ****     }
 576              		.loc 1 75 0 is_stmt 1
 577 00c0 C046     		nop
 578              	.L20:
 103:RBD_sources/LCD.c ****     }
 104:RBD_sources/LCD.c **** }
 579              		.loc 1 104 0
 580 00c2 BD46     		mov	sp, r7
 581 00c4 08B0     		add	sp, sp, #32
 582              		@ sp needed
 583 00c6 80BD     		pop	{r7, pc}
 584              	.L30:
 585              		.align	2
 586              	.L29:
 587 00c8 07000080 		.word	-2147483641
 588              		.cfi_endproc
 589              	.LFE9:
 590              		.size	LCD_print_braille, .-LCD_print_braille
 591              		.section	.rodata
 592              		.align	2
 593              	.LC0:
 594 0000 00       		.byte	0
 595 0001 00       		.byte	0
 596 0002 00       		.byte	0
 597 0003 18       		.byte	24
 598 0004 18       		.byte	24
 599 0005 00       		.byte	0
 600 0006 00       		.byte	0
 601 0007 00       		.byte	0
 602              		.section	.text.LCD_braille_char,"ax",%progbits
 603              		.align	2
 604              		.global	LCD_braille_char
 605              		.code	16
 606              		.thumb_func
 607              		.type	LCD_braille_char, %function
 608              	LCD_braille_char:
 609              	.LFB10:
 105:RBD_sources/LCD.c **** 
 106:RBD_sources/LCD.c **** void LCD_braille_char(){
 610              		.loc 1 106 0
 611              		.cfi_startproc
 612              		@ args = 0, pretend = 0, frame = 16
 613              		@ frame_needed = 1, uses_anonymous_args = 0
 614 0000 80B5     		push	{r7, lr}
 615              		.cfi_def_cfa_offset 8
 616              		.cfi_offset 7, -8
 617              		.cfi_offset 14, -4
 618 0002 84B0     		sub	sp, sp, #16
 619              		.cfi_def_cfa_offset 24
 620 0004 00AF     		add	r7, sp, #0
 621              		.cfi_def_cfa_register 7
 107:RBD_sources/LCD.c ****     
 108:RBD_sources/LCD.c ****     uint8_t glyph[8] = {
 622              		.loc 1 108 0
 623 0006 3A1D     		adds	r2, r7, #4
 624 0008 134B     		ldr	r3, .L34
ARM GAS  C:\Users\semen\AppData\Local\Temp\cc2DwT99.s 			page 14


 625 000a 1000     		movs	r0, r2
 626 000c 1900     		movs	r1, r3
 627 000e 0823     		movs	r3, #8
 628 0010 1A00     		movs	r2, r3
 629 0012 FFF7FEFF 		bl	memcpy
 109:RBD_sources/LCD.c ****         0b00000,
 110:RBD_sources/LCD.c ****         0b00000,
 111:RBD_sources/LCD.c ****         0b00000,
 112:RBD_sources/LCD.c ****         0b11000,
 113:RBD_sources/LCD.c ****         0b11000,
 114:RBD_sources/LCD.c ****         0b00000,
 115:RBD_sources/LCD.c ****         0b00000,
 116:RBD_sources/LCD.c ****         0b00000,
 117:RBD_sources/LCD.c ****     };
 118:RBD_sources/LCD.c ****     
 119:RBD_sources/LCD.c ****     LCD_send_command(0x40);
 630              		.loc 1 119 0
 631 0016 4020     		movs	r0, #64
 632 0018 FFF7FEFF 		bl	LCD_send_command
 633              	.LBB6:
 120:RBD_sources/LCD.c ****     for (int j = 0; j < 8; j++){
 634              		.loc 1 120 0
 635 001c 0023     		movs	r3, #0
 636 001e FB60     		str	r3, [r7, #12]
 637 0020 09E0     		b	.L32
 638              	.L33:
 121:RBD_sources/LCD.c ****             LCD_send_char(glyph[j]); //send the glyph
 639              		.loc 1 121 0 discriminator 3
 640 0022 3A1D     		adds	r2, r7, #4
 641 0024 FB68     		ldr	r3, [r7, #12]
 642 0026 D318     		adds	r3, r2, r3
 643 0028 1B78     		ldrb	r3, [r3]
 644 002a 1800     		movs	r0, r3
 645 002c FFF7FEFF 		bl	LCD_send_char
 120:RBD_sources/LCD.c ****     for (int j = 0; j < 8; j++){
 646              		.loc 1 120 0 discriminator 3
 647 0030 FB68     		ldr	r3, [r7, #12]
 648 0032 0133     		adds	r3, r3, #1
 649 0034 FB60     		str	r3, [r7, #12]
 650              	.L32:
 120:RBD_sources/LCD.c ****     for (int j = 0; j < 8; j++){
 651              		.loc 1 120 0 is_stmt 0 discriminator 1
 652 0036 FB68     		ldr	r3, [r7, #12]
 653 0038 072B     		cmp	r3, #7
 654 003a F2DD     		ble	.L33
 655              	.LBE6:
 122:RBD_sources/LCD.c ****     }
 123:RBD_sources/LCD.c ****     
 124:RBD_sources/LCD.c ****     LCD_set_cursor(1, 0);
 656              		.loc 1 124 0 is_stmt 1
 657 003c 0021     		movs	r1, #0
 658 003e 0120     		movs	r0, #1
 659 0040 FFF7FEFF 		bl	LCD_set_cursor
 125:RBD_sources/LCD.c ****     LCD_send_char(0);
 660              		.loc 1 125 0
 661 0044 0020     		movs	r0, #0
 662 0046 FFF7FEFF 		bl	LCD_send_char
ARM GAS  C:\Users\semen\AppData\Local\Temp\cc2DwT99.s 			page 15


 126:RBD_sources/LCD.c ****     LCD_send_char(0);
 663              		.loc 1 126 0
 664 004a 0020     		movs	r0, #0
 665 004c FFF7FEFF 		bl	LCD_send_char
 127:RBD_sources/LCD.c ****     
 128:RBD_sources/LCD.c **** }
 666              		.loc 1 128 0
 667 0050 C046     		nop
 668 0052 BD46     		mov	sp, r7
 669 0054 04B0     		add	sp, sp, #16
 670              		@ sp needed
 671 0056 80BD     		pop	{r7, pc}
 672              	.L35:
 673              		.align	2
 674              	.L34:
 675 0058 00000000 		.word	.LC0
 676              		.cfi_endproc
 677              	.LFE10:
 678              		.size	LCD_braille_char, .-LCD_braille_char
 679              		.section	.text.LCD_init_braille,"ax",%progbits
 680              		.align	2
 681              		.global	LCD_init_braille
 682              		.code	16
 683              		.thumb_func
 684              		.type	LCD_init_braille, %function
 685              	LCD_init_braille:
 686              	.LFB11:
 129:RBD_sources/LCD.c **** 
 130:RBD_sources/LCD.c **** void LCD_init_braille(void){
 687              		.loc 1 130 0
 688              		.cfi_startproc
 689              		@ args = 0, pretend = 0, frame = 8
 690              		@ frame_needed = 1, uses_anonymous_args = 0
 691 0000 80B5     		push	{r7, lr}
 692              		.cfi_def_cfa_offset 8
 693              		.cfi_offset 7, -8
 694              		.cfi_offset 14, -4
 695 0002 82B0     		sub	sp, sp, #8
 696              		.cfi_def_cfa_offset 16
 697 0004 00AF     		add	r7, sp, #0
 698              		.cfi_def_cfa_register 7
 699              	.LBB7:
 131:RBD_sources/LCD.c ****     for (int i = 0; i < 8; i++)
 700              		.loc 1 131 0
 701 0006 0023     		movs	r3, #0
 702 0008 7B60     		str	r3, [r7, #4]
 703 000a 21E0     		b	.L37
 704              	.L40:
 132:RBD_sources/LCD.c ****     {
 133:RBD_sources/LCD.c ****         // write glyph
 134:RBD_sources/LCD.c **** 
 135:RBD_sources/LCD.c ****         LCD_send_command(0x40 + i * 8);
 705              		.loc 1 135 0
 706 000c 7B68     		ldr	r3, [r7, #4]
 707 000e 0833     		adds	r3, r3, #8
 708 0010 DBB2     		uxtb	r3, r3
 709 0012 DB00     		lsls	r3, r3, #3
ARM GAS  C:\Users\semen\AppData\Local\Temp\cc2DwT99.s 			page 16


 710 0014 DBB2     		uxtb	r3, r3
 711 0016 1800     		movs	r0, r3
 712 0018 FFF7FEFF 		bl	LCD_send_command
 713              	.LBB8:
 136:RBD_sources/LCD.c ****         
 137:RBD_sources/LCD.c **** 
 138:RBD_sources/LCD.c ****         for (int j = 0; j < 8; j++){
 714              		.loc 1 138 0
 715 001c 0023     		movs	r3, #0
 716 001e 3B60     		str	r3, [r7]
 717 0020 0CE0     		b	.L38
 718              	.L39:
 139:RBD_sources/LCD.c ****             LCD_send_char(dots[i].glyphs[j]);
 719              		.loc 1 139 0 discriminator 3
 720 0022 0F4A     		ldr	r2, .L41
 721 0024 7B68     		ldr	r3, [r7, #4]
 722 0026 DB00     		lsls	r3, r3, #3
 723 0028 D218     		adds	r2, r2, r3
 724 002a 3B68     		ldr	r3, [r7]
 725 002c D318     		adds	r3, r2, r3
 726 002e 1B78     		ldrb	r3, [r3]
 727 0030 1800     		movs	r0, r3
 728 0032 FFF7FEFF 		bl	LCD_send_char
 138:RBD_sources/LCD.c ****             LCD_send_char(dots[i].glyphs[j]);
 729              		.loc 1 138 0 discriminator 3
 730 0036 3B68     		ldr	r3, [r7]
 731 0038 0133     		adds	r3, r3, #1
 732 003a 3B60     		str	r3, [r7]
 733              	.L38:
 138:RBD_sources/LCD.c ****             LCD_send_char(dots[i].glyphs[j]);
 734              		.loc 1 138 0 is_stmt 0 discriminator 1
 735 003c 3B68     		ldr	r3, [r7]
 736 003e 072B     		cmp	r3, #7
 737 0040 EFDD     		ble	.L39
 738              	.LBE8:
 140:RBD_sources/LCD.c ****         }
 141:RBD_sources/LCD.c ****         LCD_set_cursor(0,0);
 739              		.loc 1 141 0 is_stmt 1 discriminator 2
 740 0042 0021     		movs	r1, #0
 741 0044 0020     		movs	r0, #0
 742 0046 FFF7FEFF 		bl	LCD_set_cursor
 131:RBD_sources/LCD.c ****     {
 743              		.loc 1 131 0 discriminator 2
 744 004a 7B68     		ldr	r3, [r7, #4]
 745 004c 0133     		adds	r3, r3, #1
 746 004e 7B60     		str	r3, [r7, #4]
 747              	.L37:
 131:RBD_sources/LCD.c ****     {
 748              		.loc 1 131 0 is_stmt 0 discriminator 1
 749 0050 7B68     		ldr	r3, [r7, #4]
 750 0052 072B     		cmp	r3, #7
 751 0054 DADD     		ble	.L40
 752              	.LBE7:
 142:RBD_sources/LCD.c ****     }
 143:RBD_sources/LCD.c **** }
 753              		.loc 1 143 0 is_stmt 1
 754 0056 C046     		nop
ARM GAS  C:\Users\semen\AppData\Local\Temp\cc2DwT99.s 			page 17


 755 0058 BD46     		mov	sp, r7
 756 005a 02B0     		add	sp, sp, #8
 757              		@ sp needed
 758 005c 80BD     		pop	{r7, pc}
 759              	.L42:
 760 005e C046     		.align	2
 761              	.L41:
 762 0060 00000000 		.word	dots
 763              		.cfi_endproc
 764              	.LFE11:
 765              		.size	LCD_init_braille, .-LCD_init_braille
 766              		.section	.text.LCD_test_print_braille,"ax",%progbits
 767              		.align	2
 768              		.global	LCD_test_print_braille
 769              		.code	16
 770              		.thumb_func
 771              		.type	LCD_test_print_braille, %function
 772              	LCD_test_print_braille:
 773              	.LFB12:
 144:RBD_sources/LCD.c **** 
 145:RBD_sources/LCD.c **** void LCD_test_print_braille(char* data){
 774              		.loc 1 145 0
 775              		.cfi_startproc
 776              		@ args = 0, pretend = 0, frame = 16
 777              		@ frame_needed = 1, uses_anonymous_args = 0
 778 0000 80B5     		push	{r7, lr}
 779              		.cfi_def_cfa_offset 8
 780              		.cfi_offset 7, -8
 781              		.cfi_offset 14, -4
 782 0002 84B0     		sub	sp, sp, #16
 783              		.cfi_def_cfa_offset 24
 784 0004 00AF     		add	r7, sp, #0
 785              		.cfi_def_cfa_register 7
 786 0006 7860     		str	r0, [r7, #4]
 146:RBD_sources/LCD.c ****     if (data == NULL){
 787              		.loc 1 146 0
 788 0008 7B68     		ldr	r3, [r7, #4]
 789 000a 002B     		cmp	r3, #0
 790 000c 37D0     		beq	.L48
 147:RBD_sources/LCD.c ****         return;
 148:RBD_sources/LCD.c ****     }
 149:RBD_sources/LCD.c ****     char cur_ch;
 150:RBD_sources/LCD.c ****     uint8_t character = 0;
 791              		.loc 1 150 0
 792 000e 0B23     		movs	r3, #11
 793 0010 FB18     		adds	r3, r7, r3
 794 0012 0022     		movs	r2, #0
 795 0014 1A70     		strb	r2, [r3]
 796              	.LBB9:
 151:RBD_sources/LCD.c **** 
 152:RBD_sources/LCD.c ****     
 153:RBD_sources/LCD.c ****     for (int i = 0; data[i] != '\0'; i++)
 797              		.loc 1 153 0
 798 0016 0023     		movs	r3, #0
 799 0018 FB60     		str	r3, [r7, #12]
 800 001a 29E0     		b	.L46
 801              	.L47:
ARM GAS  C:\Users\semen\AppData\Local\Temp\cc2DwT99.s 			page 18


 154:RBD_sources/LCD.c ****     {
 155:RBD_sources/LCD.c ****         cur_ch = data[i];
 802              		.loc 1 155 0 discriminator 3
 803 001c FB68     		ldr	r3, [r7, #12]
 804 001e 7A68     		ldr	r2, [r7, #4]
 805 0020 D218     		adds	r2, r2, r3
 806 0022 0A23     		movs	r3, #10
 807 0024 FB18     		adds	r3, r7, r3
 808 0026 1278     		ldrb	r2, [r2]
 809 0028 1A70     		strb	r2, [r3]
 156:RBD_sources/LCD.c ****         character = braille_table[cur_ch].left;
 810              		.loc 1 156 0 discriminator 3
 811 002a 0A23     		movs	r3, #10
 812 002c FB18     		adds	r3, r7, r3
 813 002e 1978     		ldrb	r1, [r3]
 814 0030 0B23     		movs	r3, #11
 815 0032 FB18     		adds	r3, r7, r3
 816 0034 144A     		ldr	r2, .L49
 817 0036 4900     		lsls	r1, r1, #1
 818 0038 8A5C     		ldrb	r2, [r1, r2]
 819 003a 1A70     		strb	r2, [r3]
 157:RBD_sources/LCD.c ****         // print left side
 158:RBD_sources/LCD.c ****         LCD_send_char(character);
 820              		.loc 1 158 0 discriminator 3
 821 003c 0B23     		movs	r3, #11
 822 003e FB18     		adds	r3, r7, r3
 823 0040 1B78     		ldrb	r3, [r3]
 824 0042 1800     		movs	r0, r3
 825 0044 FFF7FEFF 		bl	LCD_send_char
 159:RBD_sources/LCD.c ****         character = braille_table[cur_ch].right;
 826              		.loc 1 159 0 discriminator 3
 827 0048 0A23     		movs	r3, #10
 828 004a FB18     		adds	r3, r7, r3
 829 004c 1A78     		ldrb	r2, [r3]
 830 004e 0B23     		movs	r3, #11
 831 0050 FB18     		adds	r3, r7, r3
 832 0052 0D49     		ldr	r1, .L49
 833 0054 5200     		lsls	r2, r2, #1
 834 0056 8A18     		adds	r2, r1, r2
 835 0058 0132     		adds	r2, r2, #1
 836 005a 1278     		ldrb	r2, [r2]
 837 005c 1A70     		strb	r2, [r3]
 160:RBD_sources/LCD.c ****         LCD_send_char(character);
 838              		.loc 1 160 0 discriminator 3
 839 005e 0B23     		movs	r3, #11
 840 0060 FB18     		adds	r3, r7, r3
 841 0062 1B78     		ldrb	r3, [r3]
 842 0064 1800     		movs	r0, r3
 843 0066 FFF7FEFF 		bl	LCD_send_char
 153:RBD_sources/LCD.c ****     {
 844              		.loc 1 153 0 discriminator 3
 845 006a FB68     		ldr	r3, [r7, #12]
 846 006c 0133     		adds	r3, r3, #1
 847 006e FB60     		str	r3, [r7, #12]
 848              	.L46:
 153:RBD_sources/LCD.c ****     {
 849              		.loc 1 153 0 is_stmt 0 discriminator 1
ARM GAS  C:\Users\semen\AppData\Local\Temp\cc2DwT99.s 			page 19


 850 0070 FB68     		ldr	r3, [r7, #12]
 851 0072 7A68     		ldr	r2, [r7, #4]
 852 0074 D318     		adds	r3, r2, r3
 853 0076 1B78     		ldrb	r3, [r3]
 854 0078 002B     		cmp	r3, #0
 855 007a CFD1     		bne	.L47
 856 007c 00E0     		b	.L43
 857              	.L48:
 858              	.LBE9:
 147:RBD_sources/LCD.c ****     }
 859              		.loc 1 147 0 is_stmt 1
 860 007e C046     		nop
 861              	.L43:
 161:RBD_sources/LCD.c ****     }
 162:RBD_sources/LCD.c **** }
 862              		.loc 1 162 0
 863 0080 BD46     		mov	sp, r7
 864 0082 04B0     		add	sp, sp, #16
 865              		@ sp needed
 866 0084 80BD     		pop	{r7, pc}
 867              	.L50:
 868 0086 C046     		.align	2
 869              	.L49:
 870 0088 00000000 		.word	braille_table
 871              		.cfi_endproc
 872              	.LFE12:
 873              		.size	LCD_test_print_braille, .-LCD_test_print_braille
 874              		.section	.text.LCD_init,"ax",%progbits
 875              		.align	2
 876              		.global	LCD_init
 877              		.code	16
 878              		.thumb_func
 879              		.type	LCD_init, %function
 880              	LCD_init:
 881              	.LFB13:
 163:RBD_sources/LCD.c ****     
 164:RBD_sources/LCD.c **** void LCD_init(void){
 882              		.loc 1 164 0
 883              		.cfi_startproc
 884              		@ args = 0, pretend = 0, frame = 0
 885              		@ frame_needed = 1, uses_anonymous_args = 0
 886 0000 80B5     		push	{r7, lr}
 887              		.cfi_def_cfa_offset 8
 888              		.cfi_offset 7, -8
 889              		.cfi_offset 14, -4
 890 0002 00AF     		add	r7, sp, #0
 891              		.cfi_def_cfa_register 7
 165:RBD_sources/LCD.c ****     CyDelay(15); // Wait 15ms after power on
 892              		.loc 1 165 0
 893 0004 0F20     		movs	r0, #15
 894 0006 FFF7FEFF 		bl	CyDelay
 166:RBD_sources/LCD.c ****     
 167:RBD_sources/LCD.c ****     /*Init*/
 168:RBD_sources/LCD.c ****     LCD_send_nibble(0x03);
 895              		.loc 1 168 0
 896 000a 0320     		movs	r0, #3
 897 000c FFF7FEFF 		bl	LCD_send_nibble
ARM GAS  C:\Users\semen\AppData\Local\Temp\cc2DwT99.s 			page 20


 169:RBD_sources/LCD.c ****     CyDelay(5);
 898              		.loc 1 169 0
 899 0010 0520     		movs	r0, #5
 900 0012 FFF7FEFF 		bl	CyDelay
 170:RBD_sources/LCD.c ****     
 171:RBD_sources/LCD.c ****     LCD_send_nibble(0x03);
 901              		.loc 1 171 0
 902 0016 0320     		movs	r0, #3
 903 0018 FFF7FEFF 		bl	LCD_send_nibble
 172:RBD_sources/LCD.c ****     CyDelayUs(1000);
 904              		.loc 1 172 0
 905 001c FA23     		movs	r3, #250
 906 001e 9B00     		lsls	r3, r3, #2
 907 0020 1800     		movs	r0, r3
 908 0022 FFF7FEFF 		bl	CyDelayUs
 173:RBD_sources/LCD.c ****     
 174:RBD_sources/LCD.c ****     LCD_send_nibble(0x03);
 909              		.loc 1 174 0
 910 0026 0320     		movs	r0, #3
 911 0028 FFF7FEFF 		bl	LCD_send_nibble
 175:RBD_sources/LCD.c ****     
 176:RBD_sources/LCD.c ****     LCD_send_nibble(0x02); //Enable 4 bit mode
 912              		.loc 1 176 0
 913 002c 0220     		movs	r0, #2
 914 002e FFF7FEFF 		bl	LCD_send_nibble
 177:RBD_sources/LCD.c ****     
 178:RBD_sources/LCD.c ****     LCD_send_command(0x2C); // function set: 4-bit 2-line
 915              		.loc 1 178 0
 916 0032 2C20     		movs	r0, #44
 917 0034 FFF7FEFF 		bl	LCD_send_command
 179:RBD_sources/LCD.c ****     LCD_send_command(0x08); // turn off the display
 918              		.loc 1 179 0
 919 0038 0820     		movs	r0, #8
 920 003a FFF7FEFF 		bl	LCD_send_command
 180:RBD_sources/LCD.c ****     
 181:RBD_sources/LCD.c ****     LCD_clear(); //clear display
 921              		.loc 1 181 0
 922 003e FFF7FEFF 		bl	LCD_clear
 182:RBD_sources/LCD.c ****     CyDelay(2);
 923              		.loc 1 182 0
 924 0042 0220     		movs	r0, #2
 925 0044 FFF7FEFF 		bl	CyDelay
 183:RBD_sources/LCD.c ****     
 184:RBD_sources/LCD.c ****     LCD_send_command(0x06); // Entry mode
 926              		.loc 1 184 0
 927 0048 0620     		movs	r0, #6
 928 004a FFF7FEFF 		bl	LCD_send_command
 185:RBD_sources/LCD.c ****     LCD_send_command(0x0F); // turn on display, cursor and blink
 929              		.loc 1 185 0
 930 004e 0F20     		movs	r0, #15
 931 0050 FFF7FEFF 		bl	LCD_send_command
 186:RBD_sources/LCD.c **** 
 187:RBD_sources/LCD.c **** }
 932              		.loc 1 187 0
 933 0054 C046     		nop
 934 0056 BD46     		mov	sp, r7
 935              		@ sp needed
ARM GAS  C:\Users\semen\AppData\Local\Temp\cc2DwT99.s 			page 21


 936 0058 80BD     		pop	{r7, pc}
 937              		.cfi_endproc
 938              	.LFE13:
 939              		.size	LCD_init, .-LCD_init
 940 005a C046     		.text
 941              	.Letext0:
 942              		.file 2 "c:\\program files (x86)\\cypress\\psoc creator\\4.4\\psoc creator\\import\\gnu\\arm\\5.4.
 943              		.file 3 "c:\\program files (x86)\\cypress\\psoc creator\\4.4\\psoc creator\\import\\gnu\\arm\\5.4.
 944              		.file 4 ".\\RBD_headers/char_to_braille.h"
 945              		.section	.debug_info,"",%progbits
 946              	.Ldebug_info0:
 947 0000 80040000 		.4byte	0x480
 948 0004 0400     		.2byte	0x4
 949 0006 00000000 		.4byte	.Ldebug_abbrev0
 950 000a 04       		.byte	0x4
 951 000b 01       		.uleb128 0x1
 952 000c 0A010000 		.4byte	.LASF49
 953 0010 0C       		.byte	0xc
 954 0011 A9010000 		.4byte	.LASF50
 955 0015 0E000000 		.4byte	.LASF51
 956 0019 00000000 		.4byte	.Ldebug_ranges0+0
 957 001d 00000000 		.4byte	0
 958 0021 00000000 		.4byte	.Ldebug_line0
 959 0025 02       		.uleb128 0x2
 960 0026 01       		.byte	0x1
 961 0027 06       		.byte	0x6
 962 0028 07030000 		.4byte	.LASF0
 963 002c 03       		.uleb128 0x3
 964 002d 5A000000 		.4byte	.LASF9
 965 0031 02       		.byte	0x2
 966 0032 1D       		.byte	0x1d
 967 0033 37000000 		.4byte	0x37
 968 0037 02       		.uleb128 0x2
 969 0038 01       		.byte	0x1
 970 0039 08       		.byte	0x8
 971 003a D3000000 		.4byte	.LASF1
 972 003e 02       		.uleb128 0x2
 973 003f 02       		.byte	0x2
 974 0040 05       		.byte	0x5
 975 0041 AA020000 		.4byte	.LASF2
 976 0045 02       		.uleb128 0x2
 977 0046 02       		.byte	0x2
 978 0047 07       		.byte	0x7
 979 0048 8C000000 		.4byte	.LASF3
 980 004c 02       		.uleb128 0x2
 981 004d 04       		.byte	0x4
 982 004e 05       		.byte	0x5
 983 004f DE020000 		.4byte	.LASF4
 984 0053 02       		.uleb128 0x2
 985 0054 04       		.byte	0x4
 986 0055 07       		.byte	0x7
 987 0056 C8010000 		.4byte	.LASF5
 988 005a 02       		.uleb128 0x2
 989 005b 08       		.byte	0x8
 990 005c 05       		.byte	0x5
 991 005d 7E020000 		.4byte	.LASF6
 992 0061 02       		.uleb128 0x2
ARM GAS  C:\Users\semen\AppData\Local\Temp\cc2DwT99.s 			page 22


 993 0062 08       		.byte	0x8
 994 0063 07       		.byte	0x7
 995 0064 39020000 		.4byte	.LASF7
 996 0068 04       		.uleb128 0x4
 997 0069 04       		.byte	0x4
 998 006a 05       		.byte	0x5
 999 006b 696E7400 		.ascii	"int\000"
 1000 006f 02       		.uleb128 0x2
 1001 0070 04       		.byte	0x4
 1002 0071 07       		.byte	0x7
 1003 0072 1B020000 		.4byte	.LASF8
 1004 0076 03       		.uleb128 0x3
 1005 0077 50020000 		.4byte	.LASF10
 1006 007b 03       		.byte	0x3
 1007 007c 18       		.byte	0x18
 1008 007d 2C000000 		.4byte	0x2c
 1009 0081 02       		.uleb128 0x2
 1010 0082 08       		.byte	0x8
 1011 0083 04       		.byte	0x4
 1012 0084 FB020000 		.4byte	.LASF11
 1013 0088 02       		.uleb128 0x2
 1014 0089 04       		.byte	0x4
 1015 008a 07       		.byte	0x7
 1016 008b 75020000 		.4byte	.LASF12
 1017 008f 05       		.uleb128 0x5
 1018 0090 04       		.byte	0x4
 1019 0091 95000000 		.4byte	0x95
 1020 0095 02       		.uleb128 0x2
 1021 0096 01       		.byte	0x1
 1022 0097 08       		.byte	0x8
 1023 0098 E7020000 		.4byte	.LASF13
 1024 009c 06       		.uleb128 0x6
 1025 009d 02       		.byte	0x2
 1026 009e 04       		.byte	0x4
 1027 009f 11       		.byte	0x11
 1028 00a0 BD000000 		.4byte	0xbd
 1029 00a4 07       		.uleb128 0x7
 1030 00a5 A6000000 		.4byte	.LASF14
 1031 00a9 04       		.byte	0x4
 1032 00aa 12       		.byte	0x12
 1033 00ab 76000000 		.4byte	0x76
 1034 00af 00       		.byte	0
 1035 00b0 07       		.uleb128 0x7
 1036 00b1 F8000000 		.4byte	.LASF15
 1037 00b5 04       		.byte	0x4
 1038 00b6 13       		.byte	0x13
 1039 00b7 76000000 		.4byte	0x76
 1040 00bb 01       		.byte	0x1
 1041 00bc 00       		.byte	0
 1042 00bd 03       		.uleb128 0x3
 1043 00be 6E000000 		.4byte	.LASF16
 1044 00c2 04       		.byte	0x4
 1045 00c3 14       		.byte	0x14
 1046 00c4 9C000000 		.4byte	0x9c
 1047 00c8 06       		.uleb128 0x6
 1048 00c9 08       		.byte	0x8
 1049 00ca 04       		.byte	0x4
ARM GAS  C:\Users\semen\AppData\Local\Temp\cc2DwT99.s 			page 23


 1050 00cb 18       		.byte	0x18
 1051 00cc DD000000 		.4byte	0xdd
 1052 00d0 07       		.uleb128 0x7
 1053 00d1 FE000000 		.4byte	.LASF17
 1054 00d5 04       		.byte	0x4
 1055 00d6 19       		.byte	0x19
 1056 00d7 DD000000 		.4byte	0xdd
 1057 00db 00       		.byte	0
 1058 00dc 00       		.byte	0
 1059 00dd 08       		.uleb128 0x8
 1060 00de 76000000 		.4byte	0x76
 1061 00e2 ED000000 		.4byte	0xed
 1062 00e6 09       		.uleb128 0x9
 1063 00e7 88000000 		.4byte	0x88
 1064 00eb 07       		.byte	0x7
 1065 00ec 00       		.byte	0
 1066 00ed 03       		.uleb128 0x3
 1067 00ee 28020000 		.4byte	.LASF18
 1068 00f2 04       		.byte	0x4
 1069 00f3 1A       		.byte	0x1a
 1070 00f4 C8000000 		.4byte	0xc8
 1071 00f8 0A       		.uleb128 0xa
 1072 00f9 EA010000 		.4byte	.LASF19
 1073 00fd 01       		.byte	0x1
 1074 00fe 0F       		.byte	0xf
 1075 00ff 00000000 		.4byte	.LFB1
 1076 0103 2A000000 		.4byte	.LFE1-.LFB1
 1077 0107 01       		.uleb128 0x1
 1078 0108 9C       		.byte	0x9c
 1079 0109 2C010000 		.4byte	0x12c
 1080 010d 0B       		.uleb128 0xb
 1081 010e 35030000 		.4byte	.LASF21
 1082 0112 01       		.byte	0x1
 1083 0113 10       		.byte	0x10
 1084 0114 68000000 		.4byte	0x68
 1085 0118 1E010000 		.4byte	0x11e
 1086 011c 0C       		.uleb128 0xc
 1087 011d 00       		.byte	0
 1088 011e 0D       		.uleb128 0xd
 1089 011f FB010000 		.4byte	.LASF25
 1090 0123 01       		.byte	0x1
 1091 0124 11       		.byte	0x11
 1092 0125 68000000 		.4byte	0x68
 1093 0129 0C       		.uleb128 0xc
 1094 012a 00       		.byte	0
 1095 012b 00       		.byte	0
 1096 012c 0A       		.uleb128 0xa
 1097 012d DA010000 		.4byte	.LASF20
 1098 0131 01       		.byte	0x1
 1099 0132 16       		.byte	0x16
 1100 0133 00000000 		.4byte	.LFB2
 1101 0137 62000000 		.4byte	.LFE2-.LFB2
 1102 013b 01       		.uleb128 0x1
 1103 013c 9C       		.byte	0x9c
 1104 013d 90010000 		.4byte	0x190
 1105 0141 0E       		.uleb128 0xe
 1106 0142 BD000000 		.4byte	.LASF28
ARM GAS  C:\Users\semen\AppData\Local\Temp\cc2DwT99.s 			page 24


 1107 0146 01       		.byte	0x1
 1108 0147 16       		.byte	0x16
 1109 0148 76000000 		.4byte	0x76
 1110 014c 02       		.uleb128 0x2
 1111 014d 91       		.byte	0x91
 1112 014e 77       		.sleb128 -9
 1113 014f 0B       		.uleb128 0xb
 1114 0150 05020000 		.4byte	.LASF22
 1115 0154 01       		.byte	0x1
 1116 0155 17       		.byte	0x17
 1117 0156 68000000 		.4byte	0x68
 1118 015a 60010000 		.4byte	0x160
 1119 015e 0C       		.uleb128 0xc
 1120 015f 00       		.byte	0
 1121 0160 0B       		.uleb128 0xb
 1122 0161 AB000000 		.4byte	.LASF23
 1123 0165 01       		.byte	0x1
 1124 0166 18       		.byte	0x18
 1125 0167 68000000 		.4byte	0x68
 1126 016b 71010000 		.4byte	0x171
 1127 016f 0C       		.uleb128 0xc
 1128 0170 00       		.byte	0
 1129 0171 0B       		.uleb128 0xb
 1130 0172 28030000 		.4byte	.LASF24
 1131 0176 01       		.byte	0x1
 1132 0177 19       		.byte	0x19
 1133 0178 68000000 		.4byte	0x68
 1134 017c 82010000 		.4byte	0x182
 1135 0180 0C       		.uleb128 0xc
 1136 0181 00       		.byte	0
 1137 0182 0D       		.uleb128 0xd
 1138 0183 BB010000 		.4byte	.LASF26
 1139 0187 01       		.byte	0x1
 1140 0188 1A       		.byte	0x1a
 1141 0189 68000000 		.4byte	0x68
 1142 018d 0C       		.uleb128 0xc
 1143 018e 00       		.byte	0
 1144 018f 00       		.byte	0
 1145 0190 0A       		.uleb128 0xa
 1146 0191 96020000 		.4byte	.LASF27
 1147 0195 01       		.byte	0x1
 1148 0196 1F       		.byte	0x1f
 1149 0197 00000000 		.4byte	.LFB3
 1150 019b 42000000 		.4byte	.LFE3-.LFB3
 1151 019f 01       		.uleb128 0x1
 1152 01a0 9C       		.byte	0x9c
 1153 01a1 CF010000 		.4byte	0x1cf
 1154 01a5 0E       		.uleb128 0xe
 1155 01a6 BD000000 		.4byte	.LASF28
 1156 01aa 01       		.byte	0x1
 1157 01ab 1F       		.byte	0x1f
 1158 01ac 76000000 		.4byte	0x76
 1159 01b0 02       		.uleb128 0x2
 1160 01b1 91       		.byte	0x91
 1161 01b2 77       		.sleb128 -9
 1162 01b3 0E       		.uleb128 0xe
 1163 01b4 5D020000 		.4byte	.LASF29
ARM GAS  C:\Users\semen\AppData\Local\Temp\cc2DwT99.s 			page 25


 1164 01b8 01       		.byte	0x1
 1165 01b9 1F       		.byte	0x1f
 1166 01ba 76000000 		.4byte	0x76
 1167 01be 02       		.uleb128 0x2
 1168 01bf 91       		.byte	0x91
 1169 01c0 76       		.sleb128 -10
 1170 01c1 0D       		.uleb128 0xd
 1171 01c2 13030000 		.4byte	.LASF30
 1172 01c6 01       		.byte	0x1
 1173 01c7 20       		.byte	0x20
 1174 01c8 68000000 		.4byte	0x68
 1175 01cc 0C       		.uleb128 0xc
 1176 01cd 00       		.byte	0
 1177 01ce 00       		.byte	0
 1178 01cf 0F       		.uleb128 0xf
 1179 01d0 8C020000 		.4byte	.LASF52
 1180 01d4 01       		.byte	0x1
 1181 01d5 27       		.byte	0x27
 1182 01d6 00000000 		.4byte	.LFB4
 1183 01da 12000000 		.4byte	.LFE4-.LFB4
 1184 01de 01       		.uleb128 0x1
 1185 01df 9C       		.byte	0x9c
 1186 01e0 0A       		.uleb128 0xa
 1187 01e1 C2000000 		.4byte	.LASF31
 1188 01e5 01       		.byte	0x1
 1189 01e6 2B       		.byte	0x2b
 1190 01e7 00000000 		.4byte	.LFB5
 1191 01eb 20000000 		.4byte	.LFE5-.LFB5
 1192 01ef 01       		.uleb128 0x1
 1193 01f0 9C       		.byte	0x9c
 1194 01f1 04020000 		.4byte	0x204
 1195 01f5 0E       		.uleb128 0xe
 1196 01f6 D6020000 		.4byte	.LASF32
 1197 01fa 01       		.byte	0x1
 1198 01fb 2B       		.byte	0x2b
 1199 01fc 76000000 		.4byte	0x76
 1200 0200 02       		.uleb128 0x2
 1201 0201 91       		.byte	0x91
 1202 0202 77       		.sleb128 -9
 1203 0203 00       		.byte	0
 1204 0204 0A       		.uleb128 0xa
 1205 0205 67020000 		.4byte	.LASF33
 1206 0209 01       		.byte	0x1
 1207 020a 2F       		.byte	0x2f
 1208 020b 00000000 		.4byte	.LFB6
 1209 020f 20000000 		.4byte	.LFE6-.LFB6
 1210 0213 01       		.uleb128 0x1
 1211 0214 9C       		.byte	0x9c
 1212 0215 27020000 		.4byte	0x227
 1213 0219 10       		.uleb128 0x10
 1214 021a 636800   		.ascii	"ch\000"
 1215 021d 01       		.byte	0x1
 1216 021e 2F       		.byte	0x2f
 1217 021f 95000000 		.4byte	0x95
 1218 0223 02       		.uleb128 0x2
 1219 0224 91       		.byte	0x91
 1220 0225 77       		.sleb128 -9
ARM GAS  C:\Users\semen\AppData\Local\Temp\cc2DwT99.s 			page 26


 1221 0226 00       		.byte	0
 1222 0227 0A       		.uleb128 0xa
 1223 0228 C5020000 		.4byte	.LASF34
 1224 022c 01       		.byte	0x1
 1225 022d 33       		.byte	0x33
 1226 022e 00000000 		.4byte	.LFB7
 1227 0232 3E000000 		.4byte	.LFE7-.LFB7
 1228 0236 01       		.uleb128 0x1
 1229 0237 9C       		.byte	0x9c
 1230 0238 61020000 		.4byte	0x261
 1231 023c 0E       		.uleb128 0xe
 1232 023d BD000000 		.4byte	.LASF28
 1233 0241 01       		.byte	0x1
 1234 0242 33       		.byte	0x33
 1235 0243 8F000000 		.4byte	0x8f
 1236 0247 02       		.uleb128 0x2
 1237 0248 91       		.byte	0x91
 1238 0249 6C       		.sleb128 -20
 1239 024a 11       		.uleb128 0x11
 1240 024b 0E000000 		.4byte	.LBB2
 1241 024f 28000000 		.4byte	.LBE2-.LBB2
 1242 0253 12       		.uleb128 0x12
 1243 0254 6900     		.ascii	"i\000"
 1244 0256 01       		.byte	0x1
 1245 0257 37       		.byte	0x37
 1246 0258 68000000 		.4byte	0x68
 1247 025c 02       		.uleb128 0x2
 1248 025d 91       		.byte	0x91
 1249 025e 74       		.sleb128 -12
 1250 025f 00       		.byte	0
 1251 0260 00       		.byte	0
 1252 0261 0A       		.uleb128 0xa
 1253 0262 EC020000 		.4byte	.LASF35
 1254 0266 01       		.byte	0x1
 1255 0267 3C       		.byte	0x3c
 1256 0268 00000000 		.4byte	.LFB8
 1257 026c 66000000 		.4byte	.LFE8-.LFB8
 1258 0270 01       		.uleb128 0x1
 1259 0271 9C       		.byte	0x9c
 1260 0272 A1020000 		.4byte	0x2a1
 1261 0276 0E       		.uleb128 0xe
 1262 0277 58020000 		.4byte	.LASF36
 1263 027b 01       		.byte	0x1
 1264 027c 3C       		.byte	0x3c
 1265 027d 76000000 		.4byte	0x76
 1266 0281 02       		.uleb128 0x2
 1267 0282 91       		.byte	0x91
 1268 0283 6F       		.sleb128 -17
 1269 0284 10       		.uleb128 0x10
 1270 0285 706F7300 		.ascii	"pos\000"
 1271 0289 01       		.byte	0x1
 1272 028a 3C       		.byte	0x3c
 1273 028b 76000000 		.4byte	0x76
 1274 028f 02       		.uleb128 0x2
 1275 0290 91       		.byte	0x91
 1276 0291 6E       		.sleb128 -18
 1277 0292 13       		.uleb128 0x13
ARM GAS  C:\Users\semen\AppData\Local\Temp\cc2DwT99.s 			page 27


 1278 0293 05010000 		.4byte	.LASF37
 1279 0297 01       		.byte	0x1
 1280 0298 41       		.byte	0x41
 1281 0299 76000000 		.4byte	0x76
 1282 029d 02       		.uleb128 0x2
 1283 029e 91       		.byte	0x91
 1284 029f 77       		.sleb128 -9
 1285 02a0 00       		.byte	0
 1286 02a1 0A       		.uleb128 0xa
 1287 02a2 7A000000 		.4byte	.LASF38
 1288 02a6 01       		.byte	0x1
 1289 02a7 49       		.byte	0x49
 1290 02a8 00000000 		.4byte	.LFB9
 1291 02ac CC000000 		.4byte	.LFE9-.LFB9
 1292 02b0 01       		.uleb128 0x1
 1293 02b1 9C       		.byte	0x9c
 1294 02b2 33030000 		.4byte	0x333
 1295 02b6 0E       		.uleb128 0xe
 1296 02b7 BD000000 		.4byte	.LASF28
 1297 02bb 01       		.byte	0x1
 1298 02bc 49       		.byte	0x49
 1299 02bd 8F000000 		.4byte	0x8f
 1300 02c1 02       		.uleb128 0x2
 1301 02c2 91       		.byte	0x91
 1302 02c3 5C       		.sleb128 -36
 1303 02c4 10       		.uleb128 0x10
 1304 02c5 726F7700 		.ascii	"row\000"
 1305 02c9 01       		.byte	0x1
 1306 02ca 49       		.byte	0x49
 1307 02cb 76000000 		.4byte	0x76
 1308 02cf 02       		.uleb128 0x2
 1309 02d0 91       		.byte	0x91
 1310 02d1 5B       		.sleb128 -37
 1311 02d2 10       		.uleb128 0x10
 1312 02d3 636F6C00 		.ascii	"col\000"
 1313 02d7 01       		.byte	0x1
 1314 02d8 49       		.byte	0x49
 1315 02d9 76000000 		.4byte	0x76
 1316 02dd 02       		.uleb128 0x2
 1317 02de 91       		.byte	0x91
 1318 02df 5A       		.sleb128 -38
 1319 02e0 11       		.uleb128 0x11
 1320 02e1 1E000000 		.4byte	.LBB3
 1321 02e5 A2000000 		.4byte	.LBE3-.LBB3
 1322 02e9 12       		.uleb128 0x12
 1323 02ea 6900     		.ascii	"i\000"
 1324 02ec 01       		.byte	0x1
 1325 02ed 4D       		.byte	0x4d
 1326 02ee 68000000 		.4byte	0x68
 1327 02f2 02       		.uleb128 0x2
 1328 02f3 91       		.byte	0x91
 1329 02f4 74       		.sleb128 -12
 1330 02f5 11       		.uleb128 0x11
 1331 02f6 24000000 		.4byte	.LBB4
 1332 02fa 88000000 		.4byte	.LBE4-.LBB4
 1333 02fe 13       		.uleb128 0x13
 1334 02ff A4020000 		.4byte	.LASF39
ARM GAS  C:\Users\semen\AppData\Local\Temp\cc2DwT99.s 			page 28


 1335 0303 01       		.byte	0x1
 1336 0304 4F       		.byte	0x4f
 1337 0305 DD000000 		.4byte	0xdd
 1338 0309 02       		.uleb128 0x2
 1339 030a 91       		.byte	0x91
 1340 030b 64       		.sleb128 -28
 1341 030c 13       		.uleb128 0x13
 1342 030d 62020000 		.4byte	.LASF40
 1343 0311 01       		.byte	0x1
 1344 0312 52       		.byte	0x52
 1345 0313 76000000 		.4byte	0x76
 1346 0317 02       		.uleb128 0x2
 1347 0318 91       		.byte	0x91
 1348 0319 6F       		.sleb128 -17
 1349 031a 11       		.uleb128 0x11
 1350 031b 66000000 		.4byte	.LBB5
 1351 031f 22000000 		.4byte	.LBE5-.LBB5
 1352 0323 12       		.uleb128 0x12
 1353 0324 6A00     		.ascii	"j\000"
 1354 0326 01       		.byte	0x1
 1355 0327 59       		.byte	0x59
 1356 0328 68000000 		.4byte	0x68
 1357 032c 02       		.uleb128 0x2
 1358 032d 91       		.byte	0x91
 1359 032e 70       		.sleb128 -16
 1360 032f 00       		.byte	0
 1361 0330 00       		.byte	0
 1362 0331 00       		.byte	0
 1363 0332 00       		.byte	0
 1364 0333 14       		.uleb128 0x14
 1365 0334 98010000 		.4byte	.LASF53
 1366 0338 01       		.byte	0x1
 1367 0339 6A       		.byte	0x6a
 1368 033a 00000000 		.4byte	.LFB10
 1369 033e 5C000000 		.4byte	.LFE10-.LFB10
 1370 0342 01       		.uleb128 0x1
 1371 0343 9C       		.byte	0x9c
 1372 0344 6D030000 		.4byte	0x36d
 1373 0348 13       		.uleb128 0x13
 1374 0349 A4020000 		.4byte	.LASF39
 1375 034d 01       		.byte	0x1
 1376 034e 6C       		.byte	0x6c
 1377 034f DD000000 		.4byte	0xdd
 1378 0353 02       		.uleb128 0x2
 1379 0354 91       		.byte	0x91
 1380 0355 6C       		.sleb128 -20
 1381 0356 11       		.uleb128 0x11
 1382 0357 1C000000 		.4byte	.LBB6
 1383 035b 20000000 		.4byte	.LBE6-.LBB6
 1384 035f 12       		.uleb128 0x12
 1385 0360 6A00     		.ascii	"j\000"
 1386 0362 01       		.byte	0x1
 1387 0363 78       		.byte	0x78
 1388 0364 68000000 		.4byte	0x68
 1389 0368 02       		.uleb128 0x2
 1390 0369 91       		.byte	0x91
 1391 036a 74       		.sleb128 -12
ARM GAS  C:\Users\semen\AppData\Local\Temp\cc2DwT99.s 			page 29


 1392 036b 00       		.byte	0
 1393 036c 00       		.byte	0
 1394 036d 0A       		.uleb128 0xa
 1395 036e B4020000 		.4byte	.LASF41
 1396 0372 01       		.byte	0x1
 1397 0373 82       		.byte	0x82
 1398 0374 00000000 		.4byte	.LFB11
 1399 0378 64000000 		.4byte	.LFE11-.LFB11
 1400 037c 01       		.uleb128 0x1
 1401 037d 9C       		.byte	0x9c
 1402 037e AF030000 		.4byte	0x3af
 1403 0382 11       		.uleb128 0x11
 1404 0383 06000000 		.4byte	.LBB7
 1405 0387 50000000 		.4byte	.LBE7-.LBB7
 1406 038b 12       		.uleb128 0x12
 1407 038c 6900     		.ascii	"i\000"
 1408 038e 01       		.byte	0x1
 1409 038f 83       		.byte	0x83
 1410 0390 68000000 		.4byte	0x68
 1411 0394 02       		.uleb128 0x2
 1412 0395 91       		.byte	0x91
 1413 0396 74       		.sleb128 -12
 1414 0397 11       		.uleb128 0x11
 1415 0398 1C000000 		.4byte	.LBB8
 1416 039c 26000000 		.4byte	.LBE8-.LBB8
 1417 03a0 12       		.uleb128 0x12
 1418 03a1 6A00     		.ascii	"j\000"
 1419 03a3 01       		.byte	0x1
 1420 03a4 8A       		.byte	0x8a
 1421 03a5 68000000 		.4byte	0x68
 1422 03a9 02       		.uleb128 0x2
 1423 03aa 91       		.byte	0x91
 1424 03ab 70       		.sleb128 -16
 1425 03ac 00       		.byte	0
 1426 03ad 00       		.byte	0
 1427 03ae 00       		.byte	0
 1428 03af 0A       		.uleb128 0xa
 1429 03b0 E1000000 		.4byte	.LASF42
 1430 03b4 01       		.byte	0x1
 1431 03b5 91       		.byte	0x91
 1432 03b6 00000000 		.4byte	.LFB12
 1433 03ba 8C000000 		.4byte	.LFE12-.LFB12
 1434 03be 01       		.uleb128 0x1
 1435 03bf 9C       		.byte	0x9c
 1436 03c0 05040000 		.4byte	0x405
 1437 03c4 0E       		.uleb128 0xe
 1438 03c5 BD000000 		.4byte	.LASF28
 1439 03c9 01       		.byte	0x1
 1440 03ca 91       		.byte	0x91
 1441 03cb 8F000000 		.4byte	0x8f
 1442 03cf 02       		.uleb128 0x2
 1443 03d0 91       		.byte	0x91
 1444 03d1 6C       		.sleb128 -20
 1445 03d2 13       		.uleb128 0x13
 1446 03d3 9F000000 		.4byte	.LASF43
 1447 03d7 01       		.byte	0x1
 1448 03d8 95       		.byte	0x95
ARM GAS  C:\Users\semen\AppData\Local\Temp\cc2DwT99.s 			page 30


 1449 03d9 95000000 		.4byte	0x95
 1450 03dd 02       		.uleb128 0x2
 1451 03de 91       		.byte	0x91
 1452 03df 72       		.sleb128 -14
 1453 03e0 13       		.uleb128 0x13
 1454 03e1 64000000 		.4byte	.LASF44
 1455 03e5 01       		.byte	0x1
 1456 03e6 96       		.byte	0x96
 1457 03e7 76000000 		.4byte	0x76
 1458 03eb 02       		.uleb128 0x2
 1459 03ec 91       		.byte	0x91
 1460 03ed 73       		.sleb128 -13
 1461 03ee 11       		.uleb128 0x11
 1462 03ef 16000000 		.4byte	.LBB9
 1463 03f3 68000000 		.4byte	.LBE9-.LBB9
 1464 03f7 12       		.uleb128 0x12
 1465 03f8 6900     		.ascii	"i\000"
 1466 03fa 01       		.byte	0x1
 1467 03fb 99       		.byte	0x99
 1468 03fc 68000000 		.4byte	0x68
 1469 0400 02       		.uleb128 0x2
 1470 0401 91       		.byte	0x91
 1471 0402 74       		.sleb128 -12
 1472 0403 00       		.byte	0
 1473 0404 00       		.byte	0
 1474 0405 0A       		.uleb128 0xa
 1475 0406 12020000 		.4byte	.LASF45
 1476 040a 01       		.byte	0x1
 1477 040b A4       		.byte	0xa4
 1478 040c 00000000 		.4byte	.LFB13
 1479 0410 5A000000 		.4byte	.LFE13-.LFB13
 1480 0414 01       		.uleb128 0x1
 1481 0415 9C       		.byte	0x9c
 1482 0416 39040000 		.4byte	0x439
 1483 041a 0B       		.uleb128 0xb
 1484 041b 20030000 		.4byte	.LASF46
 1485 041f 01       		.byte	0x1
 1486 0420 A5       		.byte	0xa5
 1487 0421 68000000 		.4byte	0x68
 1488 0425 2B040000 		.4byte	0x42b
 1489 0429 0C       		.uleb128 0xc
 1490 042a 00       		.byte	0
 1491 042b 0D       		.uleb128 0xd
 1492 042c FB010000 		.4byte	.LASF25
 1493 0430 01       		.byte	0x1
 1494 0431 11       		.byte	0x11
 1495 0432 68000000 		.4byte	0x68
 1496 0436 0C       		.uleb128 0xc
 1497 0437 00       		.byte	0
 1498 0438 00       		.byte	0
 1499 0439 08       		.uleb128 0x8
 1500 043a 49040000 		.4byte	0x449
 1501 043e 49040000 		.4byte	0x449
 1502 0442 09       		.uleb128 0x9
 1503 0443 88000000 		.4byte	0x88
 1504 0447 7F       		.byte	0x7f
 1505 0448 00       		.byte	0
ARM GAS  C:\Users\semen\AppData\Local\Temp\cc2DwT99.s 			page 31


 1506 0449 15       		.uleb128 0x15
 1507 044a BD000000 		.4byte	0xbd
 1508 044e 16       		.uleb128 0x16
 1509 044f 00000000 		.4byte	.LASF47
 1510 0453 04       		.byte	0x4
 1511 0454 16       		.byte	0x16
 1512 0455 59040000 		.4byte	0x459
 1513 0459 15       		.uleb128 0x15
 1514 045a 39040000 		.4byte	0x439
 1515 045e 08       		.uleb128 0x8
 1516 045f 6E040000 		.4byte	0x46e
 1517 0463 6E040000 		.4byte	0x46e
 1518 0467 09       		.uleb128 0x9
 1519 0468 88000000 		.4byte	0x88
 1520 046c 07       		.byte	0x7
 1521 046d 00       		.byte	0
 1522 046e 15       		.uleb128 0x15
 1523 046f ED000000 		.4byte	0xed
 1524 0473 16       		.uleb128 0x16
 1525 0474 B8000000 		.4byte	.LASF48
 1526 0478 04       		.byte	0x4
 1527 0479 1C       		.byte	0x1c
 1528 047a 7E040000 		.4byte	0x47e
 1529 047e 15       		.uleb128 0x15
 1530 047f 5E040000 		.4byte	0x45e
 1531 0483 00       		.byte	0
 1532              		.section	.debug_abbrev,"",%progbits
 1533              	.Ldebug_abbrev0:
 1534 0000 01       		.uleb128 0x1
 1535 0001 11       		.uleb128 0x11
 1536 0002 01       		.byte	0x1
 1537 0003 25       		.uleb128 0x25
 1538 0004 0E       		.uleb128 0xe
 1539 0005 13       		.uleb128 0x13
 1540 0006 0B       		.uleb128 0xb
 1541 0007 03       		.uleb128 0x3
 1542 0008 0E       		.uleb128 0xe
 1543 0009 1B       		.uleb128 0x1b
 1544 000a 0E       		.uleb128 0xe
 1545 000b 55       		.uleb128 0x55
 1546 000c 17       		.uleb128 0x17
 1547 000d 11       		.uleb128 0x11
 1548 000e 01       		.uleb128 0x1
 1549 000f 10       		.uleb128 0x10
 1550 0010 17       		.uleb128 0x17
 1551 0011 00       		.byte	0
 1552 0012 00       		.byte	0
 1553 0013 02       		.uleb128 0x2
 1554 0014 24       		.uleb128 0x24
 1555 0015 00       		.byte	0
 1556 0016 0B       		.uleb128 0xb
 1557 0017 0B       		.uleb128 0xb
 1558 0018 3E       		.uleb128 0x3e
 1559 0019 0B       		.uleb128 0xb
 1560 001a 03       		.uleb128 0x3
 1561 001b 0E       		.uleb128 0xe
 1562 001c 00       		.byte	0
ARM GAS  C:\Users\semen\AppData\Local\Temp\cc2DwT99.s 			page 32


 1563 001d 00       		.byte	0
 1564 001e 03       		.uleb128 0x3
 1565 001f 16       		.uleb128 0x16
 1566 0020 00       		.byte	0
 1567 0021 03       		.uleb128 0x3
 1568 0022 0E       		.uleb128 0xe
 1569 0023 3A       		.uleb128 0x3a
 1570 0024 0B       		.uleb128 0xb
 1571 0025 3B       		.uleb128 0x3b
 1572 0026 0B       		.uleb128 0xb
 1573 0027 49       		.uleb128 0x49
 1574 0028 13       		.uleb128 0x13
 1575 0029 00       		.byte	0
 1576 002a 00       		.byte	0
 1577 002b 04       		.uleb128 0x4
 1578 002c 24       		.uleb128 0x24
 1579 002d 00       		.byte	0
 1580 002e 0B       		.uleb128 0xb
 1581 002f 0B       		.uleb128 0xb
 1582 0030 3E       		.uleb128 0x3e
 1583 0031 0B       		.uleb128 0xb
 1584 0032 03       		.uleb128 0x3
 1585 0033 08       		.uleb128 0x8
 1586 0034 00       		.byte	0
 1587 0035 00       		.byte	0
 1588 0036 05       		.uleb128 0x5
 1589 0037 0F       		.uleb128 0xf
 1590 0038 00       		.byte	0
 1591 0039 0B       		.uleb128 0xb
 1592 003a 0B       		.uleb128 0xb
 1593 003b 49       		.uleb128 0x49
 1594 003c 13       		.uleb128 0x13
 1595 003d 00       		.byte	0
 1596 003e 00       		.byte	0
 1597 003f 06       		.uleb128 0x6
 1598 0040 13       		.uleb128 0x13
 1599 0041 01       		.byte	0x1
 1600 0042 0B       		.uleb128 0xb
 1601 0043 0B       		.uleb128 0xb
 1602 0044 3A       		.uleb128 0x3a
 1603 0045 0B       		.uleb128 0xb
 1604 0046 3B       		.uleb128 0x3b
 1605 0047 0B       		.uleb128 0xb
 1606 0048 01       		.uleb128 0x1
 1607 0049 13       		.uleb128 0x13
 1608 004a 00       		.byte	0
 1609 004b 00       		.byte	0
 1610 004c 07       		.uleb128 0x7
 1611 004d 0D       		.uleb128 0xd
 1612 004e 00       		.byte	0
 1613 004f 03       		.uleb128 0x3
 1614 0050 0E       		.uleb128 0xe
 1615 0051 3A       		.uleb128 0x3a
 1616 0052 0B       		.uleb128 0xb
 1617 0053 3B       		.uleb128 0x3b
 1618 0054 0B       		.uleb128 0xb
 1619 0055 49       		.uleb128 0x49
ARM GAS  C:\Users\semen\AppData\Local\Temp\cc2DwT99.s 			page 33


 1620 0056 13       		.uleb128 0x13
 1621 0057 38       		.uleb128 0x38
 1622 0058 0B       		.uleb128 0xb
 1623 0059 00       		.byte	0
 1624 005a 00       		.byte	0
 1625 005b 08       		.uleb128 0x8
 1626 005c 01       		.uleb128 0x1
 1627 005d 01       		.byte	0x1
 1628 005e 49       		.uleb128 0x49
 1629 005f 13       		.uleb128 0x13
 1630 0060 01       		.uleb128 0x1
 1631 0061 13       		.uleb128 0x13
 1632 0062 00       		.byte	0
 1633 0063 00       		.byte	0
 1634 0064 09       		.uleb128 0x9
 1635 0065 21       		.uleb128 0x21
 1636 0066 00       		.byte	0
 1637 0067 49       		.uleb128 0x49
 1638 0068 13       		.uleb128 0x13
 1639 0069 2F       		.uleb128 0x2f
 1640 006a 0B       		.uleb128 0xb
 1641 006b 00       		.byte	0
 1642 006c 00       		.byte	0
 1643 006d 0A       		.uleb128 0xa
 1644 006e 2E       		.uleb128 0x2e
 1645 006f 01       		.byte	0x1
 1646 0070 3F       		.uleb128 0x3f
 1647 0071 19       		.uleb128 0x19
 1648 0072 03       		.uleb128 0x3
 1649 0073 0E       		.uleb128 0xe
 1650 0074 3A       		.uleb128 0x3a
 1651 0075 0B       		.uleb128 0xb
 1652 0076 3B       		.uleb128 0x3b
 1653 0077 0B       		.uleb128 0xb
 1654 0078 27       		.uleb128 0x27
 1655 0079 19       		.uleb128 0x19
 1656 007a 11       		.uleb128 0x11
 1657 007b 01       		.uleb128 0x1
 1658 007c 12       		.uleb128 0x12
 1659 007d 06       		.uleb128 0x6
 1660 007e 40       		.uleb128 0x40
 1661 007f 18       		.uleb128 0x18
 1662 0080 9642     		.uleb128 0x2116
 1663 0082 19       		.uleb128 0x19
 1664 0083 01       		.uleb128 0x1
 1665 0084 13       		.uleb128 0x13
 1666 0085 00       		.byte	0
 1667 0086 00       		.byte	0
 1668 0087 0B       		.uleb128 0xb
 1669 0088 2E       		.uleb128 0x2e
 1670 0089 01       		.byte	0x1
 1671 008a 3F       		.uleb128 0x3f
 1672 008b 19       		.uleb128 0x19
 1673 008c 03       		.uleb128 0x3
 1674 008d 0E       		.uleb128 0xe
 1675 008e 3A       		.uleb128 0x3a
 1676 008f 0B       		.uleb128 0xb
ARM GAS  C:\Users\semen\AppData\Local\Temp\cc2DwT99.s 			page 34


 1677 0090 3B       		.uleb128 0x3b
 1678 0091 0B       		.uleb128 0xb
 1679 0092 49       		.uleb128 0x49
 1680 0093 13       		.uleb128 0x13
 1681 0094 3C       		.uleb128 0x3c
 1682 0095 19       		.uleb128 0x19
 1683 0096 01       		.uleb128 0x1
 1684 0097 13       		.uleb128 0x13
 1685 0098 00       		.byte	0
 1686 0099 00       		.byte	0
 1687 009a 0C       		.uleb128 0xc
 1688 009b 18       		.uleb128 0x18
 1689 009c 00       		.byte	0
 1690 009d 00       		.byte	0
 1691 009e 00       		.byte	0
 1692 009f 0D       		.uleb128 0xd
 1693 00a0 2E       		.uleb128 0x2e
 1694 00a1 01       		.byte	0x1
 1695 00a2 3F       		.uleb128 0x3f
 1696 00a3 19       		.uleb128 0x19
 1697 00a4 03       		.uleb128 0x3
 1698 00a5 0E       		.uleb128 0xe
 1699 00a6 3A       		.uleb128 0x3a
 1700 00a7 0B       		.uleb128 0xb
 1701 00a8 3B       		.uleb128 0x3b
 1702 00a9 0B       		.uleb128 0xb
 1703 00aa 49       		.uleb128 0x49
 1704 00ab 13       		.uleb128 0x13
 1705 00ac 3C       		.uleb128 0x3c
 1706 00ad 19       		.uleb128 0x19
 1707 00ae 00       		.byte	0
 1708 00af 00       		.byte	0
 1709 00b0 0E       		.uleb128 0xe
 1710 00b1 05       		.uleb128 0x5
 1711 00b2 00       		.byte	0
 1712 00b3 03       		.uleb128 0x3
 1713 00b4 0E       		.uleb128 0xe
 1714 00b5 3A       		.uleb128 0x3a
 1715 00b6 0B       		.uleb128 0xb
 1716 00b7 3B       		.uleb128 0x3b
 1717 00b8 0B       		.uleb128 0xb
 1718 00b9 49       		.uleb128 0x49
 1719 00ba 13       		.uleb128 0x13
 1720 00bb 02       		.uleb128 0x2
 1721 00bc 18       		.uleb128 0x18
 1722 00bd 00       		.byte	0
 1723 00be 00       		.byte	0
 1724 00bf 0F       		.uleb128 0xf
 1725 00c0 2E       		.uleb128 0x2e
 1726 00c1 00       		.byte	0
 1727 00c2 3F       		.uleb128 0x3f
 1728 00c3 19       		.uleb128 0x19
 1729 00c4 03       		.uleb128 0x3
 1730 00c5 0E       		.uleb128 0xe
 1731 00c6 3A       		.uleb128 0x3a
 1732 00c7 0B       		.uleb128 0xb
 1733 00c8 3B       		.uleb128 0x3b
ARM GAS  C:\Users\semen\AppData\Local\Temp\cc2DwT99.s 			page 35


 1734 00c9 0B       		.uleb128 0xb
 1735 00ca 27       		.uleb128 0x27
 1736 00cb 19       		.uleb128 0x19
 1737 00cc 11       		.uleb128 0x11
 1738 00cd 01       		.uleb128 0x1
 1739 00ce 12       		.uleb128 0x12
 1740 00cf 06       		.uleb128 0x6
 1741 00d0 40       		.uleb128 0x40
 1742 00d1 18       		.uleb128 0x18
 1743 00d2 9642     		.uleb128 0x2116
 1744 00d4 19       		.uleb128 0x19
 1745 00d5 00       		.byte	0
 1746 00d6 00       		.byte	0
 1747 00d7 10       		.uleb128 0x10
 1748 00d8 05       		.uleb128 0x5
 1749 00d9 00       		.byte	0
 1750 00da 03       		.uleb128 0x3
 1751 00db 08       		.uleb128 0x8
 1752 00dc 3A       		.uleb128 0x3a
 1753 00dd 0B       		.uleb128 0xb
 1754 00de 3B       		.uleb128 0x3b
 1755 00df 0B       		.uleb128 0xb
 1756 00e0 49       		.uleb128 0x49
 1757 00e1 13       		.uleb128 0x13
 1758 00e2 02       		.uleb128 0x2
 1759 00e3 18       		.uleb128 0x18
 1760 00e4 00       		.byte	0
 1761 00e5 00       		.byte	0
 1762 00e6 11       		.uleb128 0x11
 1763 00e7 0B       		.uleb128 0xb
 1764 00e8 01       		.byte	0x1
 1765 00e9 11       		.uleb128 0x11
 1766 00ea 01       		.uleb128 0x1
 1767 00eb 12       		.uleb128 0x12
 1768 00ec 06       		.uleb128 0x6
 1769 00ed 00       		.byte	0
 1770 00ee 00       		.byte	0
 1771 00ef 12       		.uleb128 0x12
 1772 00f0 34       		.uleb128 0x34
 1773 00f1 00       		.byte	0
 1774 00f2 03       		.uleb128 0x3
 1775 00f3 08       		.uleb128 0x8
 1776 00f4 3A       		.uleb128 0x3a
 1777 00f5 0B       		.uleb128 0xb
 1778 00f6 3B       		.uleb128 0x3b
 1779 00f7 0B       		.uleb128 0xb
 1780 00f8 49       		.uleb128 0x49
 1781 00f9 13       		.uleb128 0x13
 1782 00fa 02       		.uleb128 0x2
 1783 00fb 18       		.uleb128 0x18
 1784 00fc 00       		.byte	0
 1785 00fd 00       		.byte	0
 1786 00fe 13       		.uleb128 0x13
 1787 00ff 34       		.uleb128 0x34
 1788 0100 00       		.byte	0
 1789 0101 03       		.uleb128 0x3
 1790 0102 0E       		.uleb128 0xe
ARM GAS  C:\Users\semen\AppData\Local\Temp\cc2DwT99.s 			page 36


 1791 0103 3A       		.uleb128 0x3a
 1792 0104 0B       		.uleb128 0xb
 1793 0105 3B       		.uleb128 0x3b
 1794 0106 0B       		.uleb128 0xb
 1795 0107 49       		.uleb128 0x49
 1796 0108 13       		.uleb128 0x13
 1797 0109 02       		.uleb128 0x2
 1798 010a 18       		.uleb128 0x18
 1799 010b 00       		.byte	0
 1800 010c 00       		.byte	0
 1801 010d 14       		.uleb128 0x14
 1802 010e 2E       		.uleb128 0x2e
 1803 010f 01       		.byte	0x1
 1804 0110 3F       		.uleb128 0x3f
 1805 0111 19       		.uleb128 0x19
 1806 0112 03       		.uleb128 0x3
 1807 0113 0E       		.uleb128 0xe
 1808 0114 3A       		.uleb128 0x3a
 1809 0115 0B       		.uleb128 0xb
 1810 0116 3B       		.uleb128 0x3b
 1811 0117 0B       		.uleb128 0xb
 1812 0118 11       		.uleb128 0x11
 1813 0119 01       		.uleb128 0x1
 1814 011a 12       		.uleb128 0x12
 1815 011b 06       		.uleb128 0x6
 1816 011c 40       		.uleb128 0x40
 1817 011d 18       		.uleb128 0x18
 1818 011e 9642     		.uleb128 0x2116
 1819 0120 19       		.uleb128 0x19
 1820 0121 01       		.uleb128 0x1
 1821 0122 13       		.uleb128 0x13
 1822 0123 00       		.byte	0
 1823 0124 00       		.byte	0
 1824 0125 15       		.uleb128 0x15
 1825 0126 26       		.uleb128 0x26
 1826 0127 00       		.byte	0
 1827 0128 49       		.uleb128 0x49
 1828 0129 13       		.uleb128 0x13
 1829 012a 00       		.byte	0
 1830 012b 00       		.byte	0
 1831 012c 16       		.uleb128 0x16
 1832 012d 34       		.uleb128 0x34
 1833 012e 00       		.byte	0
 1834 012f 03       		.uleb128 0x3
 1835 0130 0E       		.uleb128 0xe
 1836 0131 3A       		.uleb128 0x3a
 1837 0132 0B       		.uleb128 0xb
 1838 0133 3B       		.uleb128 0x3b
 1839 0134 0B       		.uleb128 0xb
 1840 0135 49       		.uleb128 0x49
 1841 0136 13       		.uleb128 0x13
 1842 0137 3F       		.uleb128 0x3f
 1843 0138 19       		.uleb128 0x19
 1844 0139 3C       		.uleb128 0x3c
 1845 013a 19       		.uleb128 0x19
 1846 013b 00       		.byte	0
 1847 013c 00       		.byte	0
ARM GAS  C:\Users\semen\AppData\Local\Temp\cc2DwT99.s 			page 37


 1848 013d 00       		.byte	0
 1849              		.section	.debug_aranges,"",%progbits
 1850 0000 7C000000 		.4byte	0x7c
 1851 0004 0200     		.2byte	0x2
 1852 0006 00000000 		.4byte	.Ldebug_info0
 1853 000a 04       		.byte	0x4
 1854 000b 00       		.byte	0
 1855 000c 0000     		.2byte	0
 1856 000e 0000     		.2byte	0
 1857 0010 00000000 		.4byte	.LFB1
 1858 0014 2A000000 		.4byte	.LFE1-.LFB1
 1859 0018 00000000 		.4byte	.LFB2
 1860 001c 62000000 		.4byte	.LFE2-.LFB2
 1861 0020 00000000 		.4byte	.LFB3
 1862 0024 42000000 		.4byte	.LFE3-.LFB3
 1863 0028 00000000 		.4byte	.LFB4
 1864 002c 12000000 		.4byte	.LFE4-.LFB4
 1865 0030 00000000 		.4byte	.LFB5
 1866 0034 20000000 		.4byte	.LFE5-.LFB5
 1867 0038 00000000 		.4byte	.LFB6
 1868 003c 20000000 		.4byte	.LFE6-.LFB6
 1869 0040 00000000 		.4byte	.LFB7
 1870 0044 3E000000 		.4byte	.LFE7-.LFB7
 1871 0048 00000000 		.4byte	.LFB8
 1872 004c 66000000 		.4byte	.LFE8-.LFB8
 1873 0050 00000000 		.4byte	.LFB9
 1874 0054 CC000000 		.4byte	.LFE9-.LFB9
 1875 0058 00000000 		.4byte	.LFB10
 1876 005c 5C000000 		.4byte	.LFE10-.LFB10
 1877 0060 00000000 		.4byte	.LFB11
 1878 0064 64000000 		.4byte	.LFE11-.LFB11
 1879 0068 00000000 		.4byte	.LFB12
 1880 006c 8C000000 		.4byte	.LFE12-.LFB12
 1881 0070 00000000 		.4byte	.LFB13
 1882 0074 5A000000 		.4byte	.LFE13-.LFB13
 1883 0078 00000000 		.4byte	0
 1884 007c 00000000 		.4byte	0
 1885              		.section	.debug_ranges,"",%progbits
 1886              	.Ldebug_ranges0:
 1887 0000 00000000 		.4byte	.LFB1
 1888 0004 2A000000 		.4byte	.LFE1
 1889 0008 00000000 		.4byte	.LFB2
 1890 000c 62000000 		.4byte	.LFE2
 1891 0010 00000000 		.4byte	.LFB3
 1892 0014 42000000 		.4byte	.LFE3
 1893 0018 00000000 		.4byte	.LFB4
 1894 001c 12000000 		.4byte	.LFE4
 1895 0020 00000000 		.4byte	.LFB5
 1896 0024 20000000 		.4byte	.LFE5
 1897 0028 00000000 		.4byte	.LFB6
 1898 002c 20000000 		.4byte	.LFE6
 1899 0030 00000000 		.4byte	.LFB7
 1900 0034 3E000000 		.4byte	.LFE7
 1901 0038 00000000 		.4byte	.LFB8
 1902 003c 66000000 		.4byte	.LFE8
 1903 0040 00000000 		.4byte	.LFB9
 1904 0044 CC000000 		.4byte	.LFE9
ARM GAS  C:\Users\semen\AppData\Local\Temp\cc2DwT99.s 			page 38


 1905 0048 00000000 		.4byte	.LFB10
 1906 004c 5C000000 		.4byte	.LFE10
 1907 0050 00000000 		.4byte	.LFB11
 1908 0054 64000000 		.4byte	.LFE11
 1909 0058 00000000 		.4byte	.LFB12
 1910 005c 8C000000 		.4byte	.LFE12
 1911 0060 00000000 		.4byte	.LFB13
 1912 0064 5A000000 		.4byte	.LFE13
 1913 0068 00000000 		.4byte	0
 1914 006c 00000000 		.4byte	0
 1915              		.section	.debug_line,"",%progbits
 1916              	.Ldebug_line0:
 1917 0000 23030000 		.section	.debug_str,"MS",%progbits,1
 1917      02004801 
 1917      00000201 
 1917      FB0E0D00 
 1917      01010101 
 1918              	.LASF47:
 1919 0000 62726169 		.ascii	"braille_table\000"
 1919      6C6C655F 
 1919      7461626C 
 1919      6500
 1920              	.LASF51:
 1921 000e 443A5C55 		.ascii	"D:\\UCU_4th_year\\diploma\\refreshable_braille_devi"
 1921      43555F34 
 1921      74685F79 
 1921      6561725C 
 1921      6469706C 
 1922 003e 63655C52 		.ascii	"ce\\RBD\\Braille_device.cydsn\000"
 1922      42445C42 
 1922      7261696C 
 1922      6C655F64 
 1922      65766963 
 1923              	.LASF9:
 1924 005a 5F5F7569 		.ascii	"__uint8_t\000"
 1924      6E74385F 
 1924      7400
 1925              	.LASF44:
 1926 0064 63686172 		.ascii	"character\000"
 1926      61637465 
 1926      7200
 1927              	.LASF16:
 1928 006e 42726169 		.ascii	"BrailleCell\000"
 1928      6C6C6543 
 1928      656C6C00 
 1929              	.LASF38:
 1930 007a 4C43445F 		.ascii	"LCD_print_braille\000"
 1930      7072696E 
 1930      745F6272 
 1930      61696C6C 
 1930      6500
 1931              	.LASF3:
 1932 008c 73686F72 		.ascii	"short unsigned int\000"
 1932      7420756E 
 1932      7369676E 
 1932      65642069 
 1932      6E7400
ARM GAS  C:\Users\semen\AppData\Local\Temp\cc2DwT99.s 			page 39


 1933              	.LASF43:
 1934 009f 6375725F 		.ascii	"cur_ch\000"
 1934      636800
 1935              	.LASF14:
 1936 00a6 6C656674 		.ascii	"left\000"
 1936      00
 1937              	.LASF23:
 1938 00ab 4C43445F 		.ascii	"LCD_D5_Write\000"
 1938      44355F57 
 1938      72697465 
 1938      00
 1939              	.LASF48:
 1940 00b8 646F7473 		.ascii	"dots\000"
 1940      00
 1941              	.LASF28:
 1942 00bd 64617461 		.ascii	"data\000"
 1942      00
 1943              	.LASF31:
 1944 00c2 4C43445F 		.ascii	"LCD_send_command\000"
 1944      73656E64 
 1944      5F636F6D 
 1944      6D616E64 
 1944      00
 1945              	.LASF1:
 1946 00d3 756E7369 		.ascii	"unsigned char\000"
 1946      676E6564 
 1946      20636861 
 1946      7200
 1947              	.LASF42:
 1948 00e1 4C43445F 		.ascii	"LCD_test_print_braille\000"
 1948      74657374 
 1948      5F707269 
 1948      6E745F62 
 1948      7261696C 
 1949              	.LASF15:
 1950 00f8 72696768 		.ascii	"right\000"
 1950      7400
 1951              	.LASF17:
 1952 00fe 676C7970 		.ascii	"glyphs\000"
 1952      687300
 1953              	.LASF37:
 1954 0105 61646472 		.ascii	"addr\000"
 1954      00
 1955              	.LASF49:
 1956 010a 474E5520 		.ascii	"GNU C11 5.4.1 20160609 (release) [ARM/embedded-5-br"
 1956      43313120 
 1956      352E342E 
 1956      31203230 
 1956      31363036 
 1957 013d 616E6368 		.ascii	"anch revision 237715] -mcpu=cortex-m0 -mthumb -g -O"
 1957      20726576 
 1957      6973696F 
 1957      6E203233 
 1957      37373135 
 1958 0170 30202D66 		.ascii	"0 -ffunction-sections -ffat-lto-objects\000"
 1958      66756E63 
 1958      74696F6E 
ARM GAS  C:\Users\semen\AppData\Local\Temp\cc2DwT99.s 			page 40


 1958      2D736563 
 1958      74696F6E 
 1959              	.LASF53:
 1960 0198 4C43445F 		.ascii	"LCD_braille_char\000"
 1960      62726169 
 1960      6C6C655F 
 1960      63686172 
 1960      00
 1961              	.LASF50:
 1962 01a9 5242445F 		.ascii	"RBD_sources\\LCD.c\000"
 1962      736F7572 
 1962      6365735C 
 1962      4C43442E 
 1962      6300
 1963              	.LASF26:
 1964 01bb 4C43445F 		.ascii	"LCD_D7_Write\000"
 1964      44375F57 
 1964      72697465 
 1964      00
 1965              	.LASF5:
 1966 01c8 6C6F6E67 		.ascii	"long unsigned int\000"
 1966      20756E73 
 1966      69676E65 
 1966      6420696E 
 1966      7400
 1967              	.LASF20:
 1968 01da 4C43445F 		.ascii	"LCD_send_nibble\000"
 1968      73656E64 
 1968      5F6E6962 
 1968      626C6500 
 1969              	.LASF19:
 1970 01ea 4C43445F 		.ascii	"LCD_pulse_enable\000"
 1970      70756C73 
 1970      655F656E 
 1970      61626C65 
 1970      00
 1971              	.LASF25:
 1972 01fb 43794465 		.ascii	"CyDelayUs\000"
 1972      6C617955 
 1972      7300
 1973              	.LASF22:
 1974 0205 4C43445F 		.ascii	"LCD_D4_Write\000"
 1974      44345F57 
 1974      72697465 
 1974      00
 1975              	.LASF45:
 1976 0212 4C43445F 		.ascii	"LCD_init\000"
 1976      696E6974 
 1976      00
 1977              	.LASF8:
 1978 021b 756E7369 		.ascii	"unsigned int\000"
 1978      676E6564 
 1978      20696E74 
 1978      00
 1979              	.LASF18:
 1980 0228 4C43445F 		.ascii	"LCD_Braille_Cell\000"
 1980      42726169 
ARM GAS  C:\Users\semen\AppData\Local\Temp\cc2DwT99.s 			page 41


 1980      6C6C655F 
 1980      43656C6C 
 1980      00
 1981              	.LASF7:
 1982 0239 6C6F6E67 		.ascii	"long long unsigned int\000"
 1982      206C6F6E 
 1982      6720756E 
 1982      7369676E 
 1982      65642069 
 1983              	.LASF10:
 1984 0250 75696E74 		.ascii	"uint8_t\000"
 1984      385F7400 
 1985              	.LASF36:
 1986 0258 6C696E65 		.ascii	"line\000"
 1986      00
 1987              	.LASF29:
 1988 025d 6D6F6465 		.ascii	"mode\000"
 1988      00
 1989              	.LASF40:
 1990 0262 736C6F74 		.ascii	"slot\000"
 1990      00
 1991              	.LASF33:
 1992 0267 4C43445F 		.ascii	"LCD_send_char\000"
 1992      73656E64 
 1992      5F636861 
 1992      7200
 1993              	.LASF12:
 1994 0275 73697A65 		.ascii	"sizetype\000"
 1994      74797065 
 1994      00
 1995              	.LASF6:
 1996 027e 6C6F6E67 		.ascii	"long long int\000"
 1996      206C6F6E 
 1996      6720696E 
 1996      7400
 1997              	.LASF52:
 1998 028c 4C43445F 		.ascii	"LCD_clear\000"
 1998      636C6561 
 1998      7200
 1999              	.LASF27:
 2000 0296 4C43445F 		.ascii	"LCD_send_byte\000"
 2000      73656E64 
 2000      5F627974 
 2000      6500
 2001              	.LASF39:
 2002 02a4 676C7970 		.ascii	"glyph\000"
 2002      6800
 2003              	.LASF2:
 2004 02aa 73686F72 		.ascii	"short int\000"
 2004      7420696E 
 2004      7400
 2005              	.LASF41:
 2006 02b4 4C43445F 		.ascii	"LCD_init_braille\000"
 2006      696E6974 
 2006      5F627261 
 2006      696C6C65 
 2006      00
ARM GAS  C:\Users\semen\AppData\Local\Temp\cc2DwT99.s 			page 42


 2007              	.LASF34:
 2008 02c5 4C43445F 		.ascii	"LCD_print_string\000"
 2008      7072696E 
 2008      745F7374 
 2008      72696E67 
 2008      00
 2009              	.LASF32:
 2010 02d6 636F6D6D 		.ascii	"command\000"
 2010      616E6400 
 2011              	.LASF4:
 2012 02de 6C6F6E67 		.ascii	"long int\000"
 2012      20696E74 
 2012      00
 2013              	.LASF13:
 2014 02e7 63686172 		.ascii	"char\000"
 2014      00
 2015              	.LASF35:
 2016 02ec 4C43445F 		.ascii	"LCD_set_cursor\000"
 2016      7365745F 
 2016      63757273 
 2016      6F7200
 2017              	.LASF11:
 2018 02fb 6C6F6E67 		.ascii	"long double\000"
 2018      20646F75 
 2018      626C6500 
 2019              	.LASF0:
 2020 0307 7369676E 		.ascii	"signed char\000"
 2020      65642063 
 2020      68617200 
 2021              	.LASF30:
 2022 0313 4C43445F 		.ascii	"LCD_RS_Write\000"
 2022      52535F57 
 2022      72697465 
 2022      00
 2023              	.LASF46:
 2024 0320 43794465 		.ascii	"CyDelay\000"
 2024      6C617900 
 2025              	.LASF24:
 2026 0328 4C43445F 		.ascii	"LCD_D6_Write\000"
 2026      44365F57 
 2026      72697465 
 2026      00
 2027              	.LASF21:
 2028 0335 4C43445F 		.ascii	"LCD_E_Write\000"
 2028      455F5772 
 2028      69746500 
 2029              		.ident	"GCC: (GNU Tools for ARM Embedded Processors) 5.4.1 20160609 (release) [ARM/embedded-5-bran
