ARM GAS  C:\Users\semen\AppData\Local\Temp\cclNCCmE.s 			page 1


   1              		.syntax unified
   2              		.cpu cortex-m0
   3              		.fpu softvfp
   4              		.eabi_attribute 20, 1
   5              		.eabi_attribute 21, 1
   6              		.eabi_attribute 23, 3
   7              		.eabi_attribute 24, 1
   8              		.eabi_attribute 25, 1
   9              		.eabi_attribute 26, 1
  10              		.eabi_attribute 30, 6
  11              		.eabi_attribute 34, 0
  12              		.eabi_attribute 18, 4
  13              		.thumb
  14              		.syntax unified
  15              		.file	"main.c"
  16              		.text
  17              	.Ltext0:
  18              		.cfi_sections	.debug_frame
  19              		.section	.rodata
  20              		.align	2
  21              	.LC0:
  22 0000 48656C6C 		.ascii	"Hello\000"
  22      6F00
  23              		.section	.text.main,"ax",%progbits
  24              		.align	2
  25              		.global	main
  26              		.code	16
  27              		.thumb_func
  28              		.type	main, %function
  29              	main:
  30              	.LFB35:
  31              		.file 1 "main.c"
   1:main.c        **** /*******************************************************************************
   2:main.c        **** * File Name: main.c  
   3:main.c        **** * Version 1.11
   4:main.c        **** *
   5:main.c        **** * Description:
   6:main.c        **** *  Contains the main.c function.
   7:main.c        **** *
   8:main.c        **** *
   9:main.c        **** *******************************************************************************
  10:main.c        **** * Copyright 2013-2020, Cypress Semiconductor Corporation.  All rights reserved.
  11:main.c        **** * You may use this file only in accordance with the license, terms, conditions, 
  12:main.c        **** * disclaimers, and limitations in the end user license agreement accompanying 
  13:main.c        **** * the software package with which this file was provided.
  14:main.c        **** ********************************************************************************/
  15:main.c        **** 
  16:main.c        **** #include <project.h>
  17:main.c        **** 
  18:main.c        **** int main()
  19:main.c        **** {
  32              		.loc 1 19 0
  33              		.cfi_startproc
  34              		@ args = 0, pretend = 0, frame = 0
  35              		@ frame_needed = 1, uses_anonymous_args = 0
  36 0000 80B5     		push	{r7, lr}
  37              		.cfi_def_cfa_offset 8
ARM GAS  C:\Users\semen\AppData\Local\Temp\cclNCCmE.s 			page 2


  38              		.cfi_offset 7, -8
  39              		.cfi_offset 14, -4
  40 0002 00AF     		add	r7, sp, #0
  41              		.cfi_def_cfa_register 7
  20:main.c        **** 
  21:main.c        ****     CyGlobalIntEnable;  // Enable global interrupts if needed
  42              		.loc 1 21 0
  43              		.syntax divided
  44              	@ 21 "main.c" 1
  45 0004 62B6     		CPSIE   i
  46              	@ 0 "" 2
  22:main.c        **** 
  23:main.c        ****     //CyDelay(100);
  24:main.c        ****     // Initialize the LCD
  25:main.c        **** LCD_Char_1_Start();
  47              		.loc 1 25 0
  48              		.thumb
  49              		.syntax unified
  50 0006 FFF7FEFF 		bl	LCD_Char_1_Start
  51              	.L2:
  26:main.c        **** 
  27:main.c        ****     // Wait until LCD is ready (poll internally)
  28:main.c        ****     //RED_LED_Write(1);  // Turn on LED (assuming active-high)
  29:main.c        ****     //LCD_Char_1_IsReady();
  30:main.c        **** 
  31:main.c        ****     //CyDelay(100);
  32:main.c        ****     // Indicate LCD is ready using LED
  33:main.c        ****     //RED_LED_Write(0);  // Turn on LED (assuming active-high)
  34:main.c        ****     //BLUE_LED_Write(1);  // Turn on LED (assuming active-high)
  35:main.c        ****     // Or, if you have RGB LED: 
  36:main.c        ****     // RED_LED_Write(1);   // turn red on
  37:main.c        ****     // GREEN_LED_Write(0); // turn green off, etc.
  38:main.c        **** 
  39:main.c        **** 
  40:main.c        ****     // Print "Hello World" to the screen
  41:main.c        ****     //LCD_Char_1_PrintString("Hello World");
  42:main.c        **** 
  43:main.c        ****     /*LCD_Char_1_Start();
  44:main.c        ****     LCD_Char_1_Init();
  45:main.c        ****     
  46:main.c        ****     LCD_Char_1_DisplayOn();
  47:main.c        ****     
  48:main.c        ****     LCD_Char_1_ClearDisplay();
  49:main.c        ****     LCD_Char_1_Position(0,0);
  50:main.c        ****     LCD_Char_1_PrintString("Hello World");*/
  51:main.c        ****     
  52:main.c        ****     /*MOTOR_1_DIR_Write(0);
  53:main.c        ****     
  54:main.c        ****     for(int i=0; i<6400; i++){
  55:main.c        ****         MOTOR_1_STEP_Write(1);
  56:main.c        ****         CyDelay(1);
  57:main.c        ****         MOTOR_1_STEP_Write(0);
  58:main.c        ****     }*/
  59:main.c        ****     
  60:main.c        ****     
  61:main.c        ****     
  62:main.c        ****     /*MOTOR_2_DIR_Write(0);
ARM GAS  C:\Users\semen\AppData\Local\Temp\cclNCCmE.s 			page 3


  63:main.c        ****     
  64:main.c        ****     for(int i=0; i<6400; i++){
  65:main.c        ****         MOTOR_2_STEP_Write(1);
  66:main.c        ****         CyDelay(1);
  67:main.c        ****         MOTOR_2_STEP_Write(0);
  68:main.c        ****     }*/
  69:main.c        ****     
  70:main.c        ****     /*MOTOR_1_DIR_Write(1);
  71:main.c        ****     
  72:main.c        ****     for(int j=0; j<4; j++){
  73:main.c        ****         
  74:main.c        ****         for(int i=0; i<6400; i++){
  75:main.c        ****             MOTOR_1_STEP_Write(1);
  76:main.c        ****             CyDelay(1);
  77:main.c        ****             MOTOR_1_STEP_Write(0);
  78:main.c        ****         }
  79:main.c        ****     }*/
  80:main.c        ****     
  81:main.c        ****     
  82:main.c        ****     for(;;){
  83:main.c        ****         LCD_Char_1_Position(0,0);
  52              		.loc 1 83 0 discriminator 1
  53 000a 0021     		movs	r1, #0
  54 000c 0020     		movs	r0, #0
  55 000e FFF7FEFF 		bl	LCD_Char_1_Position
  84:main.c        ****         LCD_Char_1_PrintString("Hello");
  56              		.loc 1 84 0 discriminator 1
  57 0012 094B     		ldr	r3, .L3
  58 0014 1800     		movs	r0, r3
  59 0016 FFF7FEFF 		bl	LCD_Char_1_PrintString
  85:main.c        ****         CyDelay(1000);
  60              		.loc 1 85 0 discriminator 1
  61 001a FA23     		movs	r3, #250
  62 001c 9B00     		lsls	r3, r3, #2
  63 001e 1800     		movs	r0, r3
  64 0020 FFF7FEFF 		bl	CyDelay
  86:main.c        ****         LCD_Char_1_ClearDisplay();
  65              		.loc 1 86 0 discriminator 1
  66 0024 0120     		movs	r0, #1
  67 0026 FFF7FEFF 		bl	LCD_Char_1_WriteControl
  87:main.c        ****         CyDelay(1000);
  68              		.loc 1 87 0 discriminator 1
  69 002a FA23     		movs	r3, #250
  70 002c 9B00     		lsls	r3, r3, #2
  71 002e 1800     		movs	r0, r3
  72 0030 FFF7FEFF 		bl	CyDelay
  88:main.c        ****     }
  73              		.loc 1 88 0 discriminator 1
  74 0034 E9E7     		b	.L2
  75              	.L4:
  76 0036 C046     		.align	2
  77              	.L3:
  78 0038 00000000 		.word	.LC0
  79              		.cfi_endproc
  80              	.LFE35:
  81              		.size	main, .-main
  82              		.text
ARM GAS  C:\Users\semen\AppData\Local\Temp\cclNCCmE.s 			page 4


  83              	.Letext0:
  84              		.section	.debug_info,"",%progbits
  85              	.Ldebug_info0:
  86 0000 A0000000 		.4byte	0xa0
  87 0004 0400     		.2byte	0x4
  88 0006 00000000 		.4byte	.Ldebug_abbrev0
  89 000a 04       		.byte	0x4
  90 000b 01       		.uleb128 0x1
  91 000c DF000000 		.4byte	.LASF14
  92 0010 0C       		.byte	0xc
  93 0011 1B000000 		.4byte	.LASF15
  94 0015 A4000000 		.4byte	.LASF16
  95 0019 00000000 		.4byte	.Ldebug_ranges0+0
  96 001d 00000000 		.4byte	0
  97 0021 00000000 		.4byte	.Ldebug_line0
  98 0025 02       		.uleb128 0x2
  99 0026 01       		.byte	0x1
 100 0027 06       		.byte	0x6
 101 0028 8C000000 		.4byte	.LASF0
 102 002c 02       		.uleb128 0x2
 103 002d 01       		.byte	0x1
 104 002e 08       		.byte	0x8
 105 002f 56000000 		.4byte	.LASF1
 106 0033 02       		.uleb128 0x2
 107 0034 02       		.byte	0x2
 108 0035 05       		.byte	0x5
 109 0036 D5000000 		.4byte	.LASF2
 110 003a 02       		.uleb128 0x2
 111 003b 02       		.byte	0x2
 112 003c 07       		.byte	0x7
 113 003d 79000000 		.4byte	.LASF3
 114 0041 02       		.uleb128 0x2
 115 0042 04       		.byte	0x4
 116 0043 05       		.byte	0x5
 117 0044 69000000 		.4byte	.LASF4
 118 0048 02       		.uleb128 0x2
 119 0049 04       		.byte	0x4
 120 004a 07       		.byte	0x7
 121 004b 27000000 		.4byte	.LASF5
 122 004f 02       		.uleb128 0x2
 123 0050 08       		.byte	0x8
 124 0051 05       		.byte	0x5
 125 0052 00000000 		.4byte	.LASF6
 126 0056 02       		.uleb128 0x2
 127 0057 08       		.byte	0x8
 128 0058 07       		.byte	0x7
 129 0059 39000000 		.4byte	.LASF7
 130 005d 03       		.uleb128 0x3
 131 005e 04       		.byte	0x4
 132 005f 05       		.byte	0x5
 133 0060 696E7400 		.ascii	"int\000"
 134 0064 02       		.uleb128 0x2
 135 0065 04       		.byte	0x4
 136 0066 07       		.byte	0x7
 137 0067 0E000000 		.4byte	.LASF8
 138 006b 02       		.uleb128 0x2
 139 006c 04       		.byte	0x4
ARM GAS  C:\Users\semen\AppData\Local\Temp\cclNCCmE.s 			page 5


 140 006d 04       		.byte	0x4
 141 006e 50000000 		.4byte	.LASF9
 142 0072 02       		.uleb128 0x2
 143 0073 08       		.byte	0x8
 144 0074 04       		.byte	0x4
 145 0075 72000000 		.4byte	.LASF10
 146 0079 02       		.uleb128 0x2
 147 007a 01       		.byte	0x1
 148 007b 08       		.byte	0x8
 149 007c 64000000 		.4byte	.LASF11
 150 0080 02       		.uleb128 0x2
 151 0081 04       		.byte	0x4
 152 0082 07       		.byte	0x7
 153 0083 6D010000 		.4byte	.LASF12
 154 0087 02       		.uleb128 0x2
 155 0088 08       		.byte	0x8
 156 0089 04       		.byte	0x4
 157 008a 98000000 		.4byte	.LASF13
 158 008e 04       		.uleb128 0x4
 159 008f 22000000 		.4byte	.LASF17
 160 0093 01       		.byte	0x1
 161 0094 12       		.byte	0x12
 162 0095 5D000000 		.4byte	0x5d
 163 0099 00000000 		.4byte	.LFB35
 164 009d 3C000000 		.4byte	.LFE35-.LFB35
 165 00a1 01       		.uleb128 0x1
 166 00a2 9C       		.byte	0x9c
 167 00a3 00       		.byte	0
 168              		.section	.debug_abbrev,"",%progbits
 169              	.Ldebug_abbrev0:
 170 0000 01       		.uleb128 0x1
 171 0001 11       		.uleb128 0x11
 172 0002 01       		.byte	0x1
 173 0003 25       		.uleb128 0x25
 174 0004 0E       		.uleb128 0xe
 175 0005 13       		.uleb128 0x13
 176 0006 0B       		.uleb128 0xb
 177 0007 03       		.uleb128 0x3
 178 0008 0E       		.uleb128 0xe
 179 0009 1B       		.uleb128 0x1b
 180 000a 0E       		.uleb128 0xe
 181 000b 55       		.uleb128 0x55
 182 000c 17       		.uleb128 0x17
 183 000d 11       		.uleb128 0x11
 184 000e 01       		.uleb128 0x1
 185 000f 10       		.uleb128 0x10
 186 0010 17       		.uleb128 0x17
 187 0011 00       		.byte	0
 188 0012 00       		.byte	0
 189 0013 02       		.uleb128 0x2
 190 0014 24       		.uleb128 0x24
 191 0015 00       		.byte	0
 192 0016 0B       		.uleb128 0xb
 193 0017 0B       		.uleb128 0xb
 194 0018 3E       		.uleb128 0x3e
 195 0019 0B       		.uleb128 0xb
 196 001a 03       		.uleb128 0x3
ARM GAS  C:\Users\semen\AppData\Local\Temp\cclNCCmE.s 			page 6


 197 001b 0E       		.uleb128 0xe
 198 001c 00       		.byte	0
 199 001d 00       		.byte	0
 200 001e 03       		.uleb128 0x3
 201 001f 24       		.uleb128 0x24
 202 0020 00       		.byte	0
 203 0021 0B       		.uleb128 0xb
 204 0022 0B       		.uleb128 0xb
 205 0023 3E       		.uleb128 0x3e
 206 0024 0B       		.uleb128 0xb
 207 0025 03       		.uleb128 0x3
 208 0026 08       		.uleb128 0x8
 209 0027 00       		.byte	0
 210 0028 00       		.byte	0
 211 0029 04       		.uleb128 0x4
 212 002a 2E       		.uleb128 0x2e
 213 002b 00       		.byte	0
 214 002c 3F       		.uleb128 0x3f
 215 002d 19       		.uleb128 0x19
 216 002e 03       		.uleb128 0x3
 217 002f 0E       		.uleb128 0xe
 218 0030 3A       		.uleb128 0x3a
 219 0031 0B       		.uleb128 0xb
 220 0032 3B       		.uleb128 0x3b
 221 0033 0B       		.uleb128 0xb
 222 0034 49       		.uleb128 0x49
 223 0035 13       		.uleb128 0x13
 224 0036 11       		.uleb128 0x11
 225 0037 01       		.uleb128 0x1
 226 0038 12       		.uleb128 0x12
 227 0039 06       		.uleb128 0x6
 228 003a 40       		.uleb128 0x40
 229 003b 18       		.uleb128 0x18
 230 003c 9642     		.uleb128 0x2116
 231 003e 19       		.uleb128 0x19
 232 003f 00       		.byte	0
 233 0040 00       		.byte	0
 234 0041 00       		.byte	0
 235              		.section	.debug_aranges,"",%progbits
 236 0000 1C000000 		.4byte	0x1c
 237 0004 0200     		.2byte	0x2
 238 0006 00000000 		.4byte	.Ldebug_info0
 239 000a 04       		.byte	0x4
 240 000b 00       		.byte	0
 241 000c 0000     		.2byte	0
 242 000e 0000     		.2byte	0
 243 0010 00000000 		.4byte	.LFB35
 244 0014 3C000000 		.4byte	.LFE35-.LFB35
 245 0018 00000000 		.4byte	0
 246 001c 00000000 		.4byte	0
 247              		.section	.debug_ranges,"",%progbits
 248              	.Ldebug_ranges0:
 249 0000 00000000 		.4byte	.LFB35
 250 0004 3C000000 		.4byte	.LFE35
 251 0008 00000000 		.4byte	0
 252 000c 00000000 		.4byte	0
 253              		.section	.debug_line,"",%progbits
ARM GAS  C:\Users\semen\AppData\Local\Temp\cclNCCmE.s 			page 7


 254              	.Ldebug_line0:
 255 0000 54000000 		.section	.debug_str,"MS",%progbits,1
 255      02001D00 
 255      00000201 
 255      FB0E0D00 
 255      01010101 
 256              	.LASF6:
 257 0000 6C6F6E67 		.ascii	"long long int\000"
 257      206C6F6E 
 257      6720696E 
 257      7400
 258              	.LASF8:
 259 000e 756E7369 		.ascii	"unsigned int\000"
 259      676E6564 
 259      20696E74 
 259      00
 260              	.LASF15:
 261 001b 6D61696E 		.ascii	"main.c\000"
 261      2E6300
 262              	.LASF17:
 263 0022 6D61696E 		.ascii	"main\000"
 263      00
 264              	.LASF5:
 265 0027 6C6F6E67 		.ascii	"long unsigned int\000"
 265      20756E73 
 265      69676E65 
 265      6420696E 
 265      7400
 266              	.LASF7:
 267 0039 6C6F6E67 		.ascii	"long long unsigned int\000"
 267      206C6F6E 
 267      6720756E 
 267      7369676E 
 267      65642069 
 268              	.LASF9:
 269 0050 666C6F61 		.ascii	"float\000"
 269      7400
 270              	.LASF1:
 271 0056 756E7369 		.ascii	"unsigned char\000"
 271      676E6564 
 271      20636861 
 271      7200
 272              	.LASF11:
 273 0064 63686172 		.ascii	"char\000"
 273      00
 274              	.LASF4:
 275 0069 6C6F6E67 		.ascii	"long int\000"
 275      20696E74 
 275      00
 276              	.LASF10:
 277 0072 646F7562 		.ascii	"double\000"
 277      6C6500
 278              	.LASF3:
 279 0079 73686F72 		.ascii	"short unsigned int\000"
 279      7420756E 
 279      7369676E 
 279      65642069 
ARM GAS  C:\Users\semen\AppData\Local\Temp\cclNCCmE.s 			page 8


 279      6E7400
 280              	.LASF0:
 281 008c 7369676E 		.ascii	"signed char\000"
 281      65642063 
 281      68617200 
 282              	.LASF13:
 283 0098 6C6F6E67 		.ascii	"long double\000"
 283      20646F75 
 283      626C6500 
 284              	.LASF16:
 285 00a4 443A5C55 		.ascii	"D:\\UCU_4th_year\\diploma\\RBD\\Braille_device.cyds"
 285      43555F34 
 285      74685F79 
 285      6561725C 
 285      6469706C 
 286 00d3 6E00     		.ascii	"n\000"
 287              	.LASF2:
 288 00d5 73686F72 		.ascii	"short int\000"
 288      7420696E 
 288      7400
 289              	.LASF14:
 290 00df 474E5520 		.ascii	"GNU C11 5.4.1 20160609 (release) [ARM/embedded-5-br"
 290      43313120 
 290      352E342E 
 290      31203230 
 290      31363036 
 291 0112 616E6368 		.ascii	"anch revision 237715] -mcpu=cortex-m0 -mthumb -g -O"
 291      20726576 
 291      6973696F 
 291      6E203233 
 291      37373135 
 292 0145 30202D66 		.ascii	"0 -ffunction-sections -ffat-lto-objects\000"
 292      66756E63 
 292      74696F6E 
 292      2D736563 
 292      74696F6E 
 293              	.LASF12:
 294 016d 73697A65 		.ascii	"sizetype\000"
 294      74797065 
 294      00
 295              		.ident	"GCC: (GNU Tools for ARM Embedded Processors) 5.4.1 20160609 (release) [ARM/embedded-5-bran
