ARM GAS  C:\Users\semen\AppData\Local\Temp\ccvra229.s 			page 1


   1              		.syntax unified
   2              		.cpu cortex-m0
   3              		.fpu softvfp
   4              		.eabi_attribute 20, 1
   5              		.eabi_attribute 21, 1
   6              		.eabi_attribute 23, 3
   7              		.eabi_attribute 24, 1
   8              		.eabi_attribute 25, 1
   9              		.eabi_attribute 26, 1
  10              		.eabi_attribute 30, 6
  11              		.eabi_attribute 34, 0
  12              		.eabi_attribute 18, 4
  13              		.thumb
  14              		.syntax unified
  15              		.file	"motor_controller.c"
  16              		.text
  17              	.Ltext0:
  18              		.cfi_sections	.debug_frame
  19              		.global	rail_cell_pos
  20              		.bss
  21              		.align	2
  22              		.type	rail_cell_pos, %object
  23              		.size	rail_cell_pos, 60
  24              	rail_cell_pos:
  25 0000 00000000 		.space	60
  25      00000000 
  25      00000000 
  25      00000000 
  25      00000000 
  26              		.global	Motors
  27              		.align	2
  28              		.type	Motors, %object
  29              		.size	Motors, 2
  30              	Motors:
  31 003c 0000     		.space	2
  32              		.section	.text.MotorController_Init,"ax",%progbits
  33              		.align	2
  34              		.global	MotorController_Init
  35              		.code	16
  36              		.thumb_func
  37              		.type	MotorController_Init, %function
  38              	MotorController_Init:
  39              	.LFB0:
  40              		.file 1 "RBD_sources\\motor_controller.c"
   1:RBD_sources/motor_controller.c **** /* ========================================
   2:RBD_sources/motor_controller.c ****  *
   3:RBD_sources/motor_controller.c ****  * Copyright YOUR COMPANY, THE YEAR
   4:RBD_sources/motor_controller.c ****  * All Rights Reserved
   5:RBD_sources/motor_controller.c ****  * UNPUBLISHED, LICENSED SOFTWARE.
   6:RBD_sources/motor_controller.c ****  *
   7:RBD_sources/motor_controller.c ****  * CONFIDENTIAL AND PROPRIETARY INFORMATION
   8:RBD_sources/motor_controller.c ****  * WHICH IS THE PROPERTY OF your company.
   9:RBD_sources/motor_controller.c ****  *
  10:RBD_sources/motor_controller.c ****  * ========================================
  11:RBD_sources/motor_controller.c **** */
  12:RBD_sources/motor_controller.c **** 
  13:RBD_sources/motor_controller.c ****     #include <motor_controller.h>
ARM GAS  C:\Users\semen\AppData\Local\Temp\ccvra229.s 			page 2


  14:RBD_sources/motor_controller.c ****     #include <math.h>
  15:RBD_sources/motor_controller.c ****     #include <ctype.h>
  16:RBD_sources/motor_controller.c ****     #include <stdbool.h>
  17:RBD_sources/motor_controller.c ****     
  18:RBD_sources/motor_controller.c ****     uint8_t rail_cell_pos[60] = {}; /*array to save current rail positions*/
  19:RBD_sources/motor_controller.c ****     MotorController Motors = {0, 0};
  20:RBD_sources/motor_controller.c **** 
  21:RBD_sources/motor_controller.c **** // Create an instance (optional global)
  22:RBD_sources/motor_controller.c ****     void MotorController_Init(MotorController* motor)
  23:RBD_sources/motor_controller.c ****     {
  41              		.loc 1 23 0
  42              		.cfi_startproc
  43              		@ args = 0, pretend = 0, frame = 16
  44              		@ frame_needed = 1, uses_anonymous_args = 0
  45 0000 80B5     		push	{r7, lr}
  46              		.cfi_def_cfa_offset 8
  47              		.cfi_offset 7, -8
  48              		.cfi_offset 14, -4
  49 0002 84B0     		sub	sp, sp, #16
  50              		.cfi_def_cfa_offset 24
  51 0004 00AF     		add	r7, sp, #0
  52              		.cfi_def_cfa_register 7
  53 0006 7860     		str	r0, [r7, #4]
  24:RBD_sources/motor_controller.c **** 
  25:RBD_sources/motor_controller.c ****         motor->rail_pos=0;
  54              		.loc 1 25 0
  55 0008 7B68     		ldr	r3, [r7, #4]
  56 000a 0022     		movs	r2, #0
  57 000c 1A70     		strb	r2, [r3]
  26:RBD_sources/motor_controller.c ****         motor->cell_pos=0;
  58              		.loc 1 26 0
  59 000e 7B68     		ldr	r3, [r7, #4]
  60 0010 0022     		movs	r2, #0
  61 0012 5A70     		strb	r2, [r3, #1]
  62              	.LBB2:
  27:RBD_sources/motor_controller.c ****         for (int i = 0; i<60; i++){
  63              		.loc 1 27 0
  64 0014 0023     		movs	r3, #0
  65 0016 FB60     		str	r3, [r7, #12]
  66 0018 07E0     		b	.L2
  67              	.L3:
  28:RBD_sources/motor_controller.c ****             rail_cell_pos[i] = 0;
  68              		.loc 1 28 0 discriminator 3
  69 001a 074A     		ldr	r2, .L4
  70 001c FB68     		ldr	r3, [r7, #12]
  71 001e D318     		adds	r3, r2, r3
  72 0020 0022     		movs	r2, #0
  73 0022 1A70     		strb	r2, [r3]
  27:RBD_sources/motor_controller.c ****         for (int i = 0; i<60; i++){
  74              		.loc 1 27 0 discriminator 3
  75 0024 FB68     		ldr	r3, [r7, #12]
  76 0026 0133     		adds	r3, r3, #1
  77 0028 FB60     		str	r3, [r7, #12]
  78              	.L2:
  27:RBD_sources/motor_controller.c ****         for (int i = 0; i<60; i++){
  79              		.loc 1 27 0 is_stmt 0 discriminator 1
  80 002a FB68     		ldr	r3, [r7, #12]
ARM GAS  C:\Users\semen\AppData\Local\Temp\ccvra229.s 			page 3


  81 002c 3B2B     		cmp	r3, #59
  82 002e F4DD     		ble	.L3
  83              	.LBE2:
  29:RBD_sources/motor_controller.c ****         }
  30:RBD_sources/motor_controller.c ****     };
  84              		.loc 1 30 0 is_stmt 1
  85 0030 C046     		nop
  86 0032 BD46     		mov	sp, r7
  87 0034 04B0     		add	sp, sp, #16
  88              		@ sp needed
  89 0036 80BD     		pop	{r7, pc}
  90              	.L5:
  91              		.align	2
  92              	.L4:
  93 0038 00000000 		.word	rail_cell_pos
  94              		.cfi_endproc
  95              	.LFE0:
  96              		.size	MotorController_Init, .-MotorController_Init
  97              		.section	.text.MotorController_SetRail,"ax",%progbits
  98              		.align	2
  99              		.global	MotorController_SetRail
 100              		.code	16
 101              		.thumb_func
 102              		.type	MotorController_SetRail, %function
 103              	MotorController_SetRail:
 104              	.LFB1:
  31:RBD_sources/motor_controller.c **** 
  32:RBD_sources/motor_controller.c ****   
  33:RBD_sources/motor_controller.c **** 
  34:RBD_sources/motor_controller.c ****     
  35:RBD_sources/motor_controller.c ****     void MotorController_SetRail(MotorController* motor, uint8_t rail_pos, uint8_t cell_pos){
 105              		.loc 1 35 0
 106              		.cfi_startproc
 107              		@ args = 0, pretend = 0, frame = 8
 108              		@ frame_needed = 1, uses_anonymous_args = 0
 109 0000 80B5     		push	{r7, lr}
 110              		.cfi_def_cfa_offset 8
 111              		.cfi_offset 7, -8
 112              		.cfi_offset 14, -4
 113 0002 82B0     		sub	sp, sp, #8
 114              		.cfi_def_cfa_offset 16
 115 0004 00AF     		add	r7, sp, #0
 116              		.cfi_def_cfa_register 7
 117 0006 7860     		str	r0, [r7, #4]
 118 0008 0800     		movs	r0, r1
 119 000a 1100     		movs	r1, r2
 120 000c FB1C     		adds	r3, r7, #3
 121 000e 021C     		adds	r2, r0, #0
 122 0010 1A70     		strb	r2, [r3]
 123 0012 BB1C     		adds	r3, r7, #2
 124 0014 0A1C     		adds	r2, r1, #0
 125 0016 1A70     		strb	r2, [r3]
  36:RBD_sources/motor_controller.c ****         
  37:RBD_sources/motor_controller.c ****     }; /*choose a rail and then set it's position, uses both functions above*/
 126              		.loc 1 37 0
 127 0018 C046     		nop
 128 001a BD46     		mov	sp, r7
ARM GAS  C:\Users\semen\AppData\Local\Temp\ccvra229.s 			page 4


 129 001c 02B0     		add	sp, sp, #8
 130              		@ sp needed
 131 001e 80BD     		pop	{r7, pc}
 132              		.cfi_endproc
 133              	.LFE1:
 134              		.size	MotorController_SetRail, .-MotorController_SetRail
 135              		.section	.text.MotorController_SetSymbol,"ax",%progbits
 136              		.align	2
 137              		.global	MotorController_SetSymbol
 138              		.code	16
 139              		.thumb_func
 140              		.type	MotorController_SetSymbol, %function
 141              	MotorController_SetSymbol:
 142              	.LFB2:
  38:RBD_sources/motor_controller.c ****     void MotorController_SetSymbol(MotorController* motor, char symbol) {
 143              		.loc 1 38 0
 144              		.cfi_startproc
 145              		@ args = 0, pretend = 0, frame = 16
 146              		@ frame_needed = 1, uses_anonymous_args = 0
 147 0000 80B5     		push	{r7, lr}
 148              		.cfi_def_cfa_offset 8
 149              		.cfi_offset 7, -8
 150              		.cfi_offset 14, -4
 151 0002 84B0     		sub	sp, sp, #16
 152              		.cfi_def_cfa_offset 24
 153 0004 00AF     		add	r7, sp, #0
 154              		.cfi_def_cfa_register 7
 155 0006 7860     		str	r0, [r7, #4]
 156 0008 0A00     		movs	r2, r1
 157 000a FB1C     		adds	r3, r7, #3
 158 000c 1A70     		strb	r2, [r3]
  39:RBD_sources/motor_controller.c ****         if (motor->rail_pos >= 58) { // need 2 rails
 159              		.loc 1 39 0
 160 000e 7B68     		ldr	r3, [r7, #4]
 161 0010 1B78     		ldrb	r3, [r3]
 162 0012 392B     		cmp	r3, #57
 163 0014 32D8     		bhi	.L10
  40:RBD_sources/motor_controller.c ****             return;
  41:RBD_sources/motor_controller.c ****         }
  42:RBD_sources/motor_controller.c **** 
  43:RBD_sources/motor_controller.c ****         MOTORS_EN_Write(0);
 164              		.loc 1 43 0
 165 0016 0020     		movs	r0, #0
 166 0018 FFF7FEFF 		bl	MOTORS_EN_Write
  44:RBD_sources/motor_controller.c **** 
  45:RBD_sources/motor_controller.c ****         uint8_t first  = braille_table[(int)symbol].left;
 167              		.loc 1 45 0
 168 001c FB1C     		adds	r3, r7, #3
 169 001e 1978     		ldrb	r1, [r3]
 170 0020 0F23     		movs	r3, #15
 171 0022 FB18     		adds	r3, r7, r3
 172 0024 174A     		ldr	r2, .L11
 173 0026 4900     		lsls	r1, r1, #1
 174 0028 8A5C     		ldrb	r2, [r1, r2]
 175 002a 1A70     		strb	r2, [r3]
  46:RBD_sources/motor_controller.c ****         uint8_t second = braille_table[(int)symbol].right;
 176              		.loc 1 46 0
ARM GAS  C:\Users\semen\AppData\Local\Temp\ccvra229.s 			page 5


 177 002c FB1C     		adds	r3, r7, #3
 178 002e 1A78     		ldrb	r2, [r3]
 179 0030 0E23     		movs	r3, #14
 180 0032 FB18     		adds	r3, r7, r3
 181 0034 1349     		ldr	r1, .L11
 182 0036 5200     		lsls	r2, r2, #1
 183 0038 8A18     		adds	r2, r1, r2
 184 003a 0132     		adds	r2, r2, #1
 185 003c 1278     		ldrb	r2, [r2]
 186 003e 1A70     		strb	r2, [r3]
  47:RBD_sources/motor_controller.c **** 
  48:RBD_sources/motor_controller.c ****         // First rail
  49:RBD_sources/motor_controller.c ****         MotorController_SetCell(motor, first);
 187              		.loc 1 49 0
 188 0040 0F23     		movs	r3, #15
 189 0042 FB18     		adds	r3, r7, r3
 190 0044 1A78     		ldrb	r2, [r3]
 191 0046 7B68     		ldr	r3, [r7, #4]
 192 0048 1100     		movs	r1, r2
 193 004a 1800     		movs	r0, r3
 194 004c FFF7FEFF 		bl	MotorController_SetCell
  50:RBD_sources/motor_controller.c **** 
  51:RBD_sources/motor_controller.c ****         // Move to second rail (relative move!)
  52:RBD_sources/motor_controller.c ****         MotorController_SetNextRail(motor, 1);
 195              		.loc 1 52 0
 196 0050 7B68     		ldr	r3, [r7, #4]
 197 0052 0121     		movs	r1, #1
 198 0054 1800     		movs	r0, r3
 199 0056 FFF7FEFF 		bl	MotorController_SetNextRail
  53:RBD_sources/motor_controller.c **** 
  54:RBD_sources/motor_controller.c ****         // Second rail
  55:RBD_sources/motor_controller.c ****         MotorController_SetCell(motor, second);
 200              		.loc 1 55 0
 201 005a 0E23     		movs	r3, #14
 202 005c FB18     		adds	r3, r7, r3
 203 005e 1A78     		ldrb	r2, [r3]
 204 0060 7B68     		ldr	r3, [r7, #4]
 205 0062 1100     		movs	r1, r2
 206 0064 1800     		movs	r0, r3
 207 0066 FFF7FEFF 		bl	MotorController_SetCell
  56:RBD_sources/motor_controller.c ****     
  57:RBD_sources/motor_controller.c ****         // Move to next symbol start
  58:RBD_sources/motor_controller.c ****         MotorController_SetNextSymbol(motor, 1);
 208              		.loc 1 58 0
 209 006a 7B68     		ldr	r3, [r7, #4]
 210 006c 0121     		movs	r1, #1
 211 006e 1800     		movs	r0, r3
 212 0070 FFF7FEFF 		bl	MotorController_SetNextSymbol
  59:RBD_sources/motor_controller.c **** 
  60:RBD_sources/motor_controller.c ****         MOTORS_EN_Write(1);
 213              		.loc 1 60 0
 214 0074 0120     		movs	r0, #1
 215 0076 FFF7FEFF 		bl	MOTORS_EN_Write
 216 007a 00E0     		b	.L7
 217              	.L10:
  40:RBD_sources/motor_controller.c ****         }
 218              		.loc 1 40 0
ARM GAS  C:\Users\semen\AppData\Local\Temp\ccvra229.s 			page 6


 219 007c C046     		nop
 220              	.L7:
  61:RBD_sources/motor_controller.c ****     } /*set a symbol, referencing the char to braille table. Uses set rail to set the position of t
 221              		.loc 1 61 0
 222 007e BD46     		mov	sp, r7
 223 0080 04B0     		add	sp, sp, #16
 224              		@ sp needed
 225 0082 80BD     		pop	{r7, pc}
 226              	.L12:
 227              		.align	2
 228              	.L11:
 229 0084 00000000 		.word	braille_table
 230              		.cfi_endproc
 231              	.LFE2:
 232              		.size	MotorController_SetSymbol, .-MotorController_SetSymbol
 233              		.section	.text.MotorController_SetNextSymbol,"ax",%progbits
 234              		.align	2
 235              		.global	MotorController_SetNextSymbol
 236              		.code	16
 237              		.thumb_func
 238              		.type	MotorController_SetNextSymbol, %function
 239              	MotorController_SetNextSymbol:
 240              	.LFB3:
  62:RBD_sources/motor_controller.c **** 
  63:RBD_sources/motor_controller.c ****     void MotorController_SetNextSymbol(MotorController* motor, uint8_t motor_dir){
 241              		.loc 1 63 0
 242              		.cfi_startproc
 243              		@ args = 0, pretend = 0, frame = 16
 244              		@ frame_needed = 1, uses_anonymous_args = 0
 245 0000 80B5     		push	{r7, lr}
 246              		.cfi_def_cfa_offset 8
 247              		.cfi_offset 7, -8
 248              		.cfi_offset 14, -4
 249 0002 84B0     		sub	sp, sp, #16
 250              		.cfi_def_cfa_offset 24
 251 0004 00AF     		add	r7, sp, #0
 252              		.cfi_def_cfa_register 7
 253 0006 7860     		str	r0, [r7, #4]
 254 0008 0A00     		movs	r2, r1
 255 000a FB1C     		adds	r3, r7, #3
 256 000c 1A70     		strb	r2, [r3]
  64:RBD_sources/motor_controller.c ****         MOTORS_EN_Write(0);
 257              		.loc 1 64 0
 258 000e 0020     		movs	r0, #0
 259 0010 FFF7FEFF 		bl	MOTORS_EN_Write
  65:RBD_sources/motor_controller.c ****         MOTOR_1_DIR_Write(motor_dir);        
 260              		.loc 1 65 0
 261 0014 FB1C     		adds	r3, r7, #3
 262 0016 1B78     		ldrb	r3, [r3]
 263 0018 1800     		movs	r0, r3
 264 001a FFF7FEFF 		bl	MOTOR_1_DIR_Write
  66:RBD_sources/motor_controller.c ****        
  67:RBD_sources/motor_controller.c ****         int steps = 656;
 265              		.loc 1 67 0
 266 001e A423     		movs	r3, #164
 267 0020 9B00     		lsls	r3, r3, #2
 268 0022 BB60     		str	r3, [r7, #8]
ARM GAS  C:\Users\semen\AppData\Local\Temp\ccvra229.s 			page 7


 269              	.LBB3:
  68:RBD_sources/motor_controller.c ****         for(int i=0; i<steps; i++){
 270              		.loc 1 68 0
 271 0024 0023     		movs	r3, #0
 272 0026 FB60     		str	r3, [r7, #12]
 273 0028 0DE0     		b	.L14
 274              	.L15:
 275              	.LBB4:
  69:RBD_sources/motor_controller.c ****             MOTOR_1_STEP_Write(1);
 276              		.loc 1 69 0 discriminator 3
 277 002a 0120     		movs	r0, #1
 278 002c FFF7FEFF 		bl	MOTOR_1_STEP_Write
  70:RBD_sources/motor_controller.c ****             CyDelayUs(500);
 279              		.loc 1 70 0 discriminator 3
 280 0030 FA23     		movs	r3, #250
 281 0032 5B00     		lsls	r3, r3, #1
 282 0034 1800     		movs	r0, r3
 283 0036 FFF7FEFF 		bl	CyDelayUs
  71:RBD_sources/motor_controller.c ****             MOTOR_1_STEP_Write(0);
 284              		.loc 1 71 0 discriminator 3
 285 003a 0020     		movs	r0, #0
 286 003c FFF7FEFF 		bl	MOTOR_1_STEP_Write
 287              	.LBE4:
  68:RBD_sources/motor_controller.c ****             MOTOR_1_STEP_Write(1);
 288              		.loc 1 68 0 discriminator 3
 289 0040 FB68     		ldr	r3, [r7, #12]
 290 0042 0133     		adds	r3, r3, #1
 291 0044 FB60     		str	r3, [r7, #12]
 292              	.L14:
  68:RBD_sources/motor_controller.c ****             MOTOR_1_STEP_Write(1);
 293              		.loc 1 68 0 is_stmt 0 discriminator 1
 294 0046 FA68     		ldr	r2, [r7, #12]
 295 0048 BB68     		ldr	r3, [r7, #8]
 296 004a 9A42     		cmp	r2, r3
 297 004c EDDB     		blt	.L15
 298              	.LBE3:
  72:RBD_sources/motor_controller.c ****         }
  73:RBD_sources/motor_controller.c ****         motor->rail_pos += (motor_dir ? 1 : -1);
 299              		.loc 1 73 0 is_stmt 1
 300 004e 7B68     		ldr	r3, [r7, #4]
 301 0050 1A78     		ldrb	r2, [r3]
 302 0052 FB1C     		adds	r3, r7, #3
 303 0054 1B78     		ldrb	r3, [r3]
 304 0056 002B     		cmp	r3, #0
 305 0058 01D0     		beq	.L16
 306              		.loc 1 73 0 is_stmt 0 discriminator 1
 307 005a 0123     		movs	r3, #1
 308 005c 00E0     		b	.L17
 309              	.L16:
 310              		.loc 1 73 0 discriminator 2
 311 005e FF23     		movs	r3, #255
 312              	.L17:
 313              		.loc 1 73 0 discriminator 4
 314 0060 D318     		adds	r3, r2, r3
 315 0062 DAB2     		uxtb	r2, r3
 316 0064 7B68     		ldr	r3, [r7, #4]
 317 0066 1A70     		strb	r2, [r3]
ARM GAS  C:\Users\semen\AppData\Local\Temp\ccvra229.s 			page 8


  74:RBD_sources/motor_controller.c ****         MOTORS_EN_Write(1);
 318              		.loc 1 74 0 is_stmt 1 discriminator 4
 319 0068 0120     		movs	r0, #1
 320 006a FFF7FEFF 		bl	MOTORS_EN_Write
  75:RBD_sources/motor_controller.c ****     }
 321              		.loc 1 75 0 discriminator 4
 322 006e C046     		nop
 323 0070 BD46     		mov	sp, r7
 324 0072 04B0     		add	sp, sp, #16
 325              		@ sp needed
 326 0074 80BD     		pop	{r7, pc}
 327              		.cfi_endproc
 328              	.LFE3:
 329              		.size	MotorController_SetNextSymbol, .-MotorController_SetNextSymbol
 330 0076 C046     		.section	.text.MotorController_SetNextRail,"ax",%progbits
 331              		.align	2
 332              		.global	MotorController_SetNextRail
 333              		.code	16
 334              		.thumb_func
 335              		.type	MotorController_SetNextRail, %function
 336              	MotorController_SetNextRail:
 337              	.LFB4:
  76:RBD_sources/motor_controller.c ****     void MotorController_SetNextRail(MotorController* motor, uint8_t motor_dir){
 338              		.loc 1 76 0
 339              		.cfi_startproc
 340              		@ args = 0, pretend = 0, frame = 16
 341              		@ frame_needed = 1, uses_anonymous_args = 0
 342 0000 80B5     		push	{r7, lr}
 343              		.cfi_def_cfa_offset 8
 344              		.cfi_offset 7, -8
 345              		.cfi_offset 14, -4
 346 0002 84B0     		sub	sp, sp, #16
 347              		.cfi_def_cfa_offset 24
 348 0004 00AF     		add	r7, sp, #0
 349              		.cfi_def_cfa_register 7
 350 0006 7860     		str	r0, [r7, #4]
 351 0008 0A00     		movs	r2, r1
 352 000a FB1C     		adds	r3, r7, #3
 353 000c 1A70     		strb	r2, [r3]
  77:RBD_sources/motor_controller.c ****         MOTORS_EN_Write(0);
 354              		.loc 1 77 0
 355 000e 0020     		movs	r0, #0
 356 0010 FFF7FEFF 		bl	MOTORS_EN_Write
  78:RBD_sources/motor_controller.c ****         MOTOR_1_DIR_Write(motor_dir);        
 357              		.loc 1 78 0
 358 0014 FB1C     		adds	r3, r7, #3
 359 0016 1B78     		ldrb	r3, [r3]
 360 0018 1800     		movs	r0, r3
 361 001a FFF7FEFF 		bl	MOTOR_1_DIR_Write
  79:RBD_sources/motor_controller.c ****        
  80:RBD_sources/motor_controller.c ****         int steps = 400;
 362              		.loc 1 80 0
 363 001e C823     		movs	r3, #200
 364 0020 5B00     		lsls	r3, r3, #1
 365 0022 BB60     		str	r3, [r7, #8]
 366              	.LBB5:
  81:RBD_sources/motor_controller.c ****         for(int i=0; i<steps; i++){
ARM GAS  C:\Users\semen\AppData\Local\Temp\ccvra229.s 			page 9


 367              		.loc 1 81 0
 368 0024 0023     		movs	r3, #0
 369 0026 FB60     		str	r3, [r7, #12]
 370 0028 0DE0     		b	.L19
 371              	.L20:
 372              	.LBB6:
  82:RBD_sources/motor_controller.c ****             MOTOR_1_STEP_Write(1);
 373              		.loc 1 82 0 discriminator 3
 374 002a 0120     		movs	r0, #1
 375 002c FFF7FEFF 		bl	MOTOR_1_STEP_Write
  83:RBD_sources/motor_controller.c ****             CyDelayUs(500);
 376              		.loc 1 83 0 discriminator 3
 377 0030 FA23     		movs	r3, #250
 378 0032 5B00     		lsls	r3, r3, #1
 379 0034 1800     		movs	r0, r3
 380 0036 FFF7FEFF 		bl	CyDelayUs
  84:RBD_sources/motor_controller.c ****             MOTOR_1_STEP_Write(0);
 381              		.loc 1 84 0 discriminator 3
 382 003a 0020     		movs	r0, #0
 383 003c FFF7FEFF 		bl	MOTOR_1_STEP_Write
 384              	.LBE6:
  81:RBD_sources/motor_controller.c ****             MOTOR_1_STEP_Write(1);
 385              		.loc 1 81 0 discriminator 3
 386 0040 FB68     		ldr	r3, [r7, #12]
 387 0042 0133     		adds	r3, r3, #1
 388 0044 FB60     		str	r3, [r7, #12]
 389              	.L19:
  81:RBD_sources/motor_controller.c ****             MOTOR_1_STEP_Write(1);
 390              		.loc 1 81 0 is_stmt 0 discriminator 1
 391 0046 FA68     		ldr	r2, [r7, #12]
 392 0048 BB68     		ldr	r3, [r7, #8]
 393 004a 9A42     		cmp	r2, r3
 394 004c EDDB     		blt	.L20
 395              	.LBE5:
  85:RBD_sources/motor_controller.c ****         }
  86:RBD_sources/motor_controller.c ****         motor->rail_pos += (motor_dir ? 1 : -1);
 396              		.loc 1 86 0 is_stmt 1
 397 004e 7B68     		ldr	r3, [r7, #4]
 398 0050 1A78     		ldrb	r2, [r3]
 399 0052 FB1C     		adds	r3, r7, #3
 400 0054 1B78     		ldrb	r3, [r3]
 401 0056 002B     		cmp	r3, #0
 402 0058 01D0     		beq	.L21
 403              		.loc 1 86 0 is_stmt 0 discriminator 1
 404 005a 0123     		movs	r3, #1
 405 005c 00E0     		b	.L22
 406              	.L21:
 407              		.loc 1 86 0 discriminator 2
 408 005e FF23     		movs	r3, #255
 409              	.L22:
 410              		.loc 1 86 0 discriminator 4
 411 0060 D318     		adds	r3, r2, r3
 412 0062 DAB2     		uxtb	r2, r3
 413 0064 7B68     		ldr	r3, [r7, #4]
 414 0066 1A70     		strb	r2, [r3]
  87:RBD_sources/motor_controller.c ****         MOTORS_EN_Write(1);
 415              		.loc 1 87 0 is_stmt 1 discriminator 4
ARM GAS  C:\Users\semen\AppData\Local\Temp\ccvra229.s 			page 10


 416 0068 0120     		movs	r0, #1
 417 006a FFF7FEFF 		bl	MOTORS_EN_Write
  88:RBD_sources/motor_controller.c ****     }
 418              		.loc 1 88 0 discriminator 4
 419 006e C046     		nop
 420 0070 BD46     		mov	sp, r7
 421 0072 04B0     		add	sp, sp, #16
 422              		@ sp needed
 423 0074 80BD     		pop	{r7, pc}
 424              		.cfi_endproc
 425              	.LFE4:
 426              		.size	MotorController_SetNextRail, .-MotorController_SetNextRail
 427 0076 C046     		.section	.text.MotorController_MoveToPos,"ax",%progbits
 428              		.align	2
 429              		.global	MotorController_MoveToPos
 430              		.code	16
 431              		.thumb_func
 432              		.type	MotorController_MoveToPos, %function
 433              	MotorController_MoveToPos:
 434              	.LFB5:
  89:RBD_sources/motor_controller.c ****     void MotorController_MoveToPos(MotorController* motor, uint8_t position) {
 435              		.loc 1 89 0
 436              		.cfi_startproc
 437              		@ args = 0, pretend = 0, frame = 24
 438              		@ frame_needed = 1, uses_anonymous_args = 0
 439 0000 80B5     		push	{r7, lr}
 440              		.cfi_def_cfa_offset 8
 441              		.cfi_offset 7, -8
 442              		.cfi_offset 14, -4
 443 0002 86B0     		sub	sp, sp, #24
 444              		.cfi_def_cfa_offset 32
 445 0004 00AF     		add	r7, sp, #0
 446              		.cfi_def_cfa_register 7
 447 0006 7860     		str	r0, [r7, #4]
 448 0008 0A00     		movs	r2, r1
 449 000a FB1C     		adds	r3, r7, #3
 450 000c 1A70     		strb	r2, [r3]
  90:RBD_sources/motor_controller.c ****         if (position > 59 | position < 0){
 451              		.loc 1 90 0
 452 000e FB1C     		adds	r3, r7, #3
 453 0010 1B78     		ldrb	r3, [r3]
 454 0012 3B2B     		cmp	r3, #59
 455 0014 59D8     		bhi	.L33
  91:RBD_sources/motor_controller.c ****             return;
  92:RBD_sources/motor_controller.c ****         }
  93:RBD_sources/motor_controller.c ****         
  94:RBD_sources/motor_controller.c ****         int diff = (int)position - (int)motor->rail_pos;
 456              		.loc 1 94 0
 457 0016 FB1C     		adds	r3, r7, #3
 458 0018 1B78     		ldrb	r3, [r3]
 459 001a 7A68     		ldr	r2, [r7, #4]
 460 001c 1278     		ldrb	r2, [r2]
 461 001e 9B1A     		subs	r3, r3, r2
 462 0020 3B61     		str	r3, [r7, #16]
  95:RBD_sources/motor_controller.c **** 
  96:RBD_sources/motor_controller.c ****         if (diff == 0) {
 463              		.loc 1 96 0
ARM GAS  C:\Users\semen\AppData\Local\Temp\ccvra229.s 			page 11


 464 0022 3B69     		ldr	r3, [r7, #16]
 465 0024 002B     		cmp	r3, #0
 466 0026 52D0     		beq	.L34
  97:RBD_sources/motor_controller.c ****             return;
  98:RBD_sources/motor_controller.c ****         }
  99:RBD_sources/motor_controller.c ****         MOTORS_EN_Write(0);
 467              		.loc 1 99 0
 468 0028 0020     		movs	r0, #0
 469 002a FFF7FEFF 		bl	MOTORS_EN_Write
 100:RBD_sources/motor_controller.c ****         int step = (diff > 0) ? 1 : -1;
 470              		.loc 1 100 0
 471 002e 3B69     		ldr	r3, [r7, #16]
 472 0030 002B     		cmp	r3, #0
 473 0032 01DD     		ble	.L27
 474              		.loc 1 100 0 is_stmt 0 discriminator 1
 475 0034 0123     		movs	r3, #1
 476 0036 01E0     		b	.L28
 477              	.L27:
 478              		.loc 1 100 0 discriminator 2
 479 0038 0123     		movs	r3, #1
 480 003a 5B42     		rsbs	r3, r3, #0
 481              	.L28:
 482              		.loc 1 100 0 discriminator 4
 483 003c FB60     		str	r3, [r7, #12]
 101:RBD_sources/motor_controller.c ****         uint8_t motor_dir = (diff > 0) ? 1 : 0;
 484              		.loc 1 101 0 is_stmt 1 discriminator 4
 485 003e 3B69     		ldr	r3, [r7, #16]
 486 0040 DA17     		asrs	r2, r3, #31
 487 0042 D31A     		subs	r3, r2, r3
 488 0044 DB0F     		lsrs	r3, r3, #31
 489 0046 DAB2     		uxtb	r2, r3
 490 0048 0B23     		movs	r3, #11
 491 004a FB18     		adds	r3, r7, r3
 492 004c 1A70     		strb	r2, [r3]
 102:RBD_sources/motor_controller.c ****         uint8_t start_rail = motor->rail_pos;
 493              		.loc 1 102 0 discriminator 4
 494 004e 0A23     		movs	r3, #10
 495 0050 FB18     		adds	r3, r7, r3
 496 0052 7A68     		ldr	r2, [r7, #4]
 497 0054 1278     		ldrb	r2, [r2]
 498 0056 1A70     		strb	r2, [r3]
 103:RBD_sources/motor_controller.c **** 
 104:RBD_sources/motor_controller.c ****         MOTOR_1_DIR_Write(motor_dir);
 499              		.loc 1 104 0 discriminator 4
 500 0058 0B23     		movs	r3, #11
 501 005a FB18     		adds	r3, r7, r3
 502 005c 1B78     		ldrb	r3, [r3]
 503 005e 1800     		movs	r0, r3
 504 0060 FFF7FEFF 		bl	MOTOR_1_DIR_Write
 505              	.LBB7:
 105:RBD_sources/motor_controller.c **** 
 106:RBD_sources/motor_controller.c ****     for (int i = start_rail; i != position; i += step) {
 506              		.loc 1 106 0 discriminator 4
 507 0064 0A23     		movs	r3, #10
 508 0066 FB18     		adds	r3, r7, r3
 509 0068 1B78     		ldrb	r3, [r3]
 510 006a 7B61     		str	r3, [r7, #20]
ARM GAS  C:\Users\semen\AppData\Local\Temp\ccvra229.s 			page 12


 511 006c 24E0     		b	.L29
 512              	.L32:
 107:RBD_sources/motor_controller.c ****         // XOR flips behavior when motor_dir == 0
 108:RBD_sources/motor_controller.c ****         if ((i % 2 == 0) ^ (motor_dir == 0)) {
 513              		.loc 1 108 0
 514 006e 7B69     		ldr	r3, [r7, #20]
 515 0070 0122     		movs	r2, #1
 516 0072 1340     		ands	r3, r2
 517 0074 5A42     		rsbs	r2, r3, #0
 518 0076 5341     		adcs	r3, r3, r2
 519 0078 DAB2     		uxtb	r2, r3
 520 007a 0B23     		movs	r3, #11
 521 007c FB18     		adds	r3, r7, r3
 522 007e 1B78     		ldrb	r3, [r3]
 523 0080 5942     		rsbs	r1, r3, #0
 524 0082 4B41     		adcs	r3, r3, r1
 525 0084 DBB2     		uxtb	r3, r3
 526 0086 5340     		eors	r3, r2
 527 0088 DBB2     		uxtb	r3, r3
 528 008a 002B     		cmp	r3, #0
 529 008c 08D0     		beq	.L30
 109:RBD_sources/motor_controller.c ****             MotorController_SetNextRail(motor, motor_dir);
 530              		.loc 1 109 0
 531 008e 0B23     		movs	r3, #11
 532 0090 FB18     		adds	r3, r7, r3
 533 0092 1A78     		ldrb	r2, [r3]
 534 0094 7B68     		ldr	r3, [r7, #4]
 535 0096 1100     		movs	r1, r2
 536 0098 1800     		movs	r0, r3
 537 009a FFF7FEFF 		bl	MotorController_SetNextRail
 538 009e 07E0     		b	.L31
 539              	.L30:
 110:RBD_sources/motor_controller.c ****         } else {
 111:RBD_sources/motor_controller.c ****             MotorController_SetNextSymbol(motor, motor_dir);
 540              		.loc 1 111 0
 541 00a0 0B23     		movs	r3, #11
 542 00a2 FB18     		adds	r3, r7, r3
 543 00a4 1A78     		ldrb	r2, [r3]
 544 00a6 7B68     		ldr	r3, [r7, #4]
 545 00a8 1100     		movs	r1, r2
 546 00aa 1800     		movs	r0, r3
 547 00ac FFF7FEFF 		bl	MotorController_SetNextSymbol
 548              	.L31:
 106:RBD_sources/motor_controller.c ****         // XOR flips behavior when motor_dir == 0
 549              		.loc 1 106 0 discriminator 2
 550 00b0 7A69     		ldr	r2, [r7, #20]
 551 00b2 FB68     		ldr	r3, [r7, #12]
 552 00b4 D318     		adds	r3, r2, r3
 553 00b6 7B61     		str	r3, [r7, #20]
 554              	.L29:
 106:RBD_sources/motor_controller.c ****         // XOR flips behavior when motor_dir == 0
 555              		.loc 1 106 0 is_stmt 0 discriminator 1
 556 00b8 FB1C     		adds	r3, r7, #3
 557 00ba 1A78     		ldrb	r2, [r3]
 558 00bc 7B69     		ldr	r3, [r7, #20]
 559 00be 9A42     		cmp	r2, r3
 560 00c0 D5D1     		bne	.L32
ARM GAS  C:\Users\semen\AppData\Local\Temp\ccvra229.s 			page 13


 561              	.LBE7:
 112:RBD_sources/motor_controller.c ****         }
 113:RBD_sources/motor_controller.c ****     }
 114:RBD_sources/motor_controller.c ****         MOTORS_EN_Write(1);
 562              		.loc 1 114 0 is_stmt 1
 563 00c2 0120     		movs	r0, #1
 564 00c4 FFF7FEFF 		bl	MOTORS_EN_Write
 565 00c8 02E0     		b	.L23
 566              	.L33:
  91:RBD_sources/motor_controller.c ****         }
 567              		.loc 1 91 0
 568 00ca C046     		nop
 569 00cc 00E0     		b	.L23
 570              	.L34:
  97:RBD_sources/motor_controller.c ****         }
 571              		.loc 1 97 0
 572 00ce C046     		nop
 573              	.L23:
 115:RBD_sources/motor_controller.c ****     }; /* select one of the rails*/
 574              		.loc 1 115 0
 575 00d0 BD46     		mov	sp, r7
 576 00d2 06B0     		add	sp, sp, #24
 577              		@ sp needed
 578 00d4 80BD     		pop	{r7, pc}
 579              		.cfi_endproc
 580              	.LFE5:
 581              		.size	MotorController_MoveToPos, .-MotorController_MoveToPos
 582 00d6 C046     		.section	.text.MotorController_SetCell,"ax",%progbits
 583              		.align	2
 584              		.global	MotorController_SetCell
 585              		.code	16
 586              		.thumb_func
 587              		.type	MotorController_SetCell, %function
 588              	MotorController_SetCell:
 589              	.LFB6:
 116:RBD_sources/motor_controller.c ****     
 117:RBD_sources/motor_controller.c ****     void MotorController_SetCell(MotorController* motor, uint8_t position){
 590              		.loc 1 117 0
 591              		.cfi_startproc
 592              		@ args = 0, pretend = 0, frame = 32
 593              		@ frame_needed = 1, uses_anonymous_args = 0
 594 0000 80B5     		push	{r7, lr}
 595              		.cfi_def_cfa_offset 8
 596              		.cfi_offset 7, -8
 597              		.cfi_offset 14, -4
 598 0002 88B0     		sub	sp, sp, #32
 599              		.cfi_def_cfa_offset 40
 600 0004 00AF     		add	r7, sp, #0
 601              		.cfi_def_cfa_register 7
 602 0006 7860     		str	r0, [r7, #4]
 603 0008 0A00     		movs	r2, r1
 604 000a FB1C     		adds	r3, r7, #3
 605 000c 1A70     		strb	r2, [r3]
 118:RBD_sources/motor_controller.c ****         if (position > 7) {
 606              		.loc 1 118 0
 607 000e FB1C     		adds	r3, r7, #3
 608 0010 1B78     		ldrb	r3, [r3]
ARM GAS  C:\Users\semen\AppData\Local\Temp\ccvra229.s 			page 14


 609 0012 072B     		cmp	r3, #7
 610 0014 4BD8     		bhi	.L41
 119:RBD_sources/motor_controller.c ****             return;
 120:RBD_sources/motor_controller.c ****         }
 121:RBD_sources/motor_controller.c ****         
 122:RBD_sources/motor_controller.c ****         int current = rail_cell_pos[motor->rail_pos];
 611              		.loc 1 122 0
 612 0016 7B68     		ldr	r3, [r7, #4]
 613 0018 1B78     		ldrb	r3, [r3]
 614 001a 1A00     		movs	r2, r3
 615 001c 274B     		ldr	r3, .L43
 616 001e 9B5C     		ldrb	r3, [r3, r2]
 617 0020 BB61     		str	r3, [r7, #24]
 123:RBD_sources/motor_controller.c ****         int diff = (int)position - current;
 618              		.loc 1 123 0
 619 0022 FB1C     		adds	r3, r7, #3
 620 0024 1A78     		ldrb	r2, [r3]
 621 0026 BB69     		ldr	r3, [r7, #24]
 622 0028 D31A     		subs	r3, r2, r3
 623 002a 7B61     		str	r3, [r7, #20]
 124:RBD_sources/motor_controller.c **** 
 125:RBD_sources/motor_controller.c ****         if (diff == 0) {
 624              		.loc 1 125 0
 625 002c 7B69     		ldr	r3, [r7, #20]
 626 002e 002B     		cmp	r3, #0
 627 0030 3FD0     		beq	.L42
 126:RBD_sources/motor_controller.c ****             return;
 127:RBD_sources/motor_controller.c ****         }
 128:RBD_sources/motor_controller.c ****         MOTORS_EN_Write(0);
 628              		.loc 1 128 0
 629 0032 0020     		movs	r0, #0
 630 0034 FFF7FEFF 		bl	MOTORS_EN_Write
 129:RBD_sources/motor_controller.c ****         uint8_t motor_dir = (diff > 0) ? 1 : 0;
 631              		.loc 1 129 0
 632 0038 7B69     		ldr	r3, [r7, #20]
 633 003a DA17     		asrs	r2, r3, #31
 634 003c D31A     		subs	r3, r2, r3
 635 003e DB0F     		lsrs	r3, r3, #31
 636 0040 DAB2     		uxtb	r2, r3
 637 0042 1323     		movs	r3, #19
 638 0044 FB18     		adds	r3, r7, r3
 639 0046 1A70     		strb	r2, [r3]
 130:RBD_sources/motor_controller.c **** 
 131:RBD_sources/motor_controller.c ****         MOTOR_2_DIR_Write(motor_dir);
 640              		.loc 1 131 0
 641 0048 1323     		movs	r3, #19
 642 004a FB18     		adds	r3, r7, r3
 643 004c 1B78     		ldrb	r3, [r3]
 644 004e 1800     		movs	r0, r3
 645 0050 FFF7FEFF 		bl	MOTOR_2_DIR_Write
 132:RBD_sources/motor_controller.c **** 
 133:RBD_sources/motor_controller.c ****         int steps = abs(diff) * MOTOR_STEP;
 646              		.loc 1 133 0
 647 0054 7B69     		ldr	r3, [r7, #20]
 648 0056 D917     		asrs	r1, r3, #31
 649 0058 5A18     		adds	r2, r3, r1
 650 005a 4A40     		eors	r2, r1
ARM GAS  C:\Users\semen\AppData\Local\Temp\ccvra229.s 			page 15


 651 005c 1300     		movs	r3, r2
 652 005e 9B00     		lsls	r3, r3, #2
 653 0060 9B18     		adds	r3, r3, r2
 654 0062 9B01     		lsls	r3, r3, #6
 655 0064 FB60     		str	r3, [r7, #12]
 656              	.LBB8:
 134:RBD_sources/motor_controller.c ****     
 135:RBD_sources/motor_controller.c ****         for(int i = 0; i < steps; i++){
 657              		.loc 1 135 0
 658 0066 0023     		movs	r3, #0
 659 0068 FB61     		str	r3, [r7, #28]
 660 006a 0DE0     		b	.L39
 661              	.L40:
 662              	.LBB9:
 136:RBD_sources/motor_controller.c ****             MOTOR_2_STEP_Write(1);
 663              		.loc 1 136 0 discriminator 3
 664 006c 0120     		movs	r0, #1
 665 006e FFF7FEFF 		bl	MOTOR_2_STEP_Write
 137:RBD_sources/motor_controller.c ****             CyDelayUs(500);
 666              		.loc 1 137 0 discriminator 3
 667 0072 FA23     		movs	r3, #250
 668 0074 5B00     		lsls	r3, r3, #1
 669 0076 1800     		movs	r0, r3
 670 0078 FFF7FEFF 		bl	CyDelayUs
 138:RBD_sources/motor_controller.c ****             MOTOR_2_STEP_Write(0);
 671              		.loc 1 138 0 discriminator 3
 672 007c 0020     		movs	r0, #0
 673 007e FFF7FEFF 		bl	MOTOR_2_STEP_Write
 674              	.LBE9:
 135:RBD_sources/motor_controller.c ****             MOTOR_2_STEP_Write(1);
 675              		.loc 1 135 0 discriminator 3
 676 0082 FB69     		ldr	r3, [r7, #28]
 677 0084 0133     		adds	r3, r3, #1
 678 0086 FB61     		str	r3, [r7, #28]
 679              	.L39:
 135:RBD_sources/motor_controller.c ****             MOTOR_2_STEP_Write(1);
 680              		.loc 1 135 0 is_stmt 0 discriminator 1
 681 0088 FA69     		ldr	r2, [r7, #28]
 682 008a FB68     		ldr	r3, [r7, #12]
 683 008c 9A42     		cmp	r2, r3
 684 008e EDDB     		blt	.L40
 685              	.LBE8:
 139:RBD_sources/motor_controller.c ****         }
 140:RBD_sources/motor_controller.c **** 
 141:RBD_sources/motor_controller.c ****         rail_cell_pos[motor->rail_pos] = position;
 686              		.loc 1 141 0 is_stmt 1
 687 0090 7B68     		ldr	r3, [r7, #4]
 688 0092 1B78     		ldrb	r3, [r3]
 689 0094 1900     		movs	r1, r3
 690 0096 094B     		ldr	r3, .L43
 691 0098 FA1C     		adds	r2, r7, #3
 692 009a 1278     		ldrb	r2, [r2]
 693 009c 5A54     		strb	r2, [r3, r1]
 142:RBD_sources/motor_controller.c ****         motor->cell_pos = position;
 694              		.loc 1 142 0
 695 009e 7B68     		ldr	r3, [r7, #4]
 696 00a0 FA1C     		adds	r2, r7, #3
ARM GAS  C:\Users\semen\AppData\Local\Temp\ccvra229.s 			page 16


 697 00a2 1278     		ldrb	r2, [r2]
 698 00a4 5A70     		strb	r2, [r3, #1]
 143:RBD_sources/motor_controller.c ****         MOTORS_EN_Write(1);
 699              		.loc 1 143 0
 700 00a6 0120     		movs	r0, #1
 701 00a8 FFF7FEFF 		bl	MOTORS_EN_Write
 702 00ac 02E0     		b	.L35
 703              	.L41:
 119:RBD_sources/motor_controller.c ****         }
 704              		.loc 1 119 0
 705 00ae C046     		nop
 706 00b0 00E0     		b	.L35
 707              	.L42:
 126:RBD_sources/motor_controller.c ****         }
 708              		.loc 1 126 0
 709 00b2 C046     		nop
 710              	.L35:
 144:RBD_sources/motor_controller.c ****     } /*set the rail to a specified position*/
 711              		.loc 1 144 0
 712 00b4 BD46     		mov	sp, r7
 713 00b6 08B0     		add	sp, sp, #32
 714              		@ sp needed
 715 00b8 80BD     		pop	{r7, pc}
 716              	.L44:
 717 00ba C046     		.align	2
 718              	.L43:
 719 00bc 00000000 		.word	rail_cell_pos
 720              		.cfi_endproc
 721              	.LFE6:
 722              		.size	MotorController_SetCell, .-MotorController_SetCell
 723              		.section	.text.MotorController_PrintText,"ax",%progbits
 724              		.align	2
 725              		.global	MotorController_PrintText
 726              		.code	16
 727              		.thumb_func
 728              		.type	MotorController_PrintText, %function
 729              	MotorController_PrintText:
 730              	.LFB7:
 145:RBD_sources/motor_controller.c ****     
 146:RBD_sources/motor_controller.c ****     void MotorController_PrintText(MotorController *motor, char* data){
 731              		.loc 1 146 0
 732              		.cfi_startproc
 733              		@ args = 0, pretend = 0, frame = 24
 734              		@ frame_needed = 1, uses_anonymous_args = 0
 735 0000 80B5     		push	{r7, lr}
 736              		.cfi_def_cfa_offset 8
 737              		.cfi_offset 7, -8
 738              		.cfi_offset 14, -4
 739 0002 86B0     		sub	sp, sp, #24
 740              		.cfi_def_cfa_offset 32
 741 0004 00AF     		add	r7, sp, #0
 742              		.cfi_def_cfa_register 7
 743 0006 7860     		str	r0, [r7, #4]
 744 0008 3960     		str	r1, [r7]
 147:RBD_sources/motor_controller.c ****         if (data == NULL){
 745              		.loc 1 147 0
 746 000a 3B68     		ldr	r3, [r7]
ARM GAS  C:\Users\semen\AppData\Local\Temp\ccvra229.s 			page 17


 747 000c 002B     		cmp	r3, #0
 748 000e 00D1     		bne	.LCB620
 749 0010 74E0     		b	.L56	@long jump
 750              	.LCB620:
 148:RBD_sources/motor_controller.c ****             return;
 149:RBD_sources/motor_controller.c ****         }
 150:RBD_sources/motor_controller.c ****         
 151:RBD_sources/motor_controller.c ****         bool in_number_mode = false;
 751              		.loc 1 151 0
 752 0012 1723     		movs	r3, #23
 753 0014 FB18     		adds	r3, r7, r3
 754 0016 0022     		movs	r2, #0
 755 0018 1A70     		strb	r2, [r3]
 756              	.LBB10:
 152:RBD_sources/motor_controller.c ****         char symbol;
 153:RBD_sources/motor_controller.c ****         
 154:RBD_sources/motor_controller.c ****         for (int i = 0; data[i] != '\0'; i++)
 757              		.loc 1 154 0
 758 001a 0023     		movs	r3, #0
 759 001c 3B61     		str	r3, [r7, #16]
 760 001e 66E0     		b	.L48
 761              	.L55:
 155:RBD_sources/motor_controller.c ****         {
 156:RBD_sources/motor_controller.c ****             if (isdigit(data[i])){
 762              		.loc 1 156 0
 763 0020 384B     		ldr	r3, .L57
 764 0022 1A68     		ldr	r2, [r3]
 765 0024 3B69     		ldr	r3, [r7, #16]
 766 0026 3968     		ldr	r1, [r7]
 767 0028 CB18     		adds	r3, r1, r3
 768 002a 1B78     		ldrb	r3, [r3]
 769 002c 0133     		adds	r3, r3, #1
 770 002e D318     		adds	r3, r2, r3
 771 0030 1B78     		ldrb	r3, [r3]
 772 0032 1A00     		movs	r2, r3
 773 0034 0423     		movs	r3, #4
 774 0036 1340     		ands	r3, r2
 775 0038 11D0     		beq	.L49
 157:RBD_sources/motor_controller.c ****                 if (in_number_mode == false){
 776              		.loc 1 157 0
 777 003a 1723     		movs	r3, #23
 778 003c FB18     		adds	r3, r7, r3
 779 003e 1B78     		ldrb	r3, [r3]
 780 0040 0122     		movs	r2, #1
 781 0042 5340     		eors	r3, r2
 782 0044 DBB2     		uxtb	r3, r3
 783 0046 002B     		cmp	r3, #0
 784 0048 0DD0     		beq	.L51
 158:RBD_sources/motor_controller.c ****                     MotorController_SetSymbol(motor, 'N'); /*print out the num indicator*/
 785              		.loc 1 158 0
 786 004a 7B68     		ldr	r3, [r7, #4]
 787 004c 4E21     		movs	r1, #78
 788 004e 1800     		movs	r0, r3
 789 0050 FFF7FEFF 		bl	MotorController_SetSymbol
 159:RBD_sources/motor_controller.c ****                     in_number_mode = true;
 790              		.loc 1 159 0
 791 0054 1723     		movs	r3, #23
ARM GAS  C:\Users\semen\AppData\Local\Temp\ccvra229.s 			page 18


 792 0056 FB18     		adds	r3, r7, r3
 793 0058 0122     		movs	r2, #1
 794 005a 1A70     		strb	r2, [r3]
 795 005c 03E0     		b	.L51
 796              	.L49:
 160:RBD_sources/motor_controller.c ****                 }
 161:RBD_sources/motor_controller.c ****             } else{
 162:RBD_sources/motor_controller.c ****                 in_number_mode = false;
 797              		.loc 1 162 0
 798 005e 1723     		movs	r3, #23
 799 0060 FB18     		adds	r3, r7, r3
 800 0062 0022     		movs	r2, #0
 801 0064 1A70     		strb	r2, [r3]
 802              	.L51:
 163:RBD_sources/motor_controller.c ****             }
 164:RBD_sources/motor_controller.c ****             symbol = data[i];
 803              		.loc 1 164 0
 804 0066 3B69     		ldr	r3, [r7, #16]
 805 0068 3A68     		ldr	r2, [r7]
 806 006a D218     		adds	r2, r2, r3
 807 006c 1623     		movs	r3, #22
 808 006e FB18     		adds	r3, r7, r3
 809 0070 1278     		ldrb	r2, [r2]
 810 0072 1A70     		strb	r2, [r3]
 165:RBD_sources/motor_controller.c ****             if (isupper(data[i])){
 811              		.loc 1 165 0
 812 0074 234B     		ldr	r3, .L57
 813 0076 1A68     		ldr	r2, [r3]
 814 0078 3B69     		ldr	r3, [r7, #16]
 815 007a 3968     		ldr	r1, [r7]
 816 007c CB18     		adds	r3, r1, r3
 817 007e 1B78     		ldrb	r3, [r3]
 818 0080 0133     		adds	r3, r3, #1
 819 0082 D318     		adds	r3, r2, r3
 820 0084 1B78     		ldrb	r3, [r3]
 821 0086 1A00     		movs	r2, r3
 822 0088 0323     		movs	r3, #3
 823 008a 1340     		ands	r3, r2
 824 008c 012B     		cmp	r3, #1
 825 008e 23D1     		bne	.L52
 166:RBD_sources/motor_controller.c ****                 MotorController_SetSymbol(motor, 'A'); /*print out the capital indicator*/
 826              		.loc 1 166 0
 827 0090 7B68     		ldr	r3, [r7, #4]
 828 0092 4121     		movs	r1, #65
 829 0094 1800     		movs	r0, r3
 830 0096 FFF7FEFF 		bl	MotorController_SetSymbol
 831              	.LBB11:
 167:RBD_sources/motor_controller.c ****                 symbol = tolower(data[i]);
 832              		.loc 1 167 0
 833 009a 3B69     		ldr	r3, [r7, #16]
 834 009c 3A68     		ldr	r2, [r7]
 835 009e D218     		adds	r2, r2, r3
 836 00a0 0F23     		movs	r3, #15
 837 00a2 FB18     		adds	r3, r7, r3
 838 00a4 1278     		ldrb	r2, [r2]
 839 00a6 1A70     		strb	r2, [r3]
 840 00a8 164B     		ldr	r3, .L57
ARM GAS  C:\Users\semen\AppData\Local\Temp\ccvra229.s 			page 19


 841 00aa 1A68     		ldr	r2, [r3]
 842 00ac 0F23     		movs	r3, #15
 843 00ae FB18     		adds	r3, r7, r3
 844 00b0 1B78     		ldrb	r3, [r3]
 845 00b2 0133     		adds	r3, r3, #1
 846 00b4 D318     		adds	r3, r2, r3
 847 00b6 1B78     		ldrb	r3, [r3]
 848 00b8 1A00     		movs	r2, r3
 849 00ba 0323     		movs	r3, #3
 850 00bc 1340     		ands	r3, r2
 851 00be 012B     		cmp	r3, #1
 852 00c0 04D1     		bne	.L53
 853              		.loc 1 167 0 is_stmt 0 discriminator 1
 854 00c2 0F23     		movs	r3, #15
 855 00c4 FB18     		adds	r3, r7, r3
 856 00c6 1B78     		ldrb	r3, [r3]
 857 00c8 2033     		adds	r3, r3, #32
 858 00ca 02E0     		b	.L54
 859              	.L53:
 860              		.loc 1 167 0 discriminator 2
 861 00cc 0F23     		movs	r3, #15
 862 00ce FB18     		adds	r3, r7, r3
 863 00d0 1B78     		ldrb	r3, [r3]
 864              	.L54:
 865              	.LBE11:
 866              		.loc 1 167 0 discriminator 4
 867 00d2 1622     		movs	r2, #22
 868 00d4 BA18     		adds	r2, r7, r2
 869 00d6 1370     		strb	r3, [r2]
 870              	.L52:
 168:RBD_sources/motor_controller.c ****             }
 169:RBD_sources/motor_controller.c ****             MotorController_SetSymbol(motor, symbol);
 871              		.loc 1 169 0 is_stmt 1 discriminator 2
 872 00d8 1623     		movs	r3, #22
 873 00da FB18     		adds	r3, r7, r3
 874 00dc 1A78     		ldrb	r2, [r3]
 875 00de 7B68     		ldr	r3, [r7, #4]
 876 00e0 1100     		movs	r1, r2
 877 00e2 1800     		movs	r0, r3
 878 00e4 FFF7FEFF 		bl	MotorController_SetSymbol
 154:RBD_sources/motor_controller.c ****         {
 879              		.loc 1 154 0 discriminator 2
 880 00e8 3B69     		ldr	r3, [r7, #16]
 881 00ea 0133     		adds	r3, r3, #1
 882 00ec 3B61     		str	r3, [r7, #16]
 883              	.L48:
 154:RBD_sources/motor_controller.c ****         {
 884              		.loc 1 154 0 is_stmt 0 discriminator 1
 885 00ee 3B69     		ldr	r3, [r7, #16]
 886 00f0 3A68     		ldr	r2, [r7]
 887 00f2 D318     		adds	r3, r2, r3
 888 00f4 1B78     		ldrb	r3, [r3]
 889 00f6 002B     		cmp	r3, #0
 890 00f8 92D1     		bne	.L55
 891 00fa 00E0     		b	.L45
 892              	.L56:
 893              	.LBE10:
ARM GAS  C:\Users\semen\AppData\Local\Temp\ccvra229.s 			page 20


 148:RBD_sources/motor_controller.c ****         }
 894              		.loc 1 148 0 is_stmt 1
 895 00fc C046     		nop
 896              	.L45:
 170:RBD_sources/motor_controller.c ****         }
 171:RBD_sources/motor_controller.c ****     }
 897              		.loc 1 171 0
 898 00fe BD46     		mov	sp, r7
 899 0100 06B0     		add	sp, sp, #24
 900              		@ sp needed
 901 0102 80BD     		pop	{r7, pc}
 902              	.L58:
 903              		.align	2
 904              	.L57:
 905 0104 00000000 		.word	__ctype_ptr__
 906              		.cfi_endproc
 907              	.LFE7:
 908              		.size	MotorController_PrintText, .-MotorController_PrintText
 909              		.text
 910              	.Letext0:
 911              		.file 2 "c:\\program files (x86)\\cypress\\psoc creator\\4.4\\psoc creator\\import\\gnu\\arm\\5.4.
 912              		.file 3 "c:\\program files (x86)\\cypress\\psoc creator\\4.4\\psoc creator\\import\\gnu\\arm\\5.4.
 913              		.file 4 ".\\RBD_headers/char_to_braille.h"
 914              		.file 5 ".\\RBD_headers/motor_controller.h"
 915              		.file 6 "c:\\program files (x86)\\cypress\\psoc creator\\4.4\\psoc creator\\import\\gnu\\arm\\5.4.
 916              		.file 7 "<built-in>"
 917              		.section	.debug_info,"",%progbits
 918              	.Ldebug_info0:
 919 0000 8F050000 		.4byte	0x58f
 920 0004 0400     		.2byte	0x4
 921 0006 00000000 		.4byte	.Ldebug_abbrev0
 922 000a 04       		.byte	0x4
 923 000b 01       		.uleb128 0x1
 924 000c EC000000 		.4byte	.LASF54
 925 0010 0C       		.byte	0xc
 926 0011 0E000000 		.4byte	.LASF55
 927 0015 A7010000 		.4byte	.LASF56
 928 0019 00000000 		.4byte	.Ldebug_ranges0+0
 929 001d 00000000 		.4byte	0
 930 0021 00000000 		.4byte	.Ldebug_line0
 931 0025 02       		.uleb128 0x2
 932 0026 01       		.byte	0x1
 933 0027 06       		.byte	0x6
 934 0028 61030000 		.4byte	.LASF0
 935 002c 03       		.uleb128 0x3
 936 002d 2D000000 		.4byte	.LASF9
 937 0031 02       		.byte	0x2
 938 0032 1D       		.byte	0x1d
 939 0033 37000000 		.4byte	0x37
 940 0037 02       		.uleb128 0x2
 941 0038 01       		.byte	0x1
 942 0039 08       		.byte	0x8
 943 003a 99010000 		.4byte	.LASF1
 944 003e 02       		.uleb128 0x2
 945 003f 02       		.byte	0x2
 946 0040 05       		.byte	0x5
 947 0041 FA020000 		.4byte	.LASF2
ARM GAS  C:\Users\semen\AppData\Local\Temp\ccvra229.s 			page 21


 948 0045 02       		.uleb128 0x2
 949 0046 02       		.byte	0x2
 950 0047 07       		.byte	0x7
 951 0048 D9000000 		.4byte	.LASF3
 952 004c 02       		.uleb128 0x2
 953 004d 04       		.byte	0x4
 954 004e 05       		.byte	0x5
 955 004f 4C030000 		.4byte	.LASF4
 956 0053 02       		.uleb128 0x2
 957 0054 04       		.byte	0x4
 958 0055 07       		.byte	0x7
 959 0056 30020000 		.4byte	.LASF5
 960 005a 02       		.uleb128 0x2
 961 005b 08       		.byte	0x8
 962 005c 05       		.byte	0x5
 963 005d AA020000 		.4byte	.LASF6
 964 0061 02       		.uleb128 0x2
 965 0062 08       		.byte	0x8
 966 0063 07       		.byte	0x7
 967 0064 5D020000 		.4byte	.LASF7
 968 0068 04       		.uleb128 0x4
 969 0069 04       		.byte	0x4
 970 006a 05       		.byte	0x5
 971 006b 696E7400 		.ascii	"int\000"
 972 006f 02       		.uleb128 0x2
 973 0070 04       		.byte	0x4
 974 0071 07       		.byte	0x7
 975 0072 42020000 		.4byte	.LASF8
 976 0076 03       		.uleb128 0x3
 977 0077 74020000 		.4byte	.LASF10
 978 007b 03       		.byte	0x3
 979 007c 18       		.byte	0x18
 980 007d 2C000000 		.4byte	0x2c
 981 0081 02       		.uleb128 0x2
 982 0082 08       		.byte	0x8
 983 0083 04       		.byte	0x4
 984 0084 55030000 		.4byte	.LASF11
 985 0088 02       		.uleb128 0x2
 986 0089 04       		.byte	0x4
 987 008a 07       		.byte	0x7
 988 008b 9C020000 		.4byte	.LASF12
 989 008f 05       		.uleb128 0x5
 990 0090 04       		.byte	0x4
 991 0091 95000000 		.4byte	0x95
 992 0095 02       		.uleb128 0x2
 993 0096 01       		.byte	0x1
 994 0097 08       		.byte	0x8
 995 0098 C8020000 		.4byte	.LASF13
 996 009c 05       		.uleb128 0x5
 997 009d 04       		.byte	0x4
 998 009e A2000000 		.4byte	0xa2
 999 00a2 06       		.uleb128 0x6
 1000 00a3 95000000 		.4byte	0x95
 1001 00a7 02       		.uleb128 0x2
 1002 00a8 08       		.byte	0x8
 1003 00a9 04       		.byte	0x4
 1004 00aa 76000000 		.4byte	.LASF14
ARM GAS  C:\Users\semen\AppData\Local\Temp\ccvra229.s 			page 22


 1005 00ae 02       		.uleb128 0x2
 1006 00af 04       		.byte	0x4
 1007 00b0 04       		.byte	0x4
 1008 00b1 A0000000 		.4byte	.LASF15
 1009 00b5 07       		.uleb128 0x7
 1010 00b6 02       		.byte	0x2
 1011 00b7 04       		.byte	0x4
 1012 00b8 11       		.byte	0x11
 1013 00b9 D6000000 		.4byte	0xd6
 1014 00bd 08       		.uleb128 0x8
 1015 00be 9B000000 		.4byte	.LASF16
 1016 00c2 04       		.byte	0x4
 1017 00c3 12       		.byte	0x12
 1018 00c4 76000000 		.4byte	0x76
 1019 00c8 00       		.byte	0
 1020 00c9 08       		.uleb128 0x8
 1021 00ca C5000000 		.4byte	.LASF17
 1022 00ce 04       		.byte	0x4
 1023 00cf 13       		.byte	0x13
 1024 00d0 76000000 		.4byte	0x76
 1025 00d4 01       		.byte	0x1
 1026 00d5 00       		.byte	0
 1027 00d6 03       		.uleb128 0x3
 1028 00d7 54000000 		.4byte	.LASF18
 1029 00db 04       		.byte	0x4
 1030 00dc 14       		.byte	0x14
 1031 00dd B5000000 		.4byte	0xb5
 1032 00e1 03       		.uleb128 0x3
 1033 00e2 B8020000 		.4byte	.LASF19
 1034 00e6 05       		.byte	0x5
 1035 00e7 19       		.byte	0x19
 1036 00e8 EC000000 		.4byte	0xec
 1037 00ec 09       		.uleb128 0x9
 1038 00ed B8020000 		.4byte	.LASF19
 1039 00f1 02       		.byte	0x2
 1040 00f2 05       		.byte	0x5
 1041 00f3 1B       		.byte	0x1b
 1042 00f4 11010000 		.4byte	0x111
 1043 00f8 08       		.uleb128 0x8
 1044 00f9 27020000 		.4byte	.LASF20
 1045 00fd 05       		.byte	0x5
 1046 00fe 1C       		.byte	0x1c
 1047 00ff 76000000 		.4byte	0x76
 1048 0103 00       		.byte	0
 1049 0104 08       		.uleb128 0x8
 1050 0105 DE020000 		.4byte	.LASF21
 1051 0109 05       		.byte	0x5
 1052 010a 1D       		.byte	0x1d
 1053 010b 76000000 		.4byte	0x76
 1054 010f 01       		.byte	0x1
 1055 0110 00       		.byte	0
 1056 0111 0A       		.uleb128 0xa
 1057 0112 87020000 		.4byte	.LASF22
 1058 0116 01       		.byte	0x1
 1059 0117 16       		.byte	0x16
 1060 0118 00000000 		.4byte	.LFB0
 1061 011c 3C000000 		.4byte	.LFE0-.LFB0
ARM GAS  C:\Users\semen\AppData\Local\Temp\ccvra229.s 			page 23


 1062 0120 01       		.uleb128 0x1
 1063 0121 9C       		.byte	0x9c
 1064 0122 4B010000 		.4byte	0x14b
 1065 0126 0B       		.uleb128 0xb
 1066 0127 81020000 		.4byte	.LASF24
 1067 012b 01       		.byte	0x1
 1068 012c 16       		.byte	0x16
 1069 012d 4B010000 		.4byte	0x14b
 1070 0131 02       		.uleb128 0x2
 1071 0132 91       		.byte	0x91
 1072 0133 6C       		.sleb128 -20
 1073 0134 0C       		.uleb128 0xc
 1074 0135 14000000 		.4byte	.LBB2
 1075 0139 1C000000 		.4byte	.LBE2-.LBB2
 1076 013d 0D       		.uleb128 0xd
 1077 013e 6900     		.ascii	"i\000"
 1078 0140 01       		.byte	0x1
 1079 0141 1B       		.byte	0x1b
 1080 0142 68000000 		.4byte	0x68
 1081 0146 02       		.uleb128 0x2
 1082 0147 91       		.byte	0x91
 1083 0148 74       		.sleb128 -12
 1084 0149 00       		.byte	0
 1085 014a 00       		.byte	0
 1086 014b 05       		.uleb128 0x5
 1087 014c 04       		.byte	0x4
 1088 014d E1000000 		.4byte	0xe1
 1089 0151 0A       		.uleb128 0xa
 1090 0152 7A010000 		.4byte	.LASF23
 1091 0156 01       		.byte	0x1
 1092 0157 23       		.byte	0x23
 1093 0158 00000000 		.4byte	.LFB1
 1094 015c 20000000 		.4byte	.LFE1-.LFB1
 1095 0160 01       		.uleb128 0x1
 1096 0161 9C       		.byte	0x9c
 1097 0162 91010000 		.4byte	0x191
 1098 0166 0B       		.uleb128 0xb
 1099 0167 81020000 		.4byte	.LASF24
 1100 016b 01       		.byte	0x1
 1101 016c 23       		.byte	0x23
 1102 016d 4B010000 		.4byte	0x14b
 1103 0171 02       		.uleb128 0x2
 1104 0172 91       		.byte	0x91
 1105 0173 74       		.sleb128 -12
 1106 0174 0B       		.uleb128 0xb
 1107 0175 27020000 		.4byte	.LASF20
 1108 0179 01       		.byte	0x1
 1109 017a 23       		.byte	0x23
 1110 017b 76000000 		.4byte	0x76
 1111 017f 02       		.uleb128 0x2
 1112 0180 91       		.byte	0x91
 1113 0181 73       		.sleb128 -13
 1114 0182 0B       		.uleb128 0xb
 1115 0183 DE020000 		.4byte	.LASF21
 1116 0187 01       		.byte	0x1
 1117 0188 23       		.byte	0x23
 1118 0189 76000000 		.4byte	0x76
ARM GAS  C:\Users\semen\AppData\Local\Temp\ccvra229.s 			page 24


 1119 018d 02       		.uleb128 0x2
 1120 018e 91       		.byte	0x91
 1121 018f 72       		.sleb128 -14
 1122 0190 00       		.byte	0
 1123 0191 0E       		.uleb128 0xe
 1124 0192 F3010000 		.4byte	.LASF25
 1125 0196 01       		.byte	0x1
 1126 0197 26       		.byte	0x26
 1127 0198 00000000 		.4byte	.LFB2
 1128 019c 88000000 		.4byte	.LFE2-.LFB2
 1129 01a0 01       		.uleb128 0x1
 1130 01a1 9C       		.byte	0x9c
 1131 01a2 F0010000 		.4byte	0x1f0
 1132 01a6 0B       		.uleb128 0xb
 1133 01a7 81020000 		.4byte	.LASF24
 1134 01ab 01       		.byte	0x1
 1135 01ac 26       		.byte	0x26
 1136 01ad 4B010000 		.4byte	0x14b
 1137 01b1 02       		.uleb128 0x2
 1138 01b2 91       		.byte	0x91
 1139 01b3 6C       		.sleb128 -20
 1140 01b4 0B       		.uleb128 0xb
 1141 01b5 17020000 		.4byte	.LASF26
 1142 01b9 01       		.byte	0x1
 1143 01ba 26       		.byte	0x26
 1144 01bb 95000000 		.4byte	0x95
 1145 01bf 02       		.uleb128 0x2
 1146 01c0 91       		.byte	0x91
 1147 01c1 6B       		.sleb128 -21
 1148 01c2 0F       		.uleb128 0xf
 1149 01c3 60000000 		.4byte	.LASF31
 1150 01c7 01       		.byte	0x1
 1151 01c8 2B       		.byte	0x2b
 1152 01c9 68000000 		.4byte	0x68
 1153 01cd D3010000 		.4byte	0x1d3
 1154 01d1 10       		.uleb128 0x10
 1155 01d2 00       		.byte	0
 1156 01d3 11       		.uleb128 0x11
 1157 01d4 70000000 		.4byte	.LASF27
 1158 01d8 01       		.byte	0x1
 1159 01d9 2D       		.byte	0x2d
 1160 01da 76000000 		.4byte	0x76
 1161 01de 02       		.uleb128 0x2
 1162 01df 91       		.byte	0x91
 1163 01e0 77       		.sleb128 -9
 1164 01e1 11       		.uleb128 0x11
 1165 01e2 92010000 		.4byte	.LASF28
 1166 01e6 01       		.byte	0x1
 1167 01e7 2E       		.byte	0x2e
 1168 01e8 76000000 		.4byte	0x76
 1169 01ec 02       		.uleb128 0x2
 1170 01ed 91       		.byte	0x91
 1171 01ee 76       		.sleb128 -10
 1172 01ef 00       		.byte	0
 1173 01f0 0E       		.uleb128 0xe
 1174 01f1 2E030000 		.4byte	.LASF29
 1175 01f5 01       		.byte	0x1
ARM GAS  C:\Users\semen\AppData\Local\Temp\ccvra229.s 			page 25


 1176 01f6 3F       		.byte	0x3f
 1177 01f7 00000000 		.4byte	.LFB3
 1178 01fb 76000000 		.4byte	.LFE3-.LFB3
 1179 01ff 01       		.uleb128 0x1
 1180 0200 9C       		.byte	0x9c
 1181 0201 90020000 		.4byte	0x290
 1182 0205 0B       		.uleb128 0xb
 1183 0206 81020000 		.4byte	.LASF24
 1184 020a 01       		.byte	0x1
 1185 020b 3F       		.byte	0x3f
 1186 020c 4B010000 		.4byte	0x14b
 1187 0210 02       		.uleb128 0x2
 1188 0211 91       		.byte	0x91
 1189 0212 6C       		.sleb128 -20
 1190 0213 0B       		.uleb128 0xb
 1191 0214 CD020000 		.4byte	.LASF30
 1192 0218 01       		.byte	0x1
 1193 0219 3F       		.byte	0x3f
 1194 021a 76000000 		.4byte	0x76
 1195 021e 02       		.uleb128 0x2
 1196 021f 91       		.byte	0x91
 1197 0220 6B       		.sleb128 -21
 1198 0221 0F       		.uleb128 0xf
 1199 0222 60000000 		.4byte	.LASF31
 1200 0226 01       		.byte	0x1
 1201 0227 2B       		.byte	0x2b
 1202 0228 68000000 		.4byte	0x68
 1203 022c 32020000 		.4byte	0x232
 1204 0230 10       		.uleb128 0x10
 1205 0231 00       		.byte	0
 1206 0232 0F       		.uleb128 0xf
 1207 0233 87030000 		.4byte	.LASF32
 1208 0237 01       		.byte	0x1
 1209 0238 41       		.byte	0x41
 1210 0239 68000000 		.4byte	0x68
 1211 023d 43020000 		.4byte	0x243
 1212 0241 10       		.uleb128 0x10
 1213 0242 00       		.byte	0
 1214 0243 11       		.uleb128 0x11
 1215 0244 95000000 		.4byte	.LASF33
 1216 0248 01       		.byte	0x1
 1217 0249 43       		.byte	0x43
 1218 024a 68000000 		.4byte	0x68
 1219 024e 02       		.uleb128 0x2
 1220 024f 91       		.byte	0x91
 1221 0250 70       		.sleb128 -16
 1222 0251 0C       		.uleb128 0xc
 1223 0252 24000000 		.4byte	.LBB3
 1224 0256 2A000000 		.4byte	.LBE3-.LBB3
 1225 025a 0D       		.uleb128 0xd
 1226 025b 6900     		.ascii	"i\000"
 1227 025d 01       		.byte	0x1
 1228 025e 44       		.byte	0x44
 1229 025f 68000000 		.4byte	0x68
 1230 0263 02       		.uleb128 0x2
 1231 0264 91       		.byte	0x91
 1232 0265 74       		.sleb128 -12
ARM GAS  C:\Users\semen\AppData\Local\Temp\ccvra229.s 			page 26


 1233 0266 0C       		.uleb128 0xc
 1234 0267 2A000000 		.4byte	.LBB4
 1235 026b 16000000 		.4byte	.LBE4-.LBB4
 1236 026f 0F       		.uleb128 0xf
 1237 0270 1B030000 		.4byte	.LASF34
 1238 0274 01       		.byte	0x1
 1239 0275 45       		.byte	0x45
 1240 0276 68000000 		.4byte	0x68
 1241 027a 80020000 		.4byte	0x280
 1242 027e 10       		.uleb128 0x10
 1243 027f 00       		.byte	0
 1244 0280 12       		.uleb128 0x12
 1245 0281 0D020000 		.4byte	.LASF36
 1246 0285 01       		.byte	0x1
 1247 0286 46       		.byte	0x46
 1248 0287 68000000 		.4byte	0x68
 1249 028b 10       		.uleb128 0x10
 1250 028c 00       		.byte	0
 1251 028d 00       		.byte	0
 1252 028e 00       		.byte	0
 1253 028f 00       		.byte	0
 1254 0290 0E       		.uleb128 0xe
 1255 0291 9F030000 		.4byte	.LASF35
 1256 0295 01       		.byte	0x1
 1257 0296 4C       		.byte	0x4c
 1258 0297 00000000 		.4byte	.LFB4
 1259 029b 76000000 		.4byte	.LFE4-.LFB4
 1260 029f 01       		.uleb128 0x1
 1261 02a0 9C       		.byte	0x9c
 1262 02a1 30030000 		.4byte	0x330
 1263 02a5 0B       		.uleb128 0xb
 1264 02a6 81020000 		.4byte	.LASF24
 1265 02aa 01       		.byte	0x1
 1266 02ab 4C       		.byte	0x4c
 1267 02ac 4B010000 		.4byte	0x14b
 1268 02b0 02       		.uleb128 0x2
 1269 02b1 91       		.byte	0x91
 1270 02b2 6C       		.sleb128 -20
 1271 02b3 0B       		.uleb128 0xb
 1272 02b4 CD020000 		.4byte	.LASF30
 1273 02b8 01       		.byte	0x1
 1274 02b9 4C       		.byte	0x4c
 1275 02ba 76000000 		.4byte	0x76
 1276 02be 02       		.uleb128 0x2
 1277 02bf 91       		.byte	0x91
 1278 02c0 6B       		.sleb128 -21
 1279 02c1 0F       		.uleb128 0xf
 1280 02c2 60000000 		.4byte	.LASF31
 1281 02c6 01       		.byte	0x1
 1282 02c7 2B       		.byte	0x2b
 1283 02c8 68000000 		.4byte	0x68
 1284 02cc D2020000 		.4byte	0x2d2
 1285 02d0 10       		.uleb128 0x10
 1286 02d1 00       		.byte	0
 1287 02d2 0F       		.uleb128 0xf
 1288 02d3 87030000 		.4byte	.LASF32
 1289 02d7 01       		.byte	0x1
ARM GAS  C:\Users\semen\AppData\Local\Temp\ccvra229.s 			page 27


 1290 02d8 41       		.byte	0x41
 1291 02d9 68000000 		.4byte	0x68
 1292 02dd E3020000 		.4byte	0x2e3
 1293 02e1 10       		.uleb128 0x10
 1294 02e2 00       		.byte	0
 1295 02e3 11       		.uleb128 0x11
 1296 02e4 95000000 		.4byte	.LASF33
 1297 02e8 01       		.byte	0x1
 1298 02e9 50       		.byte	0x50
 1299 02ea 68000000 		.4byte	0x68
 1300 02ee 02       		.uleb128 0x2
 1301 02ef 91       		.byte	0x91
 1302 02f0 70       		.sleb128 -16
 1303 02f1 0C       		.uleb128 0xc
 1304 02f2 24000000 		.4byte	.LBB5
 1305 02f6 2A000000 		.4byte	.LBE5-.LBB5
 1306 02fa 0D       		.uleb128 0xd
 1307 02fb 6900     		.ascii	"i\000"
 1308 02fd 01       		.byte	0x1
 1309 02fe 51       		.byte	0x51
 1310 02ff 68000000 		.4byte	0x68
 1311 0303 02       		.uleb128 0x2
 1312 0304 91       		.byte	0x91
 1313 0305 74       		.sleb128 -12
 1314 0306 0C       		.uleb128 0xc
 1315 0307 2A000000 		.4byte	.LBB6
 1316 030b 16000000 		.4byte	.LBE6-.LBB6
 1317 030f 0F       		.uleb128 0xf
 1318 0310 1B030000 		.4byte	.LASF34
 1319 0314 01       		.byte	0x1
 1320 0315 45       		.byte	0x45
 1321 0316 68000000 		.4byte	0x68
 1322 031a 20030000 		.4byte	0x320
 1323 031e 10       		.uleb128 0x10
 1324 031f 00       		.byte	0
 1325 0320 12       		.uleb128 0x12
 1326 0321 0D020000 		.4byte	.LASF36
 1327 0325 01       		.byte	0x1
 1328 0326 46       		.byte	0x46
 1329 0327 68000000 		.4byte	0x68
 1330 032b 10       		.uleb128 0x10
 1331 032c 00       		.byte	0
 1332 032d 00       		.byte	0
 1333 032e 00       		.byte	0
 1334 032f 00       		.byte	0
 1335 0330 0E       		.uleb128 0xe
 1336 0331 AB000000 		.4byte	.LASF37
 1337 0335 01       		.byte	0x1
 1338 0336 59       		.byte	0x59
 1339 0337 00000000 		.4byte	.LFB5
 1340 033b D6000000 		.4byte	.LFE5-.LFB5
 1341 033f 01       		.uleb128 0x1
 1342 0340 9C       		.byte	0x9c
 1343 0341 D2030000 		.4byte	0x3d2
 1344 0345 0B       		.uleb128 0xb
 1345 0346 81020000 		.4byte	.LASF24
 1346 034a 01       		.byte	0x1
ARM GAS  C:\Users\semen\AppData\Local\Temp\ccvra229.s 			page 28


 1347 034b 59       		.byte	0x59
 1348 034c 4B010000 		.4byte	0x14b
 1349 0350 02       		.uleb128 0x2
 1350 0351 91       		.byte	0x91
 1351 0352 64       		.sleb128 -28
 1352 0353 0B       		.uleb128 0xb
 1353 0354 1E020000 		.4byte	.LASF38
 1354 0358 01       		.byte	0x1
 1355 0359 59       		.byte	0x59
 1356 035a 76000000 		.4byte	0x76
 1357 035e 02       		.uleb128 0x2
 1358 035f 91       		.byte	0x91
 1359 0360 63       		.sleb128 -29
 1360 0361 11       		.uleb128 0x11
 1361 0362 A5020000 		.4byte	.LASF39
 1362 0366 01       		.byte	0x1
 1363 0367 5E       		.byte	0x5e
 1364 0368 68000000 		.4byte	0x68
 1365 036c 02       		.uleb128 0x2
 1366 036d 91       		.byte	0x91
 1367 036e 70       		.sleb128 -16
 1368 036f 0F       		.uleb128 0xf
 1369 0370 60000000 		.4byte	.LASF31
 1370 0374 01       		.byte	0x1
 1371 0375 2B       		.byte	0x2b
 1372 0376 68000000 		.4byte	0x68
 1373 037a 80030000 		.4byte	0x380
 1374 037e 10       		.uleb128 0x10
 1375 037f 00       		.byte	0
 1376 0380 11       		.uleb128 0x11
 1377 0381 7C020000 		.4byte	.LASF40
 1378 0385 01       		.byte	0x1
 1379 0386 64       		.byte	0x64
 1380 0387 68000000 		.4byte	0x68
 1381 038b 02       		.uleb128 0x2
 1382 038c 91       		.byte	0x91
 1383 038d 6C       		.sleb128 -20
 1384 038e 11       		.uleb128 0x11
 1385 038f CD020000 		.4byte	.LASF30
 1386 0393 01       		.byte	0x1
 1387 0394 65       		.byte	0x65
 1388 0395 76000000 		.4byte	0x76
 1389 0399 02       		.uleb128 0x2
 1390 039a 91       		.byte	0x91
 1391 039b 6B       		.sleb128 -21
 1392 039c 11       		.uleb128 0x11
 1393 039d 37000000 		.4byte	.LASF41
 1394 03a1 01       		.byte	0x1
 1395 03a2 66       		.byte	0x66
 1396 03a3 76000000 		.4byte	0x76
 1397 03a7 02       		.uleb128 0x2
 1398 03a8 91       		.byte	0x91
 1399 03a9 6A       		.sleb128 -22
 1400 03aa 0F       		.uleb128 0xf
 1401 03ab 87030000 		.4byte	.LASF32
 1402 03af 01       		.byte	0x1
 1403 03b0 41       		.byte	0x41
ARM GAS  C:\Users\semen\AppData\Local\Temp\ccvra229.s 			page 29


 1404 03b1 68000000 		.4byte	0x68
 1405 03b5 BB030000 		.4byte	0x3bb
 1406 03b9 10       		.uleb128 0x10
 1407 03ba 00       		.byte	0
 1408 03bb 0C       		.uleb128 0xc
 1409 03bc 64000000 		.4byte	.LBB7
 1410 03c0 5E000000 		.4byte	.LBE7-.LBB7
 1411 03c4 0D       		.uleb128 0xd
 1412 03c5 6900     		.ascii	"i\000"
 1413 03c7 01       		.byte	0x1
 1414 03c8 6A       		.byte	0x6a
 1415 03c9 68000000 		.4byte	0x68
 1416 03cd 02       		.uleb128 0x2
 1417 03ce 91       		.byte	0x91
 1418 03cf 74       		.sleb128 -12
 1419 03d0 00       		.byte	0
 1420 03d1 00       		.byte	0
 1421 03d2 0E       		.uleb128 0xe
 1422 03d3 7D000000 		.4byte	.LASF42
 1423 03d7 01       		.byte	0x1
 1424 03d8 75       		.byte	0x75
 1425 03d9 00000000 		.4byte	.LFB6
 1426 03dd C0000000 		.4byte	.LFE6-.LFB6
 1427 03e1 01       		.uleb128 0x1
 1428 03e2 9C       		.byte	0x9c
 1429 03e3 AD040000 		.4byte	0x4ad
 1430 03e7 0B       		.uleb128 0xb
 1431 03e8 81020000 		.4byte	.LASF24
 1432 03ec 01       		.byte	0x1
 1433 03ed 75       		.byte	0x75
 1434 03ee 4B010000 		.4byte	0x14b
 1435 03f2 02       		.uleb128 0x2
 1436 03f3 91       		.byte	0x91
 1437 03f4 5C       		.sleb128 -36
 1438 03f5 0B       		.uleb128 0xb
 1439 03f6 1E020000 		.4byte	.LASF38
 1440 03fa 01       		.byte	0x1
 1441 03fb 75       		.byte	0x75
 1442 03fc 76000000 		.4byte	0x76
 1443 0400 02       		.uleb128 0x2
 1444 0401 91       		.byte	0x91
 1445 0402 5B       		.sleb128 -37
 1446 0403 11       		.uleb128 0x11
 1447 0404 13030000 		.4byte	.LASF43
 1448 0408 01       		.byte	0x1
 1449 0409 7A       		.byte	0x7a
 1450 040a 68000000 		.4byte	0x68
 1451 040e 02       		.uleb128 0x2
 1452 040f 91       		.byte	0x91
 1453 0410 70       		.sleb128 -16
 1454 0411 11       		.uleb128 0x11
 1455 0412 A5020000 		.4byte	.LASF39
 1456 0416 01       		.byte	0x1
 1457 0417 7B       		.byte	0x7b
 1458 0418 68000000 		.4byte	0x68
 1459 041c 02       		.uleb128 0x2
 1460 041d 91       		.byte	0x91
ARM GAS  C:\Users\semen\AppData\Local\Temp\ccvra229.s 			page 30


 1461 041e 6C       		.sleb128 -20
 1462 041f 0F       		.uleb128 0xf
 1463 0420 60000000 		.4byte	.LASF31
 1464 0424 01       		.byte	0x1
 1465 0425 2B       		.byte	0x2b
 1466 0426 68000000 		.4byte	0x68
 1467 042a 30040000 		.4byte	0x430
 1468 042e 10       		.uleb128 0x10
 1469 042f 00       		.byte	0
 1470 0430 11       		.uleb128 0x11
 1471 0431 CD020000 		.4byte	.LASF30
 1472 0435 01       		.byte	0x1
 1473 0436 81       		.byte	0x81
 1474 0437 76000000 		.4byte	0x76
 1475 043b 02       		.uleb128 0x2
 1476 043c 91       		.byte	0x91
 1477 043d 6B       		.sleb128 -21
 1478 043e 0F       		.uleb128 0xf
 1479 043f 42000000 		.4byte	.LASF44
 1480 0443 01       		.byte	0x1
 1481 0444 83       		.byte	0x83
 1482 0445 68000000 		.4byte	0x68
 1483 0449 4F040000 		.4byte	0x44f
 1484 044d 10       		.uleb128 0x10
 1485 044e 00       		.byte	0
 1486 044f 11       		.uleb128 0x11
 1487 0450 95000000 		.4byte	.LASF33
 1488 0454 01       		.byte	0x1
 1489 0455 85       		.byte	0x85
 1490 0456 68000000 		.4byte	0x68
 1491 045a 02       		.uleb128 0x2
 1492 045b 91       		.byte	0x91
 1493 045c 64       		.sleb128 -28
 1494 045d 13       		.uleb128 0x13
 1495 045e 61627300 		.ascii	"abs\000"
 1496 0462 07       		.byte	0x7
 1497 0463 00       		.byte	0
 1498 0464 68000000 		.4byte	0x68
 1499 0468 6E040000 		.4byte	0x46e
 1500 046c 10       		.uleb128 0x10
 1501 046d 00       		.byte	0
 1502 046e 0C       		.uleb128 0xc
 1503 046f 66000000 		.4byte	.LBB8
 1504 0473 2A000000 		.4byte	.LBE8-.LBB8
 1505 0477 0D       		.uleb128 0xd
 1506 0478 6900     		.ascii	"i\000"
 1507 047a 01       		.byte	0x1
 1508 047b 87       		.byte	0x87
 1509 047c 68000000 		.4byte	0x68
 1510 0480 02       		.uleb128 0x2
 1511 0481 91       		.byte	0x91
 1512 0482 74       		.sleb128 -12
 1513 0483 0C       		.uleb128 0xc
 1514 0484 6C000000 		.4byte	.LBB9
 1515 0488 16000000 		.4byte	.LBE9-.LBB9
 1516 048c 0F       		.uleb128 0xf
 1517 048d E7020000 		.4byte	.LASF45
ARM GAS  C:\Users\semen\AppData\Local\Temp\ccvra229.s 			page 31


 1518 0491 01       		.byte	0x1
 1519 0492 88       		.byte	0x88
 1520 0493 68000000 		.4byte	0x68
 1521 0497 9D040000 		.4byte	0x49d
 1522 049b 10       		.uleb128 0x10
 1523 049c 00       		.byte	0
 1524 049d 12       		.uleb128 0x12
 1525 049e 0D020000 		.4byte	.LASF36
 1526 04a2 01       		.byte	0x1
 1527 04a3 46       		.byte	0x46
 1528 04a4 68000000 		.4byte	0x68
 1529 04a8 10       		.uleb128 0x10
 1530 04a9 00       		.byte	0
 1531 04aa 00       		.byte	0
 1532 04ab 00       		.byte	0
 1533 04ac 00       		.byte	0
 1534 04ad 0E       		.uleb128 0xe
 1535 04ae 6D030000 		.4byte	.LASF46
 1536 04b2 01       		.byte	0x1
 1537 04b3 92       		.byte	0x92
 1538 04b4 00000000 		.4byte	.LFB7
 1539 04b8 08010000 		.4byte	.LFE7-.LFB7
 1540 04bc 01       		.uleb128 0x1
 1541 04bd 9C       		.byte	0x9c
 1542 04be 29050000 		.4byte	0x529
 1543 04c2 0B       		.uleb128 0xb
 1544 04c3 81020000 		.4byte	.LASF24
 1545 04c7 01       		.byte	0x1
 1546 04c8 92       		.byte	0x92
 1547 04c9 4B010000 		.4byte	0x14b
 1548 04cd 02       		.uleb128 0x2
 1549 04ce 91       		.byte	0x91
 1550 04cf 64       		.sleb128 -28
 1551 04d0 0B       		.uleb128 0xb
 1552 04d1 A6000000 		.4byte	.LASF47
 1553 04d5 01       		.byte	0x1
 1554 04d6 92       		.byte	0x92
 1555 04d7 8F000000 		.4byte	0x8f
 1556 04db 02       		.uleb128 0x2
 1557 04dc 91       		.byte	0x91
 1558 04dd 60       		.sleb128 -32
 1559 04de 11       		.uleb128 0x11
 1560 04df 04030000 		.4byte	.LASF48
 1561 04e3 01       		.byte	0x1
 1562 04e4 97       		.byte	0x97
 1563 04e5 29050000 		.4byte	0x529
 1564 04e9 02       		.uleb128 0x2
 1565 04ea 91       		.byte	0x91
 1566 04eb 77       		.sleb128 -9
 1567 04ec 11       		.uleb128 0x11
 1568 04ed 17020000 		.4byte	.LASF26
 1569 04f1 01       		.byte	0x1
 1570 04f2 98       		.byte	0x98
 1571 04f3 95000000 		.4byte	0x95
 1572 04f7 02       		.uleb128 0x2
 1573 04f8 91       		.byte	0x91
 1574 04f9 76       		.sleb128 -10
ARM GAS  C:\Users\semen\AppData\Local\Temp\ccvra229.s 			page 32


 1575 04fa 0C       		.uleb128 0xc
 1576 04fb 1A000000 		.4byte	.LBB10
 1577 04ff E2000000 		.4byte	.LBE10-.LBB10
 1578 0503 0D       		.uleb128 0xd
 1579 0504 6900     		.ascii	"i\000"
 1580 0506 01       		.byte	0x1
 1581 0507 9A       		.byte	0x9a
 1582 0508 68000000 		.4byte	0x68
 1583 050c 02       		.uleb128 0x2
 1584 050d 91       		.byte	0x91
 1585 050e 70       		.sleb128 -16
 1586 050f 0C       		.uleb128 0xc
 1587 0510 9A000000 		.4byte	.LBB11
 1588 0514 38000000 		.4byte	.LBE11-.LBB11
 1589 0518 0D       		.uleb128 0xd
 1590 0519 5F5F7800 		.ascii	"__x\000"
 1591 051d 01       		.byte	0x1
 1592 051e A7       		.byte	0xa7
 1593 051f 95000000 		.4byte	0x95
 1594 0523 02       		.uleb128 0x2
 1595 0524 91       		.byte	0x91
 1596 0525 6F       		.sleb128 -17
 1597 0526 00       		.byte	0
 1598 0527 00       		.byte	0
 1599 0528 00       		.byte	0
 1600 0529 02       		.uleb128 0x2
 1601 052a 01       		.byte	0x1
 1602 052b 02       		.byte	0x2
 1603 052c 99030000 		.4byte	.LASF49
 1604 0530 14       		.uleb128 0x14
 1605 0531 40050000 		.4byte	0x540
 1606 0535 40050000 		.4byte	0x540
 1607 0539 15       		.uleb128 0x15
 1608 053a 88000000 		.4byte	0x88
 1609 053e 7F       		.byte	0x7f
 1610 053f 00       		.byte	0
 1611 0540 06       		.uleb128 0x6
 1612 0541 D6000000 		.4byte	0xd6
 1613 0545 16       		.uleb128 0x16
 1614 0546 00000000 		.4byte	.LASF50
 1615 054a 04       		.byte	0x4
 1616 054b 16       		.byte	0x16
 1617 054c 50050000 		.4byte	0x550
 1618 0550 06       		.uleb128 0x6
 1619 0551 30050000 		.4byte	0x530
 1620 0555 14       		.uleb128 0x14
 1621 0556 76000000 		.4byte	0x76
 1622 055a 65050000 		.4byte	0x565
 1623 055e 15       		.uleb128 0x15
 1624 055f 88000000 		.4byte	0x88
 1625 0563 3B       		.byte	0x3b
 1626 0564 00       		.byte	0
 1627 0565 17       		.uleb128 0x17
 1628 0566 4F020000 		.4byte	.LASF51
 1629 056a 01       		.byte	0x1
 1630 056b 12       		.byte	0x12
 1631 056c 55050000 		.4byte	0x555
ARM GAS  C:\Users\semen\AppData\Local\Temp\ccvra229.s 			page 33


 1632 0570 05       		.uleb128 0x5
 1633 0571 03       		.byte	0x3
 1634 0572 00000000 		.4byte	rail_cell_pos
 1635 0576 17       		.uleb128 0x17
 1636 0577 D7020000 		.4byte	.LASF52
 1637 057b 01       		.byte	0x1
 1638 057c 13       		.byte	0x13
 1639 057d E1000000 		.4byte	0xe1
 1640 0581 05       		.uleb128 0x5
 1641 0582 03       		.byte	0x3
 1642 0583 00000000 		.4byte	Motors
 1643 0587 16       		.uleb128 0x16
 1644 0588 CB000000 		.4byte	.LASF53
 1645 058c 06       		.byte	0x6
 1646 058d 2E       		.byte	0x2e
 1647 058e 9C000000 		.4byte	0x9c
 1648 0592 00       		.byte	0
 1649              		.section	.debug_abbrev,"",%progbits
 1650              	.Ldebug_abbrev0:
 1651 0000 01       		.uleb128 0x1
 1652 0001 11       		.uleb128 0x11
 1653 0002 01       		.byte	0x1
 1654 0003 25       		.uleb128 0x25
 1655 0004 0E       		.uleb128 0xe
 1656 0005 13       		.uleb128 0x13
 1657 0006 0B       		.uleb128 0xb
 1658 0007 03       		.uleb128 0x3
 1659 0008 0E       		.uleb128 0xe
 1660 0009 1B       		.uleb128 0x1b
 1661 000a 0E       		.uleb128 0xe
 1662 000b 55       		.uleb128 0x55
 1663 000c 17       		.uleb128 0x17
 1664 000d 11       		.uleb128 0x11
 1665 000e 01       		.uleb128 0x1
 1666 000f 10       		.uleb128 0x10
 1667 0010 17       		.uleb128 0x17
 1668 0011 00       		.byte	0
 1669 0012 00       		.byte	0
 1670 0013 02       		.uleb128 0x2
 1671 0014 24       		.uleb128 0x24
 1672 0015 00       		.byte	0
 1673 0016 0B       		.uleb128 0xb
 1674 0017 0B       		.uleb128 0xb
 1675 0018 3E       		.uleb128 0x3e
 1676 0019 0B       		.uleb128 0xb
 1677 001a 03       		.uleb128 0x3
 1678 001b 0E       		.uleb128 0xe
 1679 001c 00       		.byte	0
 1680 001d 00       		.byte	0
 1681 001e 03       		.uleb128 0x3
 1682 001f 16       		.uleb128 0x16
 1683 0020 00       		.byte	0
 1684 0021 03       		.uleb128 0x3
 1685 0022 0E       		.uleb128 0xe
 1686 0023 3A       		.uleb128 0x3a
 1687 0024 0B       		.uleb128 0xb
 1688 0025 3B       		.uleb128 0x3b
ARM GAS  C:\Users\semen\AppData\Local\Temp\ccvra229.s 			page 34


 1689 0026 0B       		.uleb128 0xb
 1690 0027 49       		.uleb128 0x49
 1691 0028 13       		.uleb128 0x13
 1692 0029 00       		.byte	0
 1693 002a 00       		.byte	0
 1694 002b 04       		.uleb128 0x4
 1695 002c 24       		.uleb128 0x24
 1696 002d 00       		.byte	0
 1697 002e 0B       		.uleb128 0xb
 1698 002f 0B       		.uleb128 0xb
 1699 0030 3E       		.uleb128 0x3e
 1700 0031 0B       		.uleb128 0xb
 1701 0032 03       		.uleb128 0x3
 1702 0033 08       		.uleb128 0x8
 1703 0034 00       		.byte	0
 1704 0035 00       		.byte	0
 1705 0036 05       		.uleb128 0x5
 1706 0037 0F       		.uleb128 0xf
 1707 0038 00       		.byte	0
 1708 0039 0B       		.uleb128 0xb
 1709 003a 0B       		.uleb128 0xb
 1710 003b 49       		.uleb128 0x49
 1711 003c 13       		.uleb128 0x13
 1712 003d 00       		.byte	0
 1713 003e 00       		.byte	0
 1714 003f 06       		.uleb128 0x6
 1715 0040 26       		.uleb128 0x26
 1716 0041 00       		.byte	0
 1717 0042 49       		.uleb128 0x49
 1718 0043 13       		.uleb128 0x13
 1719 0044 00       		.byte	0
 1720 0045 00       		.byte	0
 1721 0046 07       		.uleb128 0x7
 1722 0047 13       		.uleb128 0x13
 1723 0048 01       		.byte	0x1
 1724 0049 0B       		.uleb128 0xb
 1725 004a 0B       		.uleb128 0xb
 1726 004b 3A       		.uleb128 0x3a
 1727 004c 0B       		.uleb128 0xb
 1728 004d 3B       		.uleb128 0x3b
 1729 004e 0B       		.uleb128 0xb
 1730 004f 01       		.uleb128 0x1
 1731 0050 13       		.uleb128 0x13
 1732 0051 00       		.byte	0
 1733 0052 00       		.byte	0
 1734 0053 08       		.uleb128 0x8
 1735 0054 0D       		.uleb128 0xd
 1736 0055 00       		.byte	0
 1737 0056 03       		.uleb128 0x3
 1738 0057 0E       		.uleb128 0xe
 1739 0058 3A       		.uleb128 0x3a
 1740 0059 0B       		.uleb128 0xb
 1741 005a 3B       		.uleb128 0x3b
 1742 005b 0B       		.uleb128 0xb
 1743 005c 49       		.uleb128 0x49
 1744 005d 13       		.uleb128 0x13
 1745 005e 38       		.uleb128 0x38
ARM GAS  C:\Users\semen\AppData\Local\Temp\ccvra229.s 			page 35


 1746 005f 0B       		.uleb128 0xb
 1747 0060 00       		.byte	0
 1748 0061 00       		.byte	0
 1749 0062 09       		.uleb128 0x9
 1750 0063 13       		.uleb128 0x13
 1751 0064 01       		.byte	0x1
 1752 0065 03       		.uleb128 0x3
 1753 0066 0E       		.uleb128 0xe
 1754 0067 0B       		.uleb128 0xb
 1755 0068 0B       		.uleb128 0xb
 1756 0069 3A       		.uleb128 0x3a
 1757 006a 0B       		.uleb128 0xb
 1758 006b 3B       		.uleb128 0x3b
 1759 006c 0B       		.uleb128 0xb
 1760 006d 01       		.uleb128 0x1
 1761 006e 13       		.uleb128 0x13
 1762 006f 00       		.byte	0
 1763 0070 00       		.byte	0
 1764 0071 0A       		.uleb128 0xa
 1765 0072 2E       		.uleb128 0x2e
 1766 0073 01       		.byte	0x1
 1767 0074 3F       		.uleb128 0x3f
 1768 0075 19       		.uleb128 0x19
 1769 0076 03       		.uleb128 0x3
 1770 0077 0E       		.uleb128 0xe
 1771 0078 3A       		.uleb128 0x3a
 1772 0079 0B       		.uleb128 0xb
 1773 007a 3B       		.uleb128 0x3b
 1774 007b 0B       		.uleb128 0xb
 1775 007c 27       		.uleb128 0x27
 1776 007d 19       		.uleb128 0x19
 1777 007e 11       		.uleb128 0x11
 1778 007f 01       		.uleb128 0x1
 1779 0080 12       		.uleb128 0x12
 1780 0081 06       		.uleb128 0x6
 1781 0082 40       		.uleb128 0x40
 1782 0083 18       		.uleb128 0x18
 1783 0084 9742     		.uleb128 0x2117
 1784 0086 19       		.uleb128 0x19
 1785 0087 01       		.uleb128 0x1
 1786 0088 13       		.uleb128 0x13
 1787 0089 00       		.byte	0
 1788 008a 00       		.byte	0
 1789 008b 0B       		.uleb128 0xb
 1790 008c 05       		.uleb128 0x5
 1791 008d 00       		.byte	0
 1792 008e 03       		.uleb128 0x3
 1793 008f 0E       		.uleb128 0xe
 1794 0090 3A       		.uleb128 0x3a
 1795 0091 0B       		.uleb128 0xb
 1796 0092 3B       		.uleb128 0x3b
 1797 0093 0B       		.uleb128 0xb
 1798 0094 49       		.uleb128 0x49
 1799 0095 13       		.uleb128 0x13
 1800 0096 02       		.uleb128 0x2
 1801 0097 18       		.uleb128 0x18
 1802 0098 00       		.byte	0
ARM GAS  C:\Users\semen\AppData\Local\Temp\ccvra229.s 			page 36


 1803 0099 00       		.byte	0
 1804 009a 0C       		.uleb128 0xc
 1805 009b 0B       		.uleb128 0xb
 1806 009c 01       		.byte	0x1
 1807 009d 11       		.uleb128 0x11
 1808 009e 01       		.uleb128 0x1
 1809 009f 12       		.uleb128 0x12
 1810 00a0 06       		.uleb128 0x6
 1811 00a1 00       		.byte	0
 1812 00a2 00       		.byte	0
 1813 00a3 0D       		.uleb128 0xd
 1814 00a4 34       		.uleb128 0x34
 1815 00a5 00       		.byte	0
 1816 00a6 03       		.uleb128 0x3
 1817 00a7 08       		.uleb128 0x8
 1818 00a8 3A       		.uleb128 0x3a
 1819 00a9 0B       		.uleb128 0xb
 1820 00aa 3B       		.uleb128 0x3b
 1821 00ab 0B       		.uleb128 0xb
 1822 00ac 49       		.uleb128 0x49
 1823 00ad 13       		.uleb128 0x13
 1824 00ae 02       		.uleb128 0x2
 1825 00af 18       		.uleb128 0x18
 1826 00b0 00       		.byte	0
 1827 00b1 00       		.byte	0
 1828 00b2 0E       		.uleb128 0xe
 1829 00b3 2E       		.uleb128 0x2e
 1830 00b4 01       		.byte	0x1
 1831 00b5 3F       		.uleb128 0x3f
 1832 00b6 19       		.uleb128 0x19
 1833 00b7 03       		.uleb128 0x3
 1834 00b8 0E       		.uleb128 0xe
 1835 00b9 3A       		.uleb128 0x3a
 1836 00ba 0B       		.uleb128 0xb
 1837 00bb 3B       		.uleb128 0x3b
 1838 00bc 0B       		.uleb128 0xb
 1839 00bd 27       		.uleb128 0x27
 1840 00be 19       		.uleb128 0x19
 1841 00bf 11       		.uleb128 0x11
 1842 00c0 01       		.uleb128 0x1
 1843 00c1 12       		.uleb128 0x12
 1844 00c2 06       		.uleb128 0x6
 1845 00c3 40       		.uleb128 0x40
 1846 00c4 18       		.uleb128 0x18
 1847 00c5 9642     		.uleb128 0x2116
 1848 00c7 19       		.uleb128 0x19
 1849 00c8 01       		.uleb128 0x1
 1850 00c9 13       		.uleb128 0x13
 1851 00ca 00       		.byte	0
 1852 00cb 00       		.byte	0
 1853 00cc 0F       		.uleb128 0xf
 1854 00cd 2E       		.uleb128 0x2e
 1855 00ce 01       		.byte	0x1
 1856 00cf 3F       		.uleb128 0x3f
 1857 00d0 19       		.uleb128 0x19
 1858 00d1 03       		.uleb128 0x3
 1859 00d2 0E       		.uleb128 0xe
ARM GAS  C:\Users\semen\AppData\Local\Temp\ccvra229.s 			page 37


 1860 00d3 3A       		.uleb128 0x3a
 1861 00d4 0B       		.uleb128 0xb
 1862 00d5 3B       		.uleb128 0x3b
 1863 00d6 0B       		.uleb128 0xb
 1864 00d7 49       		.uleb128 0x49
 1865 00d8 13       		.uleb128 0x13
 1866 00d9 3C       		.uleb128 0x3c
 1867 00da 19       		.uleb128 0x19
 1868 00db 01       		.uleb128 0x1
 1869 00dc 13       		.uleb128 0x13
 1870 00dd 00       		.byte	0
 1871 00de 00       		.byte	0
 1872 00df 10       		.uleb128 0x10
 1873 00e0 18       		.uleb128 0x18
 1874 00e1 00       		.byte	0
 1875 00e2 00       		.byte	0
 1876 00e3 00       		.byte	0
 1877 00e4 11       		.uleb128 0x11
 1878 00e5 34       		.uleb128 0x34
 1879 00e6 00       		.byte	0
 1880 00e7 03       		.uleb128 0x3
 1881 00e8 0E       		.uleb128 0xe
 1882 00e9 3A       		.uleb128 0x3a
 1883 00ea 0B       		.uleb128 0xb
 1884 00eb 3B       		.uleb128 0x3b
 1885 00ec 0B       		.uleb128 0xb
 1886 00ed 49       		.uleb128 0x49
 1887 00ee 13       		.uleb128 0x13
 1888 00ef 02       		.uleb128 0x2
 1889 00f0 18       		.uleb128 0x18
 1890 00f1 00       		.byte	0
 1891 00f2 00       		.byte	0
 1892 00f3 12       		.uleb128 0x12
 1893 00f4 2E       		.uleb128 0x2e
 1894 00f5 01       		.byte	0x1
 1895 00f6 3F       		.uleb128 0x3f
 1896 00f7 19       		.uleb128 0x19
 1897 00f8 03       		.uleb128 0x3
 1898 00f9 0E       		.uleb128 0xe
 1899 00fa 3A       		.uleb128 0x3a
 1900 00fb 0B       		.uleb128 0xb
 1901 00fc 3B       		.uleb128 0x3b
 1902 00fd 0B       		.uleb128 0xb
 1903 00fe 49       		.uleb128 0x49
 1904 00ff 13       		.uleb128 0x13
 1905 0100 3C       		.uleb128 0x3c
 1906 0101 19       		.uleb128 0x19
 1907 0102 00       		.byte	0
 1908 0103 00       		.byte	0
 1909 0104 13       		.uleb128 0x13
 1910 0105 2E       		.uleb128 0x2e
 1911 0106 01       		.byte	0x1
 1912 0107 3F       		.uleb128 0x3f
 1913 0108 19       		.uleb128 0x19
 1914 0109 03       		.uleb128 0x3
 1915 010a 08       		.uleb128 0x8
 1916 010b 3A       		.uleb128 0x3a
ARM GAS  C:\Users\semen\AppData\Local\Temp\ccvra229.s 			page 38


 1917 010c 0B       		.uleb128 0xb
 1918 010d 3B       		.uleb128 0x3b
 1919 010e 0B       		.uleb128 0xb
 1920 010f 49       		.uleb128 0x49
 1921 0110 13       		.uleb128 0x13
 1922 0111 3C       		.uleb128 0x3c
 1923 0112 19       		.uleb128 0x19
 1924 0113 01       		.uleb128 0x1
 1925 0114 13       		.uleb128 0x13
 1926 0115 00       		.byte	0
 1927 0116 00       		.byte	0
 1928 0117 14       		.uleb128 0x14
 1929 0118 01       		.uleb128 0x1
 1930 0119 01       		.byte	0x1
 1931 011a 49       		.uleb128 0x49
 1932 011b 13       		.uleb128 0x13
 1933 011c 01       		.uleb128 0x1
 1934 011d 13       		.uleb128 0x13
 1935 011e 00       		.byte	0
 1936 011f 00       		.byte	0
 1937 0120 15       		.uleb128 0x15
 1938 0121 21       		.uleb128 0x21
 1939 0122 00       		.byte	0
 1940 0123 49       		.uleb128 0x49
 1941 0124 13       		.uleb128 0x13
 1942 0125 2F       		.uleb128 0x2f
 1943 0126 0B       		.uleb128 0xb
 1944 0127 00       		.byte	0
 1945 0128 00       		.byte	0
 1946 0129 16       		.uleb128 0x16
 1947 012a 34       		.uleb128 0x34
 1948 012b 00       		.byte	0
 1949 012c 03       		.uleb128 0x3
 1950 012d 0E       		.uleb128 0xe
 1951 012e 3A       		.uleb128 0x3a
 1952 012f 0B       		.uleb128 0xb
 1953 0130 3B       		.uleb128 0x3b
 1954 0131 0B       		.uleb128 0xb
 1955 0132 49       		.uleb128 0x49
 1956 0133 13       		.uleb128 0x13
 1957 0134 3F       		.uleb128 0x3f
 1958 0135 19       		.uleb128 0x19
 1959 0136 3C       		.uleb128 0x3c
 1960 0137 19       		.uleb128 0x19
 1961 0138 00       		.byte	0
 1962 0139 00       		.byte	0
 1963 013a 17       		.uleb128 0x17
 1964 013b 34       		.uleb128 0x34
 1965 013c 00       		.byte	0
 1966 013d 03       		.uleb128 0x3
 1967 013e 0E       		.uleb128 0xe
 1968 013f 3A       		.uleb128 0x3a
 1969 0140 0B       		.uleb128 0xb
 1970 0141 3B       		.uleb128 0x3b
 1971 0142 0B       		.uleb128 0xb
 1972 0143 49       		.uleb128 0x49
 1973 0144 13       		.uleb128 0x13
ARM GAS  C:\Users\semen\AppData\Local\Temp\ccvra229.s 			page 39


 1974 0145 3F       		.uleb128 0x3f
 1975 0146 19       		.uleb128 0x19
 1976 0147 02       		.uleb128 0x2
 1977 0148 18       		.uleb128 0x18
 1978 0149 00       		.byte	0
 1979 014a 00       		.byte	0
 1980 014b 00       		.byte	0
 1981              		.section	.debug_aranges,"",%progbits
 1982 0000 54000000 		.4byte	0x54
 1983 0004 0200     		.2byte	0x2
 1984 0006 00000000 		.4byte	.Ldebug_info0
 1985 000a 04       		.byte	0x4
 1986 000b 00       		.byte	0
 1987 000c 0000     		.2byte	0
 1988 000e 0000     		.2byte	0
 1989 0010 00000000 		.4byte	.LFB0
 1990 0014 3C000000 		.4byte	.LFE0-.LFB0
 1991 0018 00000000 		.4byte	.LFB1
 1992 001c 20000000 		.4byte	.LFE1-.LFB1
 1993 0020 00000000 		.4byte	.LFB2
 1994 0024 88000000 		.4byte	.LFE2-.LFB2
 1995 0028 00000000 		.4byte	.LFB3
 1996 002c 76000000 		.4byte	.LFE3-.LFB3
 1997 0030 00000000 		.4byte	.LFB4
 1998 0034 76000000 		.4byte	.LFE4-.LFB4
 1999 0038 00000000 		.4byte	.LFB5
 2000 003c D6000000 		.4byte	.LFE5-.LFB5
 2001 0040 00000000 		.4byte	.LFB6
 2002 0044 C0000000 		.4byte	.LFE6-.LFB6
 2003 0048 00000000 		.4byte	.LFB7
 2004 004c 08010000 		.4byte	.LFE7-.LFB7
 2005 0050 00000000 		.4byte	0
 2006 0054 00000000 		.4byte	0
 2007              		.section	.debug_ranges,"",%progbits
 2008              	.Ldebug_ranges0:
 2009 0000 00000000 		.4byte	.LFB0
 2010 0004 3C000000 		.4byte	.LFE0
 2011 0008 00000000 		.4byte	.LFB1
 2012 000c 20000000 		.4byte	.LFE1
 2013 0010 00000000 		.4byte	.LFB2
 2014 0014 88000000 		.4byte	.LFE2
 2015 0018 00000000 		.4byte	.LFB3
 2016 001c 76000000 		.4byte	.LFE3
 2017 0020 00000000 		.4byte	.LFB4
 2018 0024 76000000 		.4byte	.LFE4
 2019 0028 00000000 		.4byte	.LFB5
 2020 002c D6000000 		.4byte	.LFE5
 2021 0030 00000000 		.4byte	.LFB6
 2022 0034 C0000000 		.4byte	.LFE6
 2023 0038 00000000 		.4byte	.LFB7
 2024 003c 08010000 		.4byte	.LFE7
 2025 0040 00000000 		.4byte	0
 2026 0044 00000000 		.4byte	0
 2027              		.section	.debug_line,"",%progbits
 2028              	.Ldebug_line0:
 2029 0000 AF030000 		.section	.debug_str,"MS",%progbits,1
 2029      0200EC01 
ARM GAS  C:\Users\semen\AppData\Local\Temp\ccvra229.s 			page 40


 2029      00000201 
 2029      FB0E0D00 
 2029      01010101 
 2030              	.LASF50:
 2031 0000 62726169 		.ascii	"braille_table\000"
 2031      6C6C655F 
 2031      7461626C 
 2031      6500
 2032              	.LASF55:
 2033 000e 5242445F 		.ascii	"RBD_sources\\motor_controller.c\000"
 2033      736F7572 
 2033      6365735C 
 2033      6D6F746F 
 2033      725F636F 
 2034              	.LASF9:
 2035 002d 5F5F7569 		.ascii	"__uint8_t\000"
 2035      6E74385F 
 2035      7400
 2036              	.LASF41:
 2037 0037 73746172 		.ascii	"start_rail\000"
 2037      745F7261 
 2037      696C00
 2038              	.LASF44:
 2039 0042 4D4F544F 		.ascii	"MOTOR_2_DIR_Write\000"
 2039      525F325F 
 2039      4449525F 
 2039      57726974 
 2039      6500
 2040              	.LASF18:
 2041 0054 42726169 		.ascii	"BrailleCell\000"
 2041      6C6C6543 
 2041      656C6C00 
 2042              	.LASF31:
 2043 0060 4D4F544F 		.ascii	"MOTORS_EN_Write\000"
 2043      52535F45 
 2043      4E5F5772 
 2043      69746500 
 2044              	.LASF27:
 2045 0070 66697273 		.ascii	"first\000"
 2045      7400
 2046              	.LASF14:
 2047 0076 646F7562 		.ascii	"double\000"
 2047      6C6500
 2048              	.LASF42:
 2049 007d 4D6F746F 		.ascii	"MotorController_SetCell\000"
 2049      72436F6E 
 2049      74726F6C 
 2049      6C65725F 
 2049      53657443 
 2050              	.LASF33:
 2051 0095 73746570 		.ascii	"steps\000"
 2051      7300
 2052              	.LASF16:
 2053 009b 6C656674 		.ascii	"left\000"
 2053      00
 2054              	.LASF15:
 2055 00a0 666C6F61 		.ascii	"float\000"
ARM GAS  C:\Users\semen\AppData\Local\Temp\ccvra229.s 			page 41


 2055      7400
 2056              	.LASF47:
 2057 00a6 64617461 		.ascii	"data\000"
 2057      00
 2058              	.LASF37:
 2059 00ab 4D6F746F 		.ascii	"MotorController_MoveToPos\000"
 2059      72436F6E 
 2059      74726F6C 
 2059      6C65725F 
 2059      4D6F7665 
 2060              	.LASF17:
 2061 00c5 72696768 		.ascii	"right\000"
 2061      7400
 2062              	.LASF53:
 2063 00cb 5F5F6374 		.ascii	"__ctype_ptr__\000"
 2063      7970655F 
 2063      7074725F 
 2063      5F00
 2064              	.LASF3:
 2065 00d9 73686F72 		.ascii	"short unsigned int\000"
 2065      7420756E 
 2065      7369676E 
 2065      65642069 
 2065      6E7400
 2066              	.LASF54:
 2067 00ec 474E5520 		.ascii	"GNU C11 5.4.1 20160609 (release) [ARM/embedded-5-br"
 2067      43313120 
 2067      352E342E 
 2067      31203230 
 2067      31363036 
 2068 011f 616E6368 		.ascii	"anch revision 237715] -mcpu=cortex-m0 -mthumb -g -O"
 2068      20726576 
 2068      6973696F 
 2068      6E203233 
 2068      37373135 
 2069 0152 30202D66 		.ascii	"0 -ffunction-sections -ffat-lto-objects\000"
 2069      66756E63 
 2069      74696F6E 
 2069      2D736563 
 2069      74696F6E 
 2070              	.LASF23:
 2071 017a 4D6F746F 		.ascii	"MotorController_SetRail\000"
 2071      72436F6E 
 2071      74726F6C 
 2071      6C65725F 
 2071      53657452 
 2072              	.LASF28:
 2073 0192 7365636F 		.ascii	"second\000"
 2073      6E6400
 2074              	.LASF1:
 2075 0199 756E7369 		.ascii	"unsigned char\000"
 2075      676E6564 
 2075      20636861 
 2075      7200
 2076              	.LASF56:
 2077 01a7 443A5C55 		.ascii	"D:\\UCU_4th_year\\diploma\\refreshable_braille_devi"
 2077      43555F34 
ARM GAS  C:\Users\semen\AppData\Local\Temp\ccvra229.s 			page 42


 2077      74685F79 
 2077      6561725C 
 2077      6469706C 
 2078 01d7 63655C52 		.ascii	"ce\\RBD\\Braille_device.cydsn\000"
 2078      42445C42 
 2078      7261696C 
 2078      6C655F64 
 2078      65766963 
 2079              	.LASF25:
 2080 01f3 4D6F746F 		.ascii	"MotorController_SetSymbol\000"
 2080      72436F6E 
 2080      74726F6C 
 2080      6C65725F 
 2080      53657453 
 2081              	.LASF36:
 2082 020d 43794465 		.ascii	"CyDelayUs\000"
 2082      6C617955 
 2082      7300
 2083              	.LASF26:
 2084 0217 73796D62 		.ascii	"symbol\000"
 2084      6F6C00
 2085              	.LASF38:
 2086 021e 706F7369 		.ascii	"position\000"
 2086      74696F6E 
 2086      00
 2087              	.LASF20:
 2088 0227 7261696C 		.ascii	"rail_pos\000"
 2088      5F706F73 
 2088      00
 2089              	.LASF5:
 2090 0230 6C6F6E67 		.ascii	"long unsigned int\000"
 2090      20756E73 
 2090      69676E65 
 2090      6420696E 
 2090      7400
 2091              	.LASF8:
 2092 0242 756E7369 		.ascii	"unsigned int\000"
 2092      676E6564 
 2092      20696E74 
 2092      00
 2093              	.LASF51:
 2094 024f 7261696C 		.ascii	"rail_cell_pos\000"
 2094      5F63656C 
 2094      6C5F706F 
 2094      7300
 2095              	.LASF7:
 2096 025d 6C6F6E67 		.ascii	"long long unsigned int\000"
 2096      206C6F6E 
 2096      6720756E 
 2096      7369676E 
 2096      65642069 
 2097              	.LASF10:
 2098 0274 75696E74 		.ascii	"uint8_t\000"
 2098      385F7400 
 2099              	.LASF40:
 2100 027c 73746570 		.ascii	"step\000"
 2100      00
ARM GAS  C:\Users\semen\AppData\Local\Temp\ccvra229.s 			page 43


 2101              	.LASF24:
 2102 0281 6D6F746F 		.ascii	"motor\000"
 2102      7200
 2103              	.LASF22:
 2104 0287 4D6F746F 		.ascii	"MotorController_Init\000"
 2104      72436F6E 
 2104      74726F6C 
 2104      6C65725F 
 2104      496E6974 
 2105              	.LASF12:
 2106 029c 73697A65 		.ascii	"sizetype\000"
 2106      74797065 
 2106      00
 2107              	.LASF39:
 2108 02a5 64696666 		.ascii	"diff\000"
 2108      00
 2109              	.LASF6:
 2110 02aa 6C6F6E67 		.ascii	"long long int\000"
 2110      206C6F6E 
 2110      6720696E 
 2110      7400
 2111              	.LASF19:
 2112 02b8 4D6F746F 		.ascii	"MotorController\000"
 2112      72436F6E 
 2112      74726F6C 
 2112      6C657200 
 2113              	.LASF13:
 2114 02c8 63686172 		.ascii	"char\000"
 2114      00
 2115              	.LASF30:
 2116 02cd 6D6F746F 		.ascii	"motor_dir\000"
 2116      725F6469 
 2116      7200
 2117              	.LASF52:
 2118 02d7 4D6F746F 		.ascii	"Motors\000"
 2118      727300
 2119              	.LASF21:
 2120 02de 63656C6C 		.ascii	"cell_pos\000"
 2120      5F706F73 
 2120      00
 2121              	.LASF45:
 2122 02e7 4D4F544F 		.ascii	"MOTOR_2_STEP_Write\000"
 2122      525F325F 
 2122      53544550 
 2122      5F577269 
 2122      746500
 2123              	.LASF2:
 2124 02fa 73686F72 		.ascii	"short int\000"
 2124      7420696E 
 2124      7400
 2125              	.LASF48:
 2126 0304 696E5F6E 		.ascii	"in_number_mode\000"
 2126      756D6265 
 2126      725F6D6F 
 2126      646500
 2127              	.LASF43:
 2128 0313 63757272 		.ascii	"current\000"
ARM GAS  C:\Users\semen\AppData\Local\Temp\ccvra229.s 			page 44


 2128      656E7400 
 2129              	.LASF34:
 2130 031b 4D4F544F 		.ascii	"MOTOR_1_STEP_Write\000"
 2130      525F315F 
 2130      53544550 
 2130      5F577269 
 2130      746500
 2131              	.LASF29:
 2132 032e 4D6F746F 		.ascii	"MotorController_SetNextSymbol\000"
 2132      72436F6E 
 2132      74726F6C 
 2132      6C65725F 
 2132      5365744E 
 2133              	.LASF4:
 2134 034c 6C6F6E67 		.ascii	"long int\000"
 2134      20696E74 
 2134      00
 2135              	.LASF11:
 2136 0355 6C6F6E67 		.ascii	"long double\000"
 2136      20646F75 
 2136      626C6500 
 2137              	.LASF0:
 2138 0361 7369676E 		.ascii	"signed char\000"
 2138      65642063 
 2138      68617200 
 2139              	.LASF46:
 2140 036d 4D6F746F 		.ascii	"MotorController_PrintText\000"
 2140      72436F6E 
 2140      74726F6C 
 2140      6C65725F 
 2140      5072696E 
 2141              	.LASF32:
 2142 0387 4D4F544F 		.ascii	"MOTOR_1_DIR_Write\000"
 2142      525F315F 
 2142      4449525F 
 2142      57726974 
 2142      6500
 2143              	.LASF49:
 2144 0399 5F426F6F 		.ascii	"_Bool\000"
 2144      6C00
 2145              	.LASF35:
 2146 039f 4D6F746F 		.ascii	"MotorController_SetNextRail\000"
 2146      72436F6E 
 2146      74726F6C 
 2146      6C65725F 
 2146      5365744E 
 2147              		.ident	"GCC: (GNU Tools for ARM Embedded Processors) 5.4.1 20160609 (release) [ARM/embedded-5-bran
